checkpoint_sha=88faffa391026852a4440e5b9a063c08c29624f7 git_HEAD=88faffa391026852a4440e5b9a063c08c29624f7
=== PathMerge Batch-Size Sweep ===
Project : /work/gj17/j17000/m5291091/lab/thesis_bc_project
Runner  : /work/gj17/j17000/m5291091/lab/thesis_bc_project/build_miyabi/run_pathmerge_sweep
Graphs  : snap/roadNet-CA
Batches : 32,64   Trials: 2
Result  : /work/gj17/j17000/m5291091/lab/thesis_bc_project/build_miyabi/t1_ca_confirm
[RUN] /work/gj17/j17000/m5291091/lab/thesis_bc_project/build_miyabi/run_pathmerge_sweep /work/gj17/j17000/m5291091/lab/thesis_bc_project/data/snap/roadNet-CA 32  (trial 1/2)
  -> 3079.716622 sec
[RUN] /work/gj17/j17000/m5291091/lab/thesis_bc_project/build_miyabi/run_pathmerge_sweep /work/gj17/j17000/m5291091/lab/thesis_bc_project/data/snap/roadNet-CA 32  (trial 2/2)
  -> 3060.659395 sec
[RUN] /work/gj17/j17000/m5291091/lab/thesis_bc_project/build_miyabi/run_pathmerge_sweep /work/gj17/j17000/m5291091/lab/thesis_bc_project/data/snap/roadNet-CA 64  (trial 1/2)
  -> 3490.242337 sec
[RUN] /work/gj17/j17000/m5291091/lab/thesis_bc_project/build_miyabi/run_pathmerge_sweep /work/gj17/j17000/m5291091/lab/thesis_bc_project/data/snap/roadNet-CA 64  (trial 2/2)
  -> 3491.644750 sec
=== PathMerge Sweep Complete ===
Config	Graph	Trial	Time_sec	GTEPS
PathMerge_b32	roadNet-CA	1	3079.716622	1.7654
PathMerge_b32	roadNet-CA	2	3060.659395	1.7764
PathMerge_b64	roadNet-CA	1	3490.242337	1.5578
PathMerge_b64	roadNet-CA	2	3491.644750	1.5571
