╔══════════════════════════════════════════════════════════════╗
║  Miyabi-G gpu_opt / gpu_opt_pure_chunked ベンチマーク (medium) ║
╠══════════════════════════════════════════════════════════════╣
║  開始時刻 : 2026-05-11 11:44:13
║  Runner   : /work/gj17/j17000/m5291091/lab/mylab/research/build_miyabi/brandes_runner
║  Data     : /work/gj17/j17000/m5291091/lab/data
║  結果     : /work/gj17/j17000/m5291091/lab/mylab/research/build_miyabi/result_benchmark_medium_gpu_opt_compare_20260511_114413
║  DryRun   : 0
║  Trials   : (Dynamic per graph/method)
║  Timeout  : 18000s
╚══════════════════════════════════════════════════════════════╝

=== [Step 0] ビルド ===
╔══════════════════════════════════════════╗
║  Miyabi-G 統合ビルド (全 BC 実装)        ║
╠══════════════════════════════════════════╣
║  LAB    : /work/gj17/j17000/m5291091/lab
║  BUILD  : /work/gj17/j17000/m5291091/lab/mylab/research/build_miyabi
║  JOBS   : 8
╚══════════════════════════════════════════╝

[Stage 1] cugraph_bc_mini: OK (up-to-date)
[Stage 2] Building brandes_runner...
-- Using cugraph_bc_mini from: /work/gj17/j17000/m5291091/lab/mylab/research/cugraph_bc_mini/build
-- NVTX3 found: /work/opt/local/aarch64/cores/nvidia/25.9/Linux_aarch64/25.9/cuda/13.0/targets/sbsa-linux/include
-- Configuring done (0.2s)
-- Generating done (0.1s)
-- Build files have been written to: /work/gj17/j17000/m5291091/lab/mylab/research/build_miyabi
[  6%] Building CUDA object CMakeFiles/bandwidth_benchmark.dir/tools/bandwidth_benchmark.cu.o
[ 20%] Building CXX object CMakeFiles/brandes_runner.dir/main.cpp.o
[ 20%] Building CXX object CMakeFiles/brandes_runner.dir/Graph.cpp.o
[ 33%] Building CXX object CMakeFiles/brandes_runner.dir/brandes_sequential.cpp.o
[ 33%] Building CXX object CMakeFiles/brandes_runner.dir/brandes_omp.cpp.o
[ 40%] Building CUDA object CMakeFiles/brandes_runner.dir/brandes_gpu.cu.o
[ 53%] Building CUDA object CMakeFiles/brandes_runner.dir/brandes_gpu_opt.cu.o
[ 53%] Building CUDA object CMakeFiles/brandes_runner.dir/brandes_gpu_opt_pure.cu.o
[ 60%] Building CUDA object CMakeFiles/brandes_runner.dir/brandes_gpu_opt_pure_chunked.cu.o
/work/gj17/j17000/m5291091/lab/mylab/research/tools/bandwidth_benchmark.cu(87): warning #177-D: variable "LPDDR5X_PEAK_GBS" was declared but never referenced
  static const double LPDDR5X_PEAK_GBS = 512.0;
                      ^

Remark: The warnings can be suppressed with "-diag-suppress <warning-number>"

[ 66%] Building CUDA object CMakeFiles/brandes_runner.dir/brandes_cugraph.cu.o
[ 73%] Building CUDA object CMakeFiles/brandes_runner.dir/work/gj17/j17000/m5291091/lab/path-merging-bc/src/galliot.cu.o
[ 80%] Linking CUDA executable bandwidth_benchmark
[ 86%] Building CUDA object CMakeFiles/brandes_runner.dir/work/gj17/j17000/m5291091/lab/path-merging-bc/src/kernels.cu.o
[ 86%] Built target bandwidth_benchmark
Linking CXX executable brandes_runner
Built target brandes_runner
[Stage 2] brandes_runner: DONE (/work/gj17/j17000/m5291091/lab/mylab/research/build_miyabi/brandes_runner)

╔══════════════════════════════════════════╗
║  Build Complete!                         ║
╠══════════════════════════════════════════╣
║  Runner : /work/gj17/j17000/m5291091/lab/mylab/research/build_miyabi/brandes_runner
╠══════════════════════════════════════════╣
║  Next: qsub scripts/run_benchmark_full.sh  (PBS) または bash で実行
╚══════════════════════════════════════════╝


==========================================
  手法: gpu_opt
==========================================
  [RUN] gpu_opt × 325557_3216152 [trial 1/5]  (経過: 0h0m)
Running: GPU_Opt on 325557_3216152...
  > [Mem] GPU HBM3: total=102.0 GB, free_before=101.4 GB
  > [Mem] topology(CPU/HBM3)=0.03 GB, dynamic(UM)=10.67 GB, BATCH=512, SUB_BATCH=512, num_subs=1, NS_eff=2
  > [GPU Phase] BFS wall=42.4888 s (cum=83.6868 s), Backward wall=32.5688 s (cum=63.8277 s), Prefetch cum=0.0000 s, SUB_BATCH=512, num_subs=1
  > index : 272817, Maximum Betweenness Centrality ==> 39343001000.11
  > Elapse time [sec.] = 76.963645 
  > GTEPS = 13.6044 (nodes=325557, edges=3216152)
    → 76.963645 sec (GTEPS=13.6044)
  [RUN] gpu_opt × 325557_3216152 [trial 2/5]  (経過: 0h0m)
Running: GPU_Opt on 325557_3216152...
  > [Mem] GPU HBM3: total=102.0 GB, free_before=101.4 GB
  > [Mem] topology(CPU/HBM3)=0.03 GB, dynamic(UM)=10.67 GB, BATCH=512, SUB_BATCH=512, num_subs=1, NS_eff=2
  > [GPU Phase] BFS wall=43.1982 s (cum=83.6360 s), Backward wall=33.4058 s (cum=64.1884 s), Prefetch cum=0.0000 s, SUB_BATCH=512, num_subs=1
  > index : 272817, Maximum Betweenness Centrality ==> 39343001000.11
  > Elapse time [sec.] = 76.925178 
  > GTEPS = 13.6112 (nodes=325557, edges=3216152)
    → 76.925178 sec (GTEPS=13.6112)
  [RUN] gpu_opt × 325557_3216152 [trial 3/5]  (経過: 0h0m)
Running: GPU_Opt on 325557_3216152...
  > [Mem] GPU HBM3: total=102.0 GB, free_before=101.4 GB
  > [Mem] topology(CPU/HBM3)=0.03 GB, dynamic(UM)=10.67 GB, BATCH=512, SUB_BATCH=512, num_subs=1, NS_eff=2
  > [GPU Phase] BFS wall=43.5248 s (cum=83.5620 s), Backward wall=33.7516 s (cum=64.1711 s), Prefetch cum=0.0000 s, SUB_BATCH=512, num_subs=1
  > index : 272817, Maximum Betweenness Centrality ==> 39343001000.11
  > Elapse time [sec.] = 76.974482 
  > GTEPS = 13.6024 (nodes=325557, edges=3216152)
    → 76.974482 sec (GTEPS=13.6024)
  [RUN] gpu_opt × 325557_3216152 [trial 4/5]  (経過: 0h0m)
Running: GPU_Opt on 325557_3216152...
  > [Mem] GPU HBM3: total=102.0 GB, free_before=101.4 GB
  > [Mem] topology(CPU/HBM3)=0.03 GB, dynamic(UM)=10.67 GB, BATCH=512, SUB_BATCH=512, num_subs=1, NS_eff=2
  > [GPU Phase] BFS wall=43.4941 s (cum=83.4487 s), Backward wall=33.5891 s (cum=63.8408 s), Prefetch cum=0.0000 s, SUB_BATCH=512, num_subs=1
  > index : 272817, Maximum Betweenness Centrality ==> 39343001000.11
  > Elapse time [sec.] = 76.722229 
  > GTEPS = 13.6472 (nodes=325557, edges=3216152)
    → 76.722229 sec (GTEPS=13.6472)
  [RUN] gpu_opt × 325557_3216152 [trial 5/5]  (経過: 0h0m)
Running: GPU_Opt on 325557_3216152...
  > [Mem] GPU HBM3: total=102.0 GB, free_before=101.4 GB
  > [Mem] topology(CPU/HBM3)=0.03 GB, dynamic(UM)=10.67 GB, BATCH=512, SUB_BATCH=512, num_subs=1, NS_eff=2
  > [GPU Phase] BFS wall=43.5085 s (cum=83.5888 s), Backward wall=33.4799 s (cum=63.8018 s), Prefetch cum=0.0000 s, SUB_BATCH=512, num_subs=1
  > index : 272817, Maximum Betweenness Centrality ==> 39343001000.11
  > Elapse time [sec.] = 76.751871 
  > GTEPS = 13.6419 (nodes=325557, edges=3216152)
    → 76.751871 sec (GTEPS=13.6419)
  [RUN] gpu_opt × amazon0302 [trial 1/5]  (経過: 0h6m)
Running: GPU_Opt on amazon0302...
  > [Mem] GPU HBM3: total=102.0 GB, free_before=101.4 GB
  > [Mem] topology(CPU/HBM3)=0.01 GB, dynamic(UM)=8.59 GB, BATCH=512, SUB_BATCH=512, num_subs=1, NS_eff=2
  > [GPU Phase] BFS wall=32.7115 s (cum=49.1484 s), Backward wall=31.6258 s (cum=46.8360 s), Prefetch cum=0.0000 s, SUB_BATCH=512, num_subs=1
  > index : 33, Maximum Betweenness Centrality ==> 2980418526.54
  > Elapse time [sec.] = 51.463213 
  > GTEPS = 4.5828 (nodes=262111, edges=899792)
    → 51.463213 sec (GTEPS=4.5828)
  [RUN] gpu_opt × amazon0302 [trial 2/5]  (経過: 0h6m)
Running: GPU_Opt on amazon0302...
  > [Mem] GPU HBM3: total=102.0 GB, free_before=101.4 GB
  > [Mem] topology(CPU/HBM3)=0.01 GB, dynamic(UM)=8.59 GB, BATCH=512, SUB_BATCH=512, num_subs=1, NS_eff=2
  > [GPU Phase] BFS wall=31.8657 s (cum=48.5651 s), Backward wall=31.3321 s (cum=47.4066 s), Prefetch cum=0.0000 s, SUB_BATCH=512, num_subs=1
  > index : 33, Maximum Betweenness Centrality ==> 2980418526.54
  > Elapse time [sec.] = 51.476697 
  > GTEPS = 4.5816 (nodes=262111, edges=899792)
    → 51.476697 sec (GTEPS=4.5816)
  [RUN] gpu_opt × amazon0302 [trial 3/5]  (経過: 0h6m)
Running: GPU_Opt on amazon0302...
  > [Mem] GPU HBM3: total=102.0 GB, free_before=101.4 GB
  > [Mem] topology(CPU/HBM3)=0.01 GB, dynamic(UM)=8.59 GB, BATCH=512, SUB_BATCH=512, num_subs=1, NS_eff=2
  > [GPU Phase] BFS wall=31.3074 s (cum=48.1760 s), Backward wall=31.1357 s (cum=47.7365 s), Prefetch cum=0.0000 s, SUB_BATCH=512, num_subs=1
  > index : 33, Maximum Betweenness Centrality ==> 2980418526.54
  > Elapse time [sec.] = 51.459943 
  > GTEPS = 4.5831 (nodes=262111, edges=899792)
    → 51.459943 sec (GTEPS=4.5831)
  [RUN] gpu_opt × amazon0302 [trial 4/5]  (経過: 0h6m)
Running: GPU_Opt on amazon0302...
  > [Mem] GPU HBM3: total=102.0 GB, free_before=101.4 GB
  > [Mem] topology(CPU/HBM3)=0.01 GB, dynamic(UM)=8.59 GB, BATCH=512, SUB_BATCH=512, num_subs=1, NS_eff=2
  > [GPU Phase] BFS wall=32.6483 s (cum=49.1109 s), Backward wall=31.5770 s (cum=46.8420 s), Prefetch cum=0.0000 s, SUB_BATCH=512, num_subs=1
  > index : 33, Maximum Betweenness Centrality ==> 2980418526.54
  > Elapse time [sec.] = 51.474570 
  > GTEPS = 4.5818 (nodes=262111, edges=899792)
    → 51.474570 sec (GTEPS=4.5818)
  [RUN] gpu_opt × amazon0302 [trial 5/5]  (経過: 0h6m)
Running: GPU_Opt on amazon0302...
  > [Mem] GPU HBM3: total=102.0 GB, free_before=101.4 GB
  > [Mem] topology(CPU/HBM3)=0.01 GB, dynamic(UM)=8.59 GB, BATCH=512, SUB_BATCH=512, num_subs=1, NS_eff=2
  > [GPU Phase] BFS wall=32.6865 s (cum=49.1203 s), Backward wall=31.6055 s (cum=46.8186 s), Prefetch cum=0.0000 s, SUB_BATCH=512, num_subs=1
  > index : 33, Maximum Betweenness Centrality ==> 2980418526.54
  > Elapse time [sec.] = 51.423441 
  > GTEPS = 4.5863 (nodes=262111, edges=899792)
    → 51.423441 sec (GTEPS=4.5863)
  [RUN] gpu_opt × email-EuAll [trial 1/5]  (経過: 0h10m)
Running: GPU_Opt on email-EuAll...
  > [Mem] GPU HBM3: total=102.0 GB, free_before=101.4 GB
  > [Mem] topology(CPU/HBM3)=0.00 GB, dynamic(UM)=8.70 GB, BATCH=512, SUB_BATCH=512, num_subs=1, NS_eff=2
  > [GPU Phase] BFS wall=164.1880 s (cum=327.9072 s), Backward wall=20.0659 s (cum=39.9611 s), Prefetch cum=0.0000 s, SUB_BATCH=512, num_subs=1
  > index : 10, Maximum Betweenness Centrality ==> 2384894520.80
  > Elapse time [sec.] = 191.065340 
  > GTEPS = 0.5055 (nodes=265009, edges=364481)
    → 191.065340 sec (GTEPS=0.5055)
  [RUN] gpu_opt × email-EuAll [trial 2/5]  (経過: 0h10m)
Running: GPU_Opt on email-EuAll...
  > [Mem] GPU HBM3: total=102.0 GB, free_before=101.4 GB
  > [Mem] topology(CPU/HBM3)=0.00 GB, dynamic(UM)=8.70 GB, BATCH=512, SUB_BATCH=512, num_subs=1, NS_eff=2
  > [GPU Phase] BFS wall=163.7157 s (cum=326.8201 s), Backward wall=20.1162 s (cum=40.1007 s), Prefetch cum=0.0000 s, SUB_BATCH=512, num_subs=1
  > index : 10, Maximum Betweenness Centrality ==> 2384894520.80
  > Elapse time [sec.] = 190.876241 
  > GTEPS = 0.5060 (nodes=265009, edges=364481)
    → 190.876241 sec (GTEPS=0.5060)
  [RUN] gpu_opt × email-EuAll [trial 3/5]  (経過: 0h10m)
Running: GPU_Opt on email-EuAll...
  > [Mem] GPU HBM3: total=102.0 GB, free_before=101.4 GB
  > [Mem] topology(CPU/HBM3)=0.00 GB, dynamic(UM)=8.70 GB, BATCH=512, SUB_BATCH=512, num_subs=1, NS_eff=2
  > [GPU Phase] BFS wall=163.7288 s (cum=327.1486 s), Backward wall=20.1213 s (cum=39.9755 s), Prefetch cum=0.0000 s, SUB_BATCH=512, num_subs=1
  > index : 10, Maximum Betweenness Centrality ==> 2384894520.80
  > Elapse time [sec.] = 190.933859 
  > GTEPS = 0.5059 (nodes=265009, edges=364481)
    → 190.933859 sec (GTEPS=0.5059)
  [RUN] gpu_opt × email-EuAll [trial 4/5]  (経過: 0h10m)
Running: GPU_Opt on email-EuAll...
  > [Mem] GPU HBM3: total=102.0 GB, free_before=101.4 GB
  > [Mem] topology(CPU/HBM3)=0.00 GB, dynamic(UM)=8.70 GB, BATCH=512, SUB_BATCH=512, num_subs=1, NS_eff=2
  > [GPU Phase] BFS wall=163.9035 s (cum=327.4587 s), Backward wall=20.2120 s (cum=40.1449 s), Prefetch cum=0.0000 s, SUB_BATCH=512, num_subs=1
  > index : 10, Maximum Betweenness Centrality ==> 2384894520.80
  > Elapse time [sec.] = 191.126728 
  > GTEPS = 0.5054 (nodes=265009, edges=364481)
    → 191.126728 sec (GTEPS=0.5054)
  [RUN] gpu_opt × email-EuAll [trial 5/5]  (経過: 0h10m)
Running: GPU_Opt on email-EuAll...
  > [Mem] GPU HBM3: total=102.0 GB, free_before=101.4 GB
  > [Mem] topology(CPU/HBM3)=0.00 GB, dynamic(UM)=8.70 GB, BATCH=512, SUB_BATCH=512, num_subs=1, NS_eff=2
  > [GPU Phase] BFS wall=164.1139 s (cum=327.6395 s), Backward wall=20.0747 s (cum=40.0155 s), Prefetch cum=0.0000 s, SUB_BATCH=512, num_subs=1
  > index : 10, Maximum Betweenness Centrality ==> 2384894520.80
  > Elapse time [sec.] = 191.083645 
  > GTEPS = 0.5055 (nodes=265009, edges=364481)
    → 191.083645 sec (GTEPS=0.5055)
  [RUN] gpu_opt × web-NotreDame [trial 1/5]  (経過: 0h26m)
Running: GPU_Opt on web-NotreDame...
  > [Mem] GPU HBM3: total=102.0 GB, free_before=101.4 GB
  > [Mem] topology(CPU/HBM3)=0.01 GB, dynamic(UM)=10.67 GB, BATCH=512, SUB_BATCH=512, num_subs=1, NS_eff=2
  > [GPU Phase] BFS wall=15.2582 s (cum=30.3991 s), Backward wall=23.4346 s (cum=46.7726 s), Prefetch cum=0.0000 s, SUB_BATCH=512, num_subs=1
  > index : 0, Maximum Betweenness Centrality ==> 24747250456.69
  > Elapse time [sec.] = 40.904139 
  > GTEPS = 8.6808 (nodes=325729, edges=1090108)
    → 40.904139 sec (GTEPS=8.6808)
  [RUN] gpu_opt × web-NotreDame [trial 2/5]  (経過: 0h26m)
Running: GPU_Opt on web-NotreDame...
  > [Mem] GPU HBM3: total=102.0 GB, free_before=101.4 GB
  > [Mem] topology(CPU/HBM3)=0.01 GB, dynamic(UM)=10.67 GB, BATCH=512, SUB_BATCH=512, num_subs=1, NS_eff=2
  > [GPU Phase] BFS wall=15.1665 s (cum=29.8302 s), Backward wall=23.9651 s (cum=47.4194 s), Prefetch cum=0.0000 s, SUB_BATCH=512, num_subs=1
  > index : 0, Maximum Betweenness Centrality ==> 24747250456.69
  > Elapse time [sec.] = 40.948968 
  > GTEPS = 8.6713 (nodes=325729, edges=1090108)
    → 40.948968 sec (GTEPS=8.6713)
  [RUN] gpu_opt × web-NotreDame [trial 3/5]  (経過: 0h26m)
Running: GPU_Opt on web-NotreDame...
  > [Mem] GPU HBM3: total=102.0 GB, free_before=101.4 GB
  > [Mem] topology(CPU/HBM3)=0.01 GB, dynamic(UM)=10.67 GB, BATCH=512, SUB_BATCH=512, num_subs=1, NS_eff=2
  > [GPU Phase] BFS wall=15.3995 s (cum=30.2825 s), Backward wall=23.7128 s (cum=46.8885 s), Prefetch cum=0.0000 s, SUB_BATCH=512, num_subs=1
  > index : 0, Maximum Betweenness Centrality ==> 24747250456.69
  > Elapse time [sec.] = 40.916379 
  > GTEPS = 8.6782 (nodes=325729, edges=1090108)
    → 40.916379 sec (GTEPS=8.6782)
  [RUN] gpu_opt × web-NotreDame [trial 4/5]  (経過: 0h26m)
Running: GPU_Opt on web-NotreDame...
  > [Mem] GPU HBM3: total=102.0 GB, free_before=101.4 GB
  > [Mem] topology(CPU/HBM3)=0.01 GB, dynamic(UM)=10.67 GB, BATCH=512, SUB_BATCH=512, num_subs=1, NS_eff=2
  > [GPU Phase] BFS wall=15.4668 s (cum=30.2526 s), Backward wall=23.8059 s (cum=46.9280 s), Prefetch cum=0.0000 s, SUB_BATCH=512, num_subs=1
  > index : 0, Maximum Betweenness Centrality ==> 24747250456.69
  > Elapse time [sec.] = 40.923312 
  > GTEPS = 8.6767 (nodes=325729, edges=1090108)
    → 40.923312 sec (GTEPS=8.6767)
  [RUN] gpu_opt × web-NotreDame [trial 5/5]  (経過: 0h26m)
Running: GPU_Opt on web-NotreDame...
  > [Mem] GPU HBM3: total=102.0 GB, free_before=101.4 GB
  > [Mem] topology(CPU/HBM3)=0.01 GB, dynamic(UM)=10.67 GB, BATCH=512, SUB_BATCH=512, num_subs=1, NS_eff=2
  > [GPU Phase] BFS wall=15.2368 s (cum=30.0848 s), Backward wall=23.7676 s (cum=47.1552 s), Prefetch cum=0.0000 s, SUB_BATCH=512, num_subs=1
  > index : 0, Maximum Betweenness Centrality ==> 24747250456.69
  > Elapse time [sec.] = 40.940561 
  > GTEPS = 8.6731 (nodes=325729, edges=1090108)
    → 40.940561 sec (GTEPS=8.6731)
  [RUN] gpu_opt × amazon0505 [trial 1/5]  (経過: 0h40m)
Running: GPU_Opt on amazon0505...
  > [Mem] GPU HBM3: total=102.0 GB, free_before=101.4 GB
  > [Mem] topology(CPU/HBM3)=0.02 GB, dynamic(UM)=13.44 GB, BATCH=512, SUB_BATCH=512, num_subs=1, NS_eff=2
  > [GPU Phase] BFS wall=56.0917 s (cum=112.0587 s), Backward wall=105.5641 s (cum=211.1132 s), Prefetch cum=0.0000 s, SUB_BATCH=512, num_subs=1
  > index : 593, Maximum Betweenness Centrality ==> 16615753058.97
  > Elapse time [sec.] = 168.290287 
  > GTEPS = 5.9465 (nodes=410236, edges=2439437)
    → 168.290287 sec (GTEPS=5.9465)
  [RUN] gpu_opt × amazon0505 [trial 2/5]  (経過: 0h40m)
Running: GPU_Opt on amazon0505...
  > [Mem] GPU HBM3: total=102.0 GB, free_before=101.4 GB
  > [Mem] topology(CPU/HBM3)=0.02 GB, dynamic(UM)=13.44 GB, BATCH=512, SUB_BATCH=512, num_subs=1, NS_eff=2
  > [GPU Phase] BFS wall=55.8416 s (cum=111.4384 s), Backward wall=105.8940 s (cum=211.6860 s), Prefetch cum=0.0000 s, SUB_BATCH=512, num_subs=1
  > index : 593, Maximum Betweenness Centrality ==> 16615753058.97
  > Elapse time [sec.] = 168.312460 
  > GTEPS = 5.9458 (nodes=410236, edges=2439437)
    → 168.312460 sec (GTEPS=5.9458)
  [RUN] gpu_opt × amazon0505 [trial 3/5]  (経過: 0h40m)
Running: GPU_Opt on amazon0505...
  > [Mem] GPU HBM3: total=102.0 GB, free_before=101.4 GB
  > [Mem] topology(CPU/HBM3)=0.02 GB, dynamic(UM)=13.44 GB, BATCH=512, SUB_BATCH=512, num_subs=1, NS_eff=2
  > [GPU Phase] BFS wall=56.1340 s (cum=112.1987 s), Backward wall=105.5614 s (cum=210.9467 s), Prefetch cum=0.0000 s, SUB_BATCH=512, num_subs=1
  > index : 593, Maximum Betweenness Centrality ==> 16615753058.97
  > Elapse time [sec.] = 168.289561 
  > GTEPS = 5.9466 (nodes=410236, edges=2439437)
    → 168.289561 sec (GTEPS=5.9466)
  [RUN] gpu_opt × amazon0505 [trial 4/5]  (経過: 0h40m)
Running: GPU_Opt on amazon0505...
  > [Mem] GPU HBM3: total=102.0 GB, free_before=101.4 GB
  > [Mem] topology(CPU/HBM3)=0.02 GB, dynamic(UM)=13.44 GB, BATCH=512, SUB_BATCH=512, num_subs=1, NS_eff=2
  > [GPU Phase] BFS wall=55.7545 s (cum=111.0919 s), Backward wall=106.1564 s (cum=211.9815 s), Prefetch cum=0.0000 s, SUB_BATCH=512, num_subs=1
  > index : 593, Maximum Betweenness Centrality ==> 16615753058.97
  > Elapse time [sec.] = 168.251965 
  > GTEPS = 5.9479 (nodes=410236, edges=2439437)
    → 168.251965 sec (GTEPS=5.9479)
  [RUN] gpu_opt × amazon0505 [trial 5/5]  (経過: 0h40m)
Running: GPU_Opt on amazon0505...
  > [Mem] GPU HBM3: total=102.0 GB, free_before=101.4 GB
  > [Mem] topology(CPU/HBM3)=0.02 GB, dynamic(UM)=13.44 GB, BATCH=512, SUB_BATCH=512, num_subs=1, NS_eff=2
  > [GPU Phase] BFS wall=56.4329 s (cum=112.4465 s), Backward wall=105.5319 s (cum=210.7820 s), Prefetch cum=0.0000 s, SUB_BATCH=512, num_subs=1
  > index : 593, Maximum Betweenness Centrality ==> 16615753058.97
  > Elapse time [sec.] = 168.355972 
  > GTEPS = 5.9442 (nodes=410236, edges=2439437)
    → 168.355972 sec (GTEPS=5.9442)
  [RUN] gpu_opt × web-Google [trial 1/5]  (経過: 0h54m)
Running: GPU_Opt on web-Google...
  > [Mem] GPU HBM3: total=102.0 GB, free_before=101.4 GB
  > [Mem] topology(CPU/HBM3)=0.04 GB, dynamic(UM)=28.70 GB, BATCH=512, SUB_BATCH=512, num_subs=1, NS_eff=2
  > [GPU Phase] BFS wall=364.0634 s (cum=694.4796 s), Backward wall=502.9124 s (cum=971.4332 s), Prefetch cum=0.0000 s, SUB_BATCH=512, num_subs=1
  > index : 568909, Maximum Betweenness Centrality ==> 23206521340.60
  > Elapse time [sec.] = 875.186292 
  > GTEPS = 4.3247 (nodes=875713, edges=4322051)
    → 875.186292 sec (GTEPS=4.3247)
  [RUN] gpu_opt × web-Google [trial 2/5]  (経過: 0h54m)
Running: GPU_Opt on web-Google...
  > [Mem] GPU HBM3: total=102.0 GB, free_before=101.4 GB
  > [Mem] topology(CPU/HBM3)=0.04 GB, dynamic(UM)=28.70 GB, BATCH=512, SUB_BATCH=512, num_subs=1, NS_eff=2
  > [GPU Phase] BFS wall=364.6736 s (cum=695.1873 s), Backward wall=502.8727 s (cum=970.8176 s), Prefetch cum=0.0000 s, SUB_BATCH=512, num_subs=1
  > index : 568909, Maximum Betweenness Centrality ==> 23206521340.60
  > Elapse time [sec.] = 875.213674 
  > GTEPS = 4.3245 (nodes=875713, edges=4322051)
    → 875.213674 sec (GTEPS=4.3245)
  [RUN] gpu_opt × web-Google [trial 3/5]  (経過: 0h54m)
Running: GPU_Opt on web-Google...
  > [Mem] GPU HBM3: total=102.0 GB, free_before=101.4 GB
  > [Mem] topology(CPU/HBM3)=0.04 GB, dynamic(UM)=28.70 GB, BATCH=512, SUB_BATCH=512, num_subs=1, NS_eff=2
  > [GPU Phase] BFS wall=367.5368 s (cum=693.3342 s), Backward wall=507.3858 s (cum=972.2427 s), Prefetch cum=0.0000 s, SUB_BATCH=512, num_subs=1
  > index : 568909, Maximum Betweenness Centrality ==> 23206521340.60
  > Elapse time [sec.] = 874.916235 
  > GTEPS = 4.3260 (nodes=875713, edges=4322051)
    → 874.916235 sec (GTEPS=4.3260)
  [RUN] gpu_opt × web-Google [trial 4/5]  (経過: 0h54m)
Running: GPU_Opt on web-Google...
  > [Mem] GPU HBM3: total=102.0 GB, free_before=101.4 GB
  > [Mem] topology(CPU/HBM3)=0.04 GB, dynamic(UM)=28.70 GB, BATCH=512, SUB_BATCH=512, num_subs=1, NS_eff=2
  > [GPU Phase] BFS wall=348.6020 s (cum=693.3085 s), Backward wall=487.9281 s (cum=972.0209 s), Prefetch cum=0.0000 s, SUB_BATCH=512, num_subs=1
  > index : 568909, Maximum Betweenness Centrality ==> 23206521340.60
  > Elapse time [sec.] = 874.827038 
  > GTEPS = 4.3264 (nodes=875713, edges=4322051)
    → 874.827038 sec (GTEPS=4.3264)
  [RUN] gpu_opt × web-Google [trial 5/5]  (経過: 0h54m)
Running: GPU_Opt on web-Google...
  > [Mem] GPU HBM3: total=102.0 GB, free_before=101.4 GB
  > [Mem] topology(CPU/HBM3)=0.04 GB, dynamic(UM)=28.70 GB, BATCH=512, SUB_BATCH=512, num_subs=1, NS_eff=2
  > [GPU Phase] BFS wall=360.1858 s (cum=693.4447 s), Backward wall=499.6573 s (cum=971.9980 s), Prefetch cum=0.0000 s, SUB_BATCH=512, num_subs=1
  > index : 568909, Maximum Betweenness Centrality ==> 23206521340.60
  > Elapse time [sec.] = 874.759699 
  > GTEPS = 4.3268 (nodes=875713, edges=4322051)
    → 874.759699 sec (GTEPS=4.3268)

==========================================
  手法: gpu_opt_pure_chunked
==========================================
  [RUN] gpu_opt_pure_chunked × 325557_3216152 [trial 1/5]  (経過: 2h7m)
Running: GPU_Opt_Pure_Chunked on 325557_3216152...
  > [Mem] GPU: total=102.0 GB, free_before=101.4 GB
  > [Mem] topology(GPU)=0.03 GB, dynamic(SUB_BATCH alloc)=10.67 GB, BATCH=512, SUB_BATCH=512, num_subs=1, NS_eff=2
  > [GPU Phase] BFS wall=44.3983 s (cum=85.1596 s), Backward wall=33.8228 s (cum=64.3105 s), SUB_BATCH=512, num_subs=1
  > index : 272817, Maximum Betweenness Centrality ==> 39343001000.11
  > Elapse time [sec.] = 77.902555 
  > GTEPS = 13.4404 (nodes=325557, edges=3216152)
    → 77.902555 sec (GTEPS=13.4404)
  [RUN] gpu_opt_pure_chunked × 325557_3216152 [trial 2/5]  (経過: 2h7m)
Running: GPU_Opt_Pure_Chunked on 325557_3216152...
  > [Mem] GPU: total=102.0 GB, free_before=101.4 GB
  > [Mem] topology(GPU)=0.03 GB, dynamic(SUB_BATCH alloc)=10.67 GB, BATCH=512, SUB_BATCH=512, num_subs=1, NS_eff=2
  > [GPU Phase] BFS wall=44.5358 s (cum=84.9960 s), Backward wall=34.1090 s (cum=64.3151 s), SUB_BATCH=512, num_subs=1
  > index : 272817, Maximum Betweenness Centrality ==> 39343001000.11
  > Elapse time [sec.] = 77.683952 
  > GTEPS = 13.4782 (nodes=325557, edges=3216152)
    → 77.683952 sec (GTEPS=13.4782)
  [RUN] gpu_opt_pure_chunked × 325557_3216152 [trial 3/5]  (経過: 2h7m)
Running: GPU_Opt_Pure_Chunked on 325557_3216152...
  > [Mem] GPU: total=102.0 GB, free_before=101.4 GB
  > [Mem] topology(GPU)=0.03 GB, dynamic(SUB_BATCH alloc)=10.67 GB, BATCH=512, SUB_BATCH=512, num_subs=1, NS_eff=2
  > [GPU Phase] BFS wall=43.5608 s (cum=85.3551 s), Backward wall=33.0207 s (cum=64.4317 s), SUB_BATCH=512, num_subs=1
  > index : 272817, Maximum Betweenness Centrality ==> 39343001000.11
  > Elapse time [sec.] = 77.948891 
  > GTEPS = 13.4324 (nodes=325557, edges=3216152)
    → 77.948891 sec (GTEPS=13.4324)
  [RUN] gpu_opt_pure_chunked × 325557_3216152 [trial 4/5]  (経過: 2h7m)
Running: GPU_Opt_Pure_Chunked on 325557_3216152...
  > [Mem] GPU: total=102.0 GB, free_before=101.4 GB
  > [Mem] topology(GPU)=0.03 GB, dynamic(SUB_BATCH alloc)=10.67 GB, BATCH=512, SUB_BATCH=512, num_subs=1, NS_eff=2
  > [GPU Phase] BFS wall=44.8005 s (cum=85.5856 s), Backward wall=33.9886 s (cum=64.0469 s), SUB_BATCH=512, num_subs=1
  > index : 272817, Maximum Betweenness Centrality ==> 39343001000.11
  > Elapse time [sec.] = 77.722573 
  > GTEPS = 13.4715 (nodes=325557, edges=3216152)
    → 77.722573 sec (GTEPS=13.4715)
  [RUN] gpu_opt_pure_chunked × 325557_3216152 [trial 5/5]  (経過: 2h7m)
Running: GPU_Opt_Pure_Chunked on 325557_3216152...
  > [Mem] GPU: total=102.0 GB, free_before=101.4 GB
  > [Mem] topology(GPU)=0.03 GB, dynamic(SUB_BATCH alloc)=10.67 GB, BATCH=512, SUB_BATCH=512, num_subs=1, NS_eff=2
  > [GPU Phase] BFS wall=44.6884 s (cum=85.5482 s), Backward wall=33.9720 s (cum=64.4850 s), SUB_BATCH=512, num_subs=1
  > index : 272817, Maximum Betweenness Centrality ==> 39343001000.11
  > Elapse time [sec.] = 78.091920 
  > GTEPS = 13.4078 (nodes=325557, edges=3216152)
    → 78.091920 sec (GTEPS=13.4078)
  [RUN] gpu_opt_pure_chunked × amazon0302 [trial 1/5]  (経過: 2h14m)
Running: GPU_Opt_Pure_Chunked on amazon0302...
  > [Mem] GPU: total=102.0 GB, free_before=101.4 GB
  > [Mem] topology(GPU)=0.01 GB, dynamic(SUB_BATCH alloc)=8.59 GB, BATCH=512, SUB_BATCH=512, num_subs=1, NS_eff=2
  > [GPU Phase] BFS wall=33.9595 s (cum=51.5885 s), Backward wall=31.2285 s (cum=45.9081 s), SUB_BATCH=512, num_subs=1
  > index : 33, Maximum Betweenness Centrality ==> 2980418526.54
  > Elapse time [sec.] = 52.215357 
  > GTEPS = 4.5168 (nodes=262111, edges=899792)
    → 52.215357 sec (GTEPS=4.5168)
  [RUN] gpu_opt_pure_chunked × amazon0302 [trial 2/5]  (経過: 2h14m)
Running: GPU_Opt_Pure_Chunked on amazon0302...
  > [Mem] GPU: total=102.0 GB, free_before=101.4 GB
  > [Mem] topology(GPU)=0.01 GB, dynamic(SUB_BATCH alloc)=8.59 GB, BATCH=512, SUB_BATCH=512, num_subs=1, NS_eff=2
  > [GPU Phase] BFS wall=33.9132 s (cum=51.5747 s), Backward wall=31.1754 s (cum=45.8820 s), SUB_BATCH=512, num_subs=1
  > index : 33, Maximum Betweenness Centrality ==> 2980418526.54
  > Elapse time [sec.] = 52.197412 
  > GTEPS = 4.5183 (nodes=262111, edges=899792)
    → 52.197412 sec (GTEPS=4.5183)
  [RUN] gpu_opt_pure_chunked × amazon0302 [trial 3/5]  (経過: 2h14m)
Running: GPU_Opt_Pure_Chunked on amazon0302...
  > [Mem] GPU: total=102.0 GB, free_before=101.4 GB
  > [Mem] topology(GPU)=0.01 GB, dynamic(SUB_BATCH alloc)=8.59 GB, BATCH=512, SUB_BATCH=512, num_subs=1, NS_eff=2
  > [GPU Phase] BFS wall=33.9567 s (cum=51.6024 s), Backward wall=31.2201 s (cum=45.9024 s), SUB_BATCH=512, num_subs=1
  > index : 33, Maximum Betweenness Centrality ==> 2980418526.54
  > Elapse time [sec.] = 52.224833 
  > GTEPS = 4.5160 (nodes=262111, edges=899792)
    → 52.224833 sec (GTEPS=4.5160)
  [RUN] gpu_opt_pure_chunked × amazon0302 [trial 4/5]  (経過: 2h14m)
Running: GPU_Opt_Pure_Chunked on amazon0302...
  > [Mem] GPU: total=102.0 GB, free_before=101.4 GB
  > [Mem] topology(GPU)=0.01 GB, dynamic(SUB_BATCH alloc)=8.59 GB, BATCH=512, SUB_BATCH=512, num_subs=1, NS_eff=2
  > [GPU Phase] BFS wall=33.8827 s (cum=51.5656 s), Backward wall=31.1331 s (cum=45.8469 s), SUB_BATCH=512, num_subs=1
  > index : 33, Maximum Betweenness Centrality ==> 2980418526.54
  > Elapse time [sec.] = 52.248669 
  > GTEPS = 4.5139 (nodes=262111, edges=899792)
    → 52.248669 sec (GTEPS=4.5139)
  [RUN] gpu_opt_pure_chunked × amazon0302 [trial 5/5]  (経過: 2h14m)
Running: GPU_Opt_Pure_Chunked on amazon0302...
  > [Mem] GPU: total=102.0 GB, free_before=101.4 GB
  > [Mem] topology(GPU)=0.01 GB, dynamic(SUB_BATCH alloc)=8.59 GB, BATCH=512, SUB_BATCH=512, num_subs=1, NS_eff=2
  > [GPU Phase] BFS wall=33.9182 s (cum=51.5842 s), Backward wall=31.1750 s (cum=45.8755 s), SUB_BATCH=512, num_subs=1
  > index : 33, Maximum Betweenness Centrality ==> 2980418526.54
  > Elapse time [sec.] = 52.215730 
  > GTEPS = 4.5167 (nodes=262111, edges=899792)
    → 52.215730 sec (GTEPS=4.5167)
  [RUN] gpu_opt_pure_chunked × email-EuAll [trial 1/5]  (経過: 2h18m)
Running: GPU_Opt_Pure_Chunked on email-EuAll...
  > [Mem] GPU: total=102.0 GB, free_before=101.4 GB
  > [Mem] topology(GPU)=0.00 GB, dynamic(SUB_BATCH alloc)=8.70 GB, BATCH=512, SUB_BATCH=512, num_subs=1, NS_eff=2
  > [GPU Phase] BFS wall=164.2312 s (cum=327.7723 s), Backward wall=20.0153 s (cum=39.9114 s), SUB_BATCH=512, num_subs=1
  > index : 10, Maximum Betweenness Centrality ==> 2384894520.80
  > Elapse time [sec.] = 190.968928 
  > GTEPS = 0.5058 (nodes=265009, edges=364481)
    → 190.968928 sec (GTEPS=0.5058)
  [RUN] gpu_opt_pure_chunked × email-EuAll [trial 2/5]  (経過: 2h18m)
Running: GPU_Opt_Pure_Chunked on email-EuAll...
  > [Mem] GPU: total=102.0 GB, free_before=101.4 GB
  > [Mem] topology(GPU)=0.00 GB, dynamic(SUB_BATCH alloc)=8.70 GB, BATCH=512, SUB_BATCH=512, num_subs=1, NS_eff=2
  > [GPU Phase] BFS wall=163.9626 s (cum=327.0927 s), Backward wall=20.0542 s (cum=40.0326 s), SUB_BATCH=512, num_subs=1
  > index : 10, Maximum Betweenness Centrality ==> 2384894520.80
  > Elapse time [sec.] = 190.896019 
  > GTEPS = 0.5060 (nodes=265009, edges=364481)
    → 190.896019 sec (GTEPS=0.5060)
  [RUN] gpu_opt_pure_chunked × email-EuAll [trial 3/5]  (経過: 2h18m)
Running: GPU_Opt_Pure_Chunked on email-EuAll...
  > [Mem] GPU: total=102.0 GB, free_before=101.4 GB
  > [Mem] topology(GPU)=0.00 GB, dynamic(SUB_BATCH alloc)=8.70 GB, BATCH=512, SUB_BATCH=512, num_subs=1, NS_eff=2
  > [GPU Phase] BFS wall=164.0639 s (cum=327.3339 s), Backward wall=20.0168 s (cum=39.9866 s), SUB_BATCH=512, num_subs=1
  > index : 10, Maximum Betweenness Centrality ==> 2384894520.80
  > Elapse time [sec.] = 190.919519 
  > GTEPS = 0.5059 (nodes=265009, edges=364481)
    → 190.919519 sec (GTEPS=0.5059)
  [RUN] gpu_opt_pure_chunked × email-EuAll [trial 4/5]  (経過: 2h18m)
Running: GPU_Opt_Pure_Chunked on email-EuAll...
  > [Mem] GPU: total=102.0 GB, free_before=101.4 GB
  > [Mem] topology(GPU)=0.00 GB, dynamic(SUB_BATCH alloc)=8.70 GB, BATCH=512, SUB_BATCH=512, num_subs=1, NS_eff=2
  > [GPU Phase] BFS wall=164.0205 s (cum=327.2954 s), Backward wall=20.0395 s (cum=39.9633 s), SUB_BATCH=512, num_subs=1
  > index : 10, Maximum Betweenness Centrality ==> 2384894520.80
  > Elapse time [sec.] = 191.065483 
  > GTEPS = 0.5055 (nodes=265009, edges=364481)
    → 191.065483 sec (GTEPS=0.5055)
  [RUN] gpu_opt_pure_chunked × email-EuAll [trial 5/5]  (経過: 2h18m)
Running: GPU_Opt_Pure_Chunked on email-EuAll...
  > [Mem] GPU: total=102.0 GB, free_before=101.4 GB
  > [Mem] topology(GPU)=0.00 GB, dynamic(SUB_BATCH alloc)=8.70 GB, BATCH=512, SUB_BATCH=512, num_subs=1, NS_eff=2
  > [GPU Phase] BFS wall=163.9496 s (cum=327.0861 s), Backward wall=20.0839 s (cum=40.0516 s), SUB_BATCH=512, num_subs=1
  > index : 10, Maximum Betweenness Centrality ==> 2384894520.80
  > Elapse time [sec.] = 190.932708 
  > GTEPS = 0.5059 (nodes=265009, edges=364481)
    → 190.932708 sec (GTEPS=0.5059)
  [RUN] gpu_opt_pure_chunked × web-NotreDame [trial 1/5]  (経過: 2h34m)
Running: GPU_Opt_Pure_Chunked on web-NotreDame...
  > [Mem] GPU: total=102.0 GB, free_before=101.4 GB
  > [Mem] topology(GPU)=0.01 GB, dynamic(SUB_BATCH alloc)=10.67 GB, BATCH=512, SUB_BATCH=512, num_subs=1, NS_eff=2
  > [GPU Phase] BFS wall=15.4901 s (cum=30.2038 s), Backward wall=24.2074 s (cum=47.6442 s), SUB_BATCH=512, num_subs=1
  > index : 0, Maximum Betweenness Centrality ==> 24747250456.69
  > Elapse time [sec.] = 41.203042 
  > GTEPS = 8.6178 (nodes=325729, edges=1090108)
    → 41.203042 sec (GTEPS=8.6178)
  [RUN] gpu_opt_pure_chunked × web-NotreDame [trial 2/5]  (経過: 2h34m)
Running: GPU_Opt_Pure_Chunked on web-NotreDame...
  > [Mem] GPU: total=102.0 GB, free_before=101.4 GB
  > [Mem] topology(GPU)=0.01 GB, dynamic(SUB_BATCH alloc)=10.67 GB, BATCH=512, SUB_BATCH=512, num_subs=1, NS_eff=2
  > [GPU Phase] BFS wall=15.1794 s (cum=29.9465 s), Backward wall=24.1508 s (cum=47.8870 s), SUB_BATCH=512, num_subs=1
  > index : 0, Maximum Betweenness Centrality ==> 24747250456.69
  > Elapse time [sec.] = 41.201707 
  > GTEPS = 8.6181 (nodes=325729, edges=1090108)
    → 41.201707 sec (GTEPS=8.6181)
  [RUN] gpu_opt_pure_chunked × web-NotreDame [trial 3/5]  (経過: 2h34m)
Running: GPU_Opt_Pure_Chunked on web-NotreDame...
  > [Mem] GPU: total=102.0 GB, free_before=101.4 GB
  > [Mem] topology(GPU)=0.01 GB, dynamic(SUB_BATCH alloc)=10.67 GB, BATCH=512, SUB_BATCH=512, num_subs=1, NS_eff=2
  > [GPU Phase] BFS wall=15.4437 s (cum=30.3200 s), Backward wall=24.0270 s (cum=47.4832 s), SUB_BATCH=512, num_subs=1
  > index : 0, Maximum Betweenness Centrality ==> 24747250456.69
  > Elapse time [sec.] = 41.190146 
  > GTEPS = 8.6205 (nodes=325729, edges=1090108)
    → 41.190146 sec (GTEPS=8.6205)
  [RUN] gpu_opt_pure_chunked × web-NotreDame [trial 4/5]  (経過: 2h34m)
Running: GPU_Opt_Pure_Chunked on web-NotreDame...
  > [Mem] GPU: total=102.0 GB, free_before=101.4 GB
  > [Mem] topology(GPU)=0.01 GB, dynamic(SUB_BATCH alloc)=10.67 GB, BATCH=512, SUB_BATCH=512, num_subs=1, NS_eff=2
  > [GPU Phase] BFS wall=15.0513 s (cum=30.0785 s), Backward wall=23.9171 s (cum=47.8166 s), SUB_BATCH=512, num_subs=1
  > index : 0, Maximum Betweenness Centrality ==> 24747250456.69
  > Elapse time [sec.] = 41.306239 
  > GTEPS = 8.5963 (nodes=325729, edges=1090108)
    → 41.306239 sec (GTEPS=8.5963)
  [RUN] gpu_opt_pure_chunked × web-NotreDame [trial 5/5]  (経過: 2h34m)
Running: GPU_Opt_Pure_Chunked on web-NotreDame...
  > [Mem] GPU: total=102.0 GB, free_before=101.4 GB
  > [Mem] topology(GPU)=0.01 GB, dynamic(SUB_BATCH alloc)=10.67 GB, BATCH=512, SUB_BATCH=512, num_subs=1, NS_eff=2
  > [GPU Phase] BFS wall=15.2707 s (cum=29.4671 s), Backward wall=24.7606 s (cum=48.4360 s), SUB_BATCH=512, num_subs=1
  > index : 0, Maximum Betweenness Centrality ==> 24747250456.69
  > Elapse time [sec.] = 41.241933 
  > GTEPS = 8.6097 (nodes=325729, edges=1090108)
    → 41.241933 sec (GTEPS=8.6097)
  [RUN] gpu_opt_pure_chunked × amazon0505 [trial 1/5]  (経過: 2h49m)
Running: GPU_Opt_Pure_Chunked on amazon0505...
  > [Mem] GPU: total=102.0 GB, free_before=101.4 GB
  > [Mem] topology(GPU)=0.02 GB, dynamic(SUB_BATCH alloc)=13.44 GB, BATCH=512, SUB_BATCH=512, num_subs=1, NS_eff=2
  > [GPU Phase] BFS wall=59.3587 s (cum=117.5359 s), Backward wall=105.1643 s (cum=208.9659 s), SUB_BATCH=512, num_subs=1
  > index : 593, Maximum Betweenness Centrality ==> 16615753058.97
  > Elapse time [sec.] = 169.953813 
  > GTEPS = 5.8883 (nodes=410236, edges=2439437)
    → 169.953813 sec (GTEPS=5.8883)
  [RUN] gpu_opt_pure_chunked × amazon0505 [trial 2/5]  (経過: 2h49m)
Running: GPU_Opt_Pure_Chunked on amazon0505...
  > [Mem] GPU: total=102.0 GB, free_before=101.4 GB
  > [Mem] topology(GPU)=0.02 GB, dynamic(SUB_BATCH alloc)=13.44 GB, BATCH=512, SUB_BATCH=512, num_subs=1, NS_eff=2
  > [GPU Phase] BFS wall=59.1285 s (cum=117.4839 s), Backward wall=105.0780 s (cum=209.1585 s), SUB_BATCH=512, num_subs=1
  > index : 593, Maximum Betweenness Centrality ==> 16615753058.97
  > Elapse time [sec.] = 170.034951 
  > GTEPS = 5.8855 (nodes=410236, edges=2439437)
    → 170.034951 sec (GTEPS=5.8855)
  [RUN] gpu_opt_pure_chunked × amazon0505 [trial 3/5]  (経過: 2h49m)
Running: GPU_Opt_Pure_Chunked on amazon0505...
  > [Mem] GPU: total=102.0 GB, free_before=101.4 GB
  > [Mem] topology(GPU)=0.02 GB, dynamic(SUB_BATCH alloc)=13.44 GB, BATCH=512, SUB_BATCH=512, num_subs=1, NS_eff=2
  > [GPU Phase] BFS wall=60.4469 s (cum=117.4620 s), Backward wall=106.2555 s (cum=209.1364 s), SUB_BATCH=512, num_subs=1
  > index : 593, Maximum Betweenness Centrality ==> 16615753058.97
  > Elapse time [sec.] = 170.014093 
  > GTEPS = 5.8862 (nodes=410236, edges=2439437)
    → 170.014093 sec (GTEPS=5.8862)
  [RUN] gpu_opt_pure_chunked × amazon0505 [trial 4/5]  (経過: 2h49m)
Running: GPU_Opt_Pure_Chunked on amazon0505...
  > [Mem] GPU: total=102.0 GB, free_before=101.4 GB
  > [Mem] topology(GPU)=0.02 GB, dynamic(SUB_BATCH alloc)=13.44 GB, BATCH=512, SUB_BATCH=512, num_subs=1, NS_eff=2
  > [GPU Phase] BFS wall=59.3782 s (cum=117.4325 s), Backward wall=105.2045 s (cum=209.1709 s), SUB_BATCH=512, num_subs=1
  > index : 593, Maximum Betweenness Centrality ==> 16615753058.97
  > Elapse time [sec.] = 169.984183 
  > GTEPS = 5.8873 (nodes=410236, edges=2439437)
    → 169.984183 sec (GTEPS=5.8873)
  [RUN] gpu_opt_pure_chunked × amazon0505 [trial 5/5]  (経過: 2h49m)
Running: GPU_Opt_Pure_Chunked on amazon0505...
  > [Mem] GPU: total=102.0 GB, free_before=101.4 GB
  > [Mem] topology(GPU)=0.02 GB, dynamic(SUB_BATCH alloc)=13.44 GB, BATCH=512, SUB_BATCH=512, num_subs=1, NS_eff=2
  > [GPU Phase] BFS wall=59.6347 s (cum=117.5740 s), Backward wall=105.3112 s (cum=208.9951 s), SUB_BATCH=512, num_subs=1
  > index : 593, Maximum Betweenness Centrality ==> 16615753058.97
  > Elapse time [sec.] = 169.977237 
  > GTEPS = 5.8875 (nodes=410236, edges=2439437)
    → 169.977237 sec (GTEPS=5.8875)
  [RUN] gpu_opt_pure_chunked × web-Google [trial 1/5]  (経過: 3h3m)
Running: GPU_Opt_Pure_Chunked on web-Google...
  > [Mem] GPU: total=102.0 GB, free_before=101.4 GB
  > [Mem] topology(GPU)=0.04 GB, dynamic(SUB_BATCH alloc)=28.70 GB, BATCH=512, SUB_BATCH=512, num_subs=1, NS_eff=2
  > [GPU Phase] BFS wall=464.9940 s (cum=788.1852 s), Backward wall=533.4064 s (cum=924.1617 s), SUB_BATCH=512, num_subs=1
  > index : 568909, Maximum Betweenness Centrality ==> 23206521340.60
  > Elapse time [sec.] = 898.247544 
  > GTEPS = 4.2136 (nodes=875713, edges=4322051)
    → 898.247544 sec (GTEPS=4.2136)
  [RUN] gpu_opt_pure_chunked × web-Google [trial 2/5]  (経過: 3h3m)
Running: GPU_Opt_Pure_Chunked on web-Google...
  > [Mem] GPU: total=102.0 GB, free_before=101.4 GB
  > [Mem] topology(GPU)=0.04 GB, dynamic(SUB_BATCH alloc)=28.70 GB, BATCH=512, SUB_BATCH=512, num_subs=1, NS_eff=2
  > [GPU Phase] BFS wall=464.7679 s (cum=787.9508 s), Backward wall=533.6175 s (cum=924.3801 s), SUB_BATCH=512, num_subs=1
  > index : 568909, Maximum Betweenness Centrality ==> 23206521340.60
  > Elapse time [sec.] = 897.962033 
  > GTEPS = 4.2150 (nodes=875713, edges=4322051)
    → 897.962033 sec (GTEPS=4.2150)
  [RUN] gpu_opt_pure_chunked × web-Google [trial 3/5]  (経過: 3h3m)
Running: GPU_Opt_Pure_Chunked on web-Google...
  > [Mem] GPU: total=102.0 GB, free_before=101.4 GB
  > [Mem] topology(GPU)=0.04 GB, dynamic(SUB_BATCH alloc)=28.70 GB, BATCH=512, SUB_BATCH=512, num_subs=1, NS_eff=2
  > [GPU Phase] BFS wall=465.6304 s (cum=788.1439 s), Backward wall=533.8783 s (cum=923.8250 s), SUB_BATCH=512, num_subs=1
  > index : 568909, Maximum Betweenness Centrality ==> 23206521340.60
  > Elapse time [sec.] = 898.033958 
  > GTEPS = 4.2146 (nodes=875713, edges=4322051)
    → 898.033958 sec (GTEPS=4.2146)
  [RUN] gpu_opt_pure_chunked × web-Google [trial 4/5]  (経過: 3h3m)
Running: GPU_Opt_Pure_Chunked on web-Google...
  > [Mem] GPU: total=102.0 GB, free_before=101.4 GB
  > [Mem] topology(GPU)=0.04 GB, dynamic(SUB_BATCH alloc)=28.70 GB, BATCH=512, SUB_BATCH=512, num_subs=1, NS_eff=2
  > [GPU Phase] BFS wall=464.9453 s (cum=787.8300 s), Backward wall=533.6337 s (cum=924.3655 s), SUB_BATCH=512, num_subs=1
  > index : 568909, Maximum Betweenness Centrality ==> 23206521340.60
  > Elapse time [sec.] = 898.186725 
  > GTEPS = 4.2139 (nodes=875713, edges=4322051)
    → 898.186725 sec (GTEPS=4.2139)
  [RUN] gpu_opt_pure_chunked × web-Google [trial 5/5]  (経過: 3h3m)
Running: GPU_Opt_Pure_Chunked on web-Google...
  > [Mem] GPU: total=102.0 GB, free_before=101.4 GB
  > [Mem] topology(GPU)=0.04 GB, dynamic(SUB_BATCH alloc)=28.70 GB, BATCH=512, SUB_BATCH=512, num_subs=1, NS_eff=2
  > [GPU Phase] BFS wall=464.7656 s (cum=787.8947 s), Backward wall=533.4420 s (cum=924.4465 s), SUB_BATCH=512, num_subs=1
  > index : 568909, Maximum Betweenness Centrality ==> 23206521340.60
  > Elapse time [sec.] = 898.252904 
  > GTEPS = 4.2136 (nodes=875713, edges=4322051)
    → 898.252904 sec (GTEPS=4.2136)

╔══════════════════════════════════════════════════════════════╗
║  ベンチマーク完了                                           ║
╠══════════════════════════════════════════════════════════════╣
║  終了時刻  : 2026-05-11 16:03:17
║  総実行時間: 4h 18m 45s
║  実行数    : 14 (成功=60, 失敗=10, スキップ=0)
║  結果 TSV  : /work/gj17/j17000/m5291091/lab/mylab/research/build_miyabi/result_benchmark_medium_gpu_opt_compare_20260511_114413/results.tsv
║  正確性    : /work/gj17/j17000/m5291091/lab/mylab/research/build_miyabi/result_benchmark_medium_gpu_opt_compare_20260511_114413/max_bc.tsv
║  ログ      : /work/gj17/j17000/m5291091/lab/mylab/research/build_miyabi/result_benchmark_medium_gpu_opt_compare_20260511_114413/benchmark.log
║  フェーズ  : /work/gj17/j17000/m5291091/lab/mylab/research/build_miyabi/result_benchmark_medium_gpu_opt_compare_20260511_114413/phase_timing.log
╚══════════════════════════════════════════════════════════════╝

=== 正確性検証 (max BC 値の記録) ===
  325557_3216152: GPU_Opt=39343001000.11
  325557_3216152: GPU_Opt=39343001000.11
  325557_3216152: GPU_Opt=39343001000.11
  325557_3216152: GPU_Opt=39343001000.11
  325557_3216152: GPU_Opt=39343001000.11
  amazon0302: GPU_Opt=2980418526.54
  amazon0302: GPU_Opt=2980418526.54
  amazon0302: GPU_Opt=2980418526.54
  amazon0302: GPU_Opt=2980418526.54
  amazon0302: GPU_Opt=2980418526.54
  email-EuAll: GPU_Opt=2384894520.80
  email-EuAll: GPU_Opt=2384894520.80
  email-EuAll: GPU_Opt=2384894520.80
  email-EuAll: GPU_Opt=2384894520.80
  email-EuAll: GPU_Opt=2384894520.80
  web-NotreDame: GPU_Opt=24747250456.69
  web-NotreDame: GPU_Opt=24747250456.69
  web-NotreDame: GPU_Opt=24747250456.69
  web-NotreDame: GPU_Opt=24747250456.69
  web-NotreDame: GPU_Opt=24747250456.69
  amazon0505: GPU_Opt=16615753058.97
  amazon0505: GPU_Opt=16615753058.97
  amazon0505: GPU_Opt=16615753058.97
  amazon0505: GPU_Opt=16615753058.97
  amazon0505: GPU_Opt=16615753058.97
  web-Google: GPU_Opt=23206521340.60
  web-Google: GPU_Opt=23206521340.60
  web-Google: GPU_Opt=23206521340.60
  web-Google: GPU_Opt=23206521340.60
  web-Google: GPU_Opt=23206521340.60
  325557_3216152: GPU_Opt_Pure_Chunked=39343001000.11
  325557_3216152: GPU_Opt_Pure_Chunked=39343001000.11
  325557_3216152: GPU_Opt_Pure_Chunked=39343001000.11
  325557_3216152: GPU_Opt_Pure_Chunked=39343001000.11
  325557_3216152: GPU_Opt_Pure_Chunked=39343001000.11
  amazon0302: GPU_Opt_Pure_Chunked=2980418526.54
  amazon0302: GPU_Opt_Pure_Chunked=2980418526.54
  amazon0302: GPU_Opt_Pure_Chunked=2980418526.54
  amazon0302: GPU_Opt_Pure_Chunked=2980418526.54
  amazon0302: GPU_Opt_Pure_Chunked=2980418526.54
  email-EuAll: GPU_Opt_Pure_Chunked=2384894520.80
  email-EuAll: GPU_Opt_Pure_Chunked=2384894520.80
  email-EuAll: GPU_Opt_Pure_Chunked=2384894520.80
  email-EuAll: GPU_Opt_Pure_Chunked=2384894520.80
  email-EuAll: GPU_Opt_Pure_Chunked=2384894520.80
  web-NotreDame: GPU_Opt_Pure_Chunked=24747250456.69
  web-NotreDame: GPU_Opt_Pure_Chunked=24747250456.69
  web-NotreDame: GPU_Opt_Pure_Chunked=24747250456.69
  web-NotreDame: GPU_Opt_Pure_Chunked=24747250456.69
  web-NotreDame: GPU_Opt_Pure_Chunked=24747250456.69
  amazon0505: GPU_Opt_Pure_Chunked=16615753058.97
  amazon0505: GPU_Opt_Pure_Chunked=16615753058.97
  amazon0505: GPU_Opt_Pure_Chunked=16615753058.97
  amazon0505: GPU_Opt_Pure_Chunked=16615753058.97
  amazon0505: GPU_Opt_Pure_Chunked=16615753058.97
  web-Google: GPU_Opt_Pure_Chunked=23206521340.60
  web-Google: GPU_Opt_Pure_Chunked=23206521340.60
  web-Google: GPU_Opt_Pure_Chunked=23206521340.60
  web-Google: GPU_Opt_Pure_Chunked=23206521340.60
  web-Google: GPU_Opt_Pure_Chunked=23206521340.60

=== 結果一覧 (TSV) ===
Implementation	Graph	Nodes	Edges	Trial	Time_sec	GTEPS
GPU_Opt	325557_3216152	325557	3216152	1	76.963645	13.6044
GPU_Opt	325557_3216152	325557	3216152	2	76.925178	13.6112
GPU_Opt	325557_3216152	325557	3216152	3	76.974482	13.6024
GPU_Opt	325557_3216152	325557	3216152	4	76.722229	13.6472
GPU_Opt	325557_3216152	325557	3216152	5	76.751871	13.6419
GPU_Opt	amazon0302	262111	899792	1	51.463213	4.5828
GPU_Opt	amazon0302	262111	899792	2	51.476697	4.5816
GPU_Opt	amazon0302	262111	899792	3	51.459943	4.5831
GPU_Opt	amazon0302	262111	899792	4	51.474570	4.5818
GPU_Opt	amazon0302	262111	899792	5	51.423441	4.5863
GPU_Opt	email-EuAll	265009	364481	1	191.065340	0.5055
GPU_Opt	email-EuAll	265009	364481	2	190.876241	0.5060
GPU_Opt	email-EuAll	265009	364481	3	190.933859	0.5059
GPU_Opt	email-EuAll	265009	364481	4	191.126728	0.5054
GPU_Opt	email-EuAll	265009	364481	5	191.083645	0.5055
GPU_Opt	web-NotreDame	325729	1090108	1	40.904139	8.6808
GPU_Opt	web-NotreDame	325729	1090108	2	40.948968	8.6713
GPU_Opt	web-NotreDame	325729	1090108	3	40.916379	8.6782
GPU_Opt	web-NotreDame	325729	1090108	4	40.923312	8.6767
GPU_Opt	web-NotreDame	325729	1090108	5	40.940561	8.6731
GPU_Opt	amazon0505	410236	2439437	1	168.290287	5.9465
GPU_Opt	amazon0505	410236	2439437	2	168.312460	5.9458
GPU_Opt	amazon0505	410236	2439437	3	168.289561	5.9466
GPU_Opt	amazon0505	410236	2439437	4	168.251965	5.9479
GPU_Opt	amazon0505	410236	2439437	5	168.355972	5.9442
GPU_Opt	web-Google	875713	4322051	1	875.186292	4.3247
GPU_Opt	web-Google	875713	4322051	2	875.213674	4.3245
GPU_Opt	web-Google	875713	4322051	3	874.916235	4.3260
GPU_Opt	web-Google	875713	4322051	4	874.827038	4.3264
GPU_Opt	web-Google	875713	4322051	5	874.759699	4.3268
GPU_Opt_Pure_Chunked	325557_3216152	325557	3216152	1	77.902555	13.4404
GPU_Opt_Pure_Chunked	325557_3216152	325557	3216152	2	77.683952	13.4782
GPU_Opt_Pure_Chunked	325557_3216152	325557	3216152	3	77.948891	13.4324
GPU_Opt_Pure_Chunked	325557_3216152	325557	3216152	4	77.722573	13.4715
GPU_Opt_Pure_Chunked	325557_3216152	325557	3216152	5	78.091920	13.4078
GPU_Opt_Pure_Chunked	amazon0302	262111	899792	1	52.215357	4.5168
GPU_Opt_Pure_Chunked	amazon0302	262111	899792	2	52.197412	4.5183
GPU_Opt_Pure_Chunked	amazon0302	262111	899792	3	52.224833	4.5160
GPU_Opt_Pure_Chunked	amazon0302	262111	899792	4	52.248669	4.5139
GPU_Opt_Pure_Chunked	amazon0302	262111	899792	5	52.215730	4.5167
GPU_Opt_Pure_Chunked	email-EuAll	265009	364481	1	190.968928	0.5058
GPU_Opt_Pure_Chunked	email-EuAll	265009	364481	2	190.896019	0.5060
GPU_Opt_Pure_Chunked	email-EuAll	265009	364481	3	190.919519	0.5059
GPU_Opt_Pure_Chunked	email-EuAll	265009	364481	4	191.065483	0.5055
GPU_Opt_Pure_Chunked	email-EuAll	265009	364481	5	190.932708	0.5059
GPU_Opt_Pure_Chunked	web-NotreDame	325729	1090108	1	41.203042	8.6178
GPU_Opt_Pure_Chunked	web-NotreDame	325729	1090108	2	41.201707	8.6181
GPU_Opt_Pure_Chunked	web-NotreDame	325729	1090108	3	41.190146	8.6205
GPU_Opt_Pure_Chunked	web-NotreDame	325729	1090108	4	41.306239	8.5963
GPU_Opt_Pure_Chunked	web-NotreDame	325729	1090108	5	41.241933	8.6097
GPU_Opt_Pure_Chunked	amazon0505	410236	2439437	1	169.953813	5.8883
GPU_Opt_Pure_Chunked	amazon0505	410236	2439437	2	170.034951	5.8855
GPU_Opt_Pure_Chunked	amazon0505	410236	2439437	3	170.014093	5.8862
GPU_Opt_Pure_Chunked	amazon0505	410236	2439437	4	169.984183	5.8873
GPU_Opt_Pure_Chunked	amazon0505	410236	2439437	5	169.977237	5.8875
GPU_Opt_Pure_Chunked	web-Google	875713	4322051	1	898.247544	4.2136
GPU_Opt_Pure_Chunked	web-Google	875713	4322051	2	897.962033	4.2150
GPU_Opt_Pure_Chunked	web-Google	875713	4322051	3	898.033958	4.2146
GPU_Opt_Pure_Chunked	web-Google	875713	4322051	4	898.186725	4.2139
GPU_Opt_Pure_Chunked	web-Google	875713	4322051	5	898.252904	4.2136

=== 自動サマリ生成 ===
  結果読み込み: 12 件 (2 手法 × 6 グラフ) (複数試行の平均値)
  → /work/gj17/j17000/m5291091/lab/mylab/research/build_miyabi/result_benchmark_medium_gpu_opt_compare_20260511_114413/summary_table.md
  → /work/gj17/j17000/m5291091/lab/mylab/research/build_miyabi/result_benchmark_medium_gpu_opt_compare_20260511_114413/speedup_table.md
  → /work/gj17/j17000/m5291091/lab/mylab/research/build_miyabi/result_benchmark_medium_gpu_opt_compare_20260511_114413/correctness.md
  → /work/gj17/j17000/m5291091/lab/mylab/research/build_miyabi/result_benchmark_medium_gpu_opt_compare_20260511_114413/summary_table.tsv


# スピードアップ (vs PathMerge_BC)

(ベースライン PathMerge_BC の結果がありません)
