Running: GPU_Opt on benchmark_7000_41459...
  > [Mem] GPU HBM3: total=102.0 GB, free_before=101.4 GB
  > [Mem] topology(CPU/HBM3)=0.00 GB, dynamic(UM)=0.23 GB, BATCH=512, SUB_BATCH=512, num_subs=1, NS_eff=2
  > [GPU Phase] BFS wall=0.0095 s (cum=0.0189 s), Backward wall=0.0262 s (cum=0.0525 s), Prefetch cum=0.0000 s, SUB_BATCH=512, num_subs=1
  > index : 4, Maximum Betweenness Centrality ==> 3935437.26
  > Elapse time [sec.] = 0.316943 
  > GTEPS = 0.9157 (nodes=7000, edges=41459)
Running: GPU_Opt on benchmark_7000_41459...
  > [Mem] GPU HBM3: total=102.0 GB, free_before=101.4 GB
  > [Mem] topology(CPU/HBM3)=0.00 GB, dynamic(UM)=0.23 GB, BATCH=512, SUB_BATCH=512, num_subs=1, NS_eff=2
  > [GPU Phase] BFS wall=0.0098 s (cum=0.0192 s), Backward wall=0.0266 s (cum=0.0529 s), Prefetch cum=0.0000 s, SUB_BATCH=512, num_subs=1
  > index : 4, Maximum Betweenness Centrality ==> 3935437.26
  > Elapse time [sec.] = 0.216640 
  > GTEPS = 1.3396 (nodes=7000, edges=41459)
Running: GPU_Opt on benchmark_7000_41459...
  > [Mem] GPU HBM3: total=102.0 GB, free_before=101.4 GB
  > [Mem] topology(CPU/HBM3)=0.00 GB, dynamic(UM)=0.23 GB, BATCH=512, SUB_BATCH=512, num_subs=1, NS_eff=2
  > [GPU Phase] BFS wall=0.0101 s (cum=0.0194 s), Backward wall=0.0268 s (cum=0.0530 s), Prefetch cum=0.0000 s, SUB_BATCH=512, num_subs=1
  > index : 4, Maximum Betweenness Centrality ==> 3935437.26
  > Elapse time [sec.] = 0.224577 
  > GTEPS = 1.2923 (nodes=7000, edges=41459)
Running: GPU_Opt on benchmark_7000_41459...
  > [Mem] GPU HBM3: total=102.0 GB, free_before=101.4 GB
  > [Mem] topology(CPU/HBM3)=0.00 GB, dynamic(UM)=0.23 GB, BATCH=512, SUB_BATCH=512, num_subs=1, NS_eff=2
  > [GPU Phase] BFS wall=0.0095 s (cum=0.0190 s), Backward wall=0.0263 s (cum=0.0525 s), Prefetch cum=0.0000 s, SUB_BATCH=512, num_subs=1
  > index : 4, Maximum Betweenness Centrality ==> 3935437.26
  > Elapse time [sec.] = 0.212687 
  > GTEPS = 1.3645 (nodes=7000, edges=41459)
Running: GPU_Opt on benchmark_7000_41459...
  > [Mem] GPU HBM3: total=102.0 GB, free_before=101.4 GB
  > [Mem] topology(CPU/HBM3)=0.00 GB, dynamic(UM)=0.23 GB, BATCH=512, SUB_BATCH=512, num_subs=1, NS_eff=2
  > [GPU Phase] BFS wall=0.0097 s (cum=0.0192 s), Backward wall=0.0263 s (cum=0.0525 s), Prefetch cum=0.0000 s, SUB_BATCH=512, num_subs=1
  > index : 4, Maximum Betweenness Centrality ==> 3935437.26
  > Elapse time [sec.] = 0.212216 
  > GTEPS = 1.3675 (nodes=7000, edges=41459)
Running: GPU_Opt on benchmark_7000_41459...
  > [Mem] GPU HBM3: total=102.0 GB, free_before=101.4 GB
  > [Mem] topology(CPU/HBM3)=0.00 GB, dynamic(UM)=0.23 GB, BATCH=512, SUB_BATCH=512, num_subs=1, NS_eff=2
  > [GPU Phase] BFS wall=0.0098 s (cum=0.0192 s), Backward wall=0.0263 s (cum=0.0526 s), Prefetch cum=0.0000 s, SUB_BATCH=512, num_subs=1
  > index : 4, Maximum Betweenness Centrality ==> 3935437.26
  > Elapse time [sec.] = 0.225401 
  > GTEPS = 1.2875 (nodes=7000, edges=41459)
Running: GPU_Opt on benchmark_7000_41459...
  > [Mem] GPU HBM3: total=102.0 GB, free_before=101.4 GB
  > [Mem] topology(CPU/HBM3)=0.00 GB, dynamic(UM)=0.23 GB, BATCH=512, SUB_BATCH=512, num_subs=1, NS_eff=2
  > [GPU Phase] BFS wall=0.0097 s (cum=0.0193 s), Backward wall=0.0263 s (cum=0.0526 s), Prefetch cum=0.0000 s, SUB_BATCH=512, num_subs=1
  > index : 4, Maximum Betweenness Centrality ==> 3935437.26
  > Elapse time [sec.] = 0.216094 
  > GTEPS = 1.3430 (nodes=7000, edges=41459)
Running: GPU_Opt on benchmark_7000_41459...
  > [Mem] GPU HBM3: total=102.0 GB, free_before=101.4 GB
  > [Mem] topology(CPU/HBM3)=0.00 GB, dynamic(UM)=0.23 GB, BATCH=512, SUB_BATCH=512, num_subs=1, NS_eff=2
  > [GPU Phase] BFS wall=0.0097 s (cum=0.0191 s), Backward wall=0.0266 s (cum=0.0529 s), Prefetch cum=0.0000 s, SUB_BATCH=512, num_subs=1
  > index : 4, Maximum Betweenness Centrality ==> 3935437.26
  > Elapse time [sec.] = 0.231613 
  > GTEPS = 1.2530 (nodes=7000, edges=41459)
Running: GPU_Opt on benchmark_7000_41459...
  > [Mem] GPU HBM3: total=102.0 GB, free_before=101.4 GB
  > [Mem] topology(CPU/HBM3)=0.00 GB, dynamic(UM)=0.23 GB, BATCH=512, SUB_BATCH=512, num_subs=1, NS_eff=2
  > [GPU Phase] BFS wall=0.0100 s (cum=0.0193 s), Backward wall=0.0266 s (cum=0.0530 s), Prefetch cum=0.0000 s, SUB_BATCH=512, num_subs=1
  > index : 4, Maximum Betweenness Centrality ==> 3935437.26
  > Elapse time [sec.] = 0.214748 
  > GTEPS = 1.3514 (nodes=7000, edges=41459)
Running: GPU_Opt on benchmark_7000_41459...
  > [Mem] GPU HBM3: total=102.0 GB, free_before=101.4 GB
  > [Mem] topology(CPU/HBM3)=0.00 GB, dynamic(UM)=0.23 GB, BATCH=512, SUB_BATCH=512, num_subs=1, NS_eff=2
  > [GPU Phase] BFS wall=0.0097 s (cum=0.0192 s), Backward wall=0.0264 s (cum=0.0527 s), Prefetch cum=0.0000 s, SUB_BATCH=512, num_subs=1
  > index : 4, Maximum Betweenness Centrality ==> 3935437.26
  > Elapse time [sec.] = 0.225646 
  > GTEPS = 1.2861 (nodes=7000, edges=41459)
Running: GPU_Opt on benchmark_11023_62184...
  > [Mem] GPU HBM3: total=102.0 GB, free_before=101.4 GB
  > [Mem] topology(CPU/HBM3)=0.00 GB, dynamic(UM)=0.36 GB, BATCH=512, SUB_BATCH=512, num_subs=1, NS_eff=2
  > [GPU Phase] BFS wall=0.0275 s (cum=0.0547 s), Backward wall=0.0376 s (cum=0.0737 s), Prefetch cum=0.0000 s, SUB_BATCH=512, num_subs=1
  > index : 10, Maximum Betweenness Centrality ==> 11951000.93
  > Elapse time [sec.] = 0.259674 
  > GTEPS = 2.6397 (nodes=11023, edges=62184)
Running: GPU_Opt on benchmark_11023_62184...
  > [Mem] GPU HBM3: total=102.0 GB, free_before=101.4 GB
  > [Mem] topology(CPU/HBM3)=0.00 GB, dynamic(UM)=0.36 GB, BATCH=512, SUB_BATCH=512, num_subs=1, NS_eff=2
  > [GPU Phase] BFS wall=0.0275 s (cum=0.0545 s), Backward wall=0.0375 s (cum=0.0738 s), Prefetch cum=0.0000 s, SUB_BATCH=512, num_subs=1
  > index : 10, Maximum Betweenness Centrality ==> 11951000.93
  > Elapse time [sec.] = 0.251773 
  > GTEPS = 2.7225 (nodes=11023, edges=62184)
Running: GPU_Opt on benchmark_11023_62184...
  > [Mem] GPU HBM3: total=102.0 GB, free_before=101.4 GB
  > [Mem] topology(CPU/HBM3)=0.00 GB, dynamic(UM)=0.36 GB, BATCH=512, SUB_BATCH=512, num_subs=1, NS_eff=2
  > [GPU Phase] BFS wall=0.0273 s (cum=0.0545 s), Backward wall=0.0372 s (cum=0.0733 s), Prefetch cum=0.0000 s, SUB_BATCH=512, num_subs=1
  > index : 10, Maximum Betweenness Centrality ==> 11951000.93
  > Elapse time [sec.] = 0.260786 
  > GTEPS = 2.6284 (nodes=11023, edges=62184)
Running: GPU_Opt on benchmark_11023_62184...
  > [Mem] GPU HBM3: total=102.0 GB, free_before=101.4 GB
  > [Mem] topology(CPU/HBM3)=0.00 GB, dynamic(UM)=0.36 GB, BATCH=512, SUB_BATCH=512, num_subs=1, NS_eff=2
  > [GPU Phase] BFS wall=0.0273 s (cum=0.0541 s), Backward wall=0.0373 s (cum=0.0737 s), Prefetch cum=0.0000 s, SUB_BATCH=512, num_subs=1
  > index : 10, Maximum Betweenness Centrality ==> 11951000.93
  > Elapse time [sec.] = 0.259117 
  > GTEPS = 2.6453 (nodes=11023, edges=62184)
Running: GPU_Opt on benchmark_11023_62184...
  > [Mem] GPU HBM3: total=102.0 GB, free_before=101.4 GB
  > [Mem] topology(CPU/HBM3)=0.00 GB, dynamic(UM)=0.36 GB, BATCH=512, SUB_BATCH=512, num_subs=1, NS_eff=2
  > [GPU Phase] BFS wall=0.0273 s (cum=0.0546 s), Backward wall=0.0374 s (cum=0.0736 s), Prefetch cum=0.0000 s, SUB_BATCH=512, num_subs=1
  > index : 10, Maximum Betweenness Centrality ==> 11951000.93
  > Elapse time [sec.] = 0.264535 
  > GTEPS = 2.5912 (nodes=11023, edges=62184)
Running: GPU_Opt on benchmark_11023_62184...
  > [Mem] GPU HBM3: total=102.0 GB, free_before=101.4 GB
  > [Mem] topology(CPU/HBM3)=0.00 GB, dynamic(UM)=0.36 GB, BATCH=512, SUB_BATCH=512, num_subs=1, NS_eff=2
  > [GPU Phase] BFS wall=0.0276 s (cum=0.0544 s), Backward wall=0.0371 s (cum=0.0733 s), Prefetch cum=0.0000 s, SUB_BATCH=512, num_subs=1
  > index : 10, Maximum Betweenness Centrality ==> 11951000.93
  > Elapse time [sec.] = 0.266272 
  > GTEPS = 2.5743 (nodes=11023, edges=62184)
Running: GPU_Opt on benchmark_11023_62184...
  > [Mem] GPU HBM3: total=102.0 GB, free_before=101.4 GB
  > [Mem] topology(CPU/HBM3)=0.00 GB, dynamic(UM)=0.36 GB, BATCH=512, SUB_BATCH=512, num_subs=1, NS_eff=2
  > [GPU Phase] BFS wall=0.0275 s (cum=0.0544 s), Backward wall=0.0376 s (cum=0.0737 s), Prefetch cum=0.0000 s, SUB_BATCH=512, num_subs=1
  > index : 10, Maximum Betweenness Centrality ==> 11951000.93
  > Elapse time [sec.] = 0.265806 
  > GTEPS = 2.5788 (nodes=11023, edges=62184)
Running: GPU_Opt on benchmark_11023_62184...
  > [Mem] GPU HBM3: total=102.0 GB, free_before=101.4 GB
  > [Mem] topology(CPU/HBM3)=0.00 GB, dynamic(UM)=0.36 GB, BATCH=512, SUB_BATCH=512, num_subs=1, NS_eff=2
  > [GPU Phase] BFS wall=0.0275 s (cum=0.0546 s), Backward wall=0.0376 s (cum=0.0741 s), Prefetch cum=0.0000 s, SUB_BATCH=512, num_subs=1
  > index : 10, Maximum Betweenness Centrality ==> 11951000.93
  > Elapse time [sec.] = 0.251999 
  > GTEPS = 2.7201 (nodes=11023, edges=62184)
Running: GPU_Opt on benchmark_11023_62184...
  > [Mem] GPU HBM3: total=102.0 GB, free_before=101.4 GB
  > [Mem] topology(CPU/HBM3)=0.00 GB, dynamic(UM)=0.36 GB, BATCH=512, SUB_BATCH=512, num_subs=1, NS_eff=2
  > [GPU Phase] BFS wall=0.0287 s (cum=0.0563 s), Backward wall=0.0371 s (cum=0.0725 s), Prefetch cum=0.0000 s, SUB_BATCH=512, num_subs=1
  > index : 10, Maximum Betweenness Centrality ==> 11951000.93
  > Elapse time [sec.] = 0.257153 
  > GTEPS = 2.6655 (nodes=11023, edges=62184)
Running: GPU_Opt on benchmark_11023_62184...
  > [Mem] GPU HBM3: total=102.0 GB, free_before=101.4 GB
  > [Mem] topology(CPU/HBM3)=0.00 GB, dynamic(UM)=0.36 GB, BATCH=512, SUB_BATCH=512, num_subs=1, NS_eff=2
  > [GPU Phase] BFS wall=0.0273 s (cum=0.0543 s), Backward wall=0.0375 s (cum=0.0739 s), Prefetch cum=0.0000 s, SUB_BATCH=512, num_subs=1
  > index : 10, Maximum Betweenness Centrality ==> 11951000.93
  > Elapse time [sec.] = 0.257738 
  > GTEPS = 2.6595 (nodes=11023, edges=62184)
Running: GPU_Opt on random...
  > [Mem] GPU HBM3: total=102.0 GB, free_before=101.4 GB
  > [Mem] topology(CPU/HBM3)=0.00 GB, dynamic(UM)=1.06 GB, BATCH=512, SUB_BATCH=512, num_subs=1, NS_eff=2
  > [GPU Phase] BFS wall=0.3658 s (cum=0.7276 s), Backward wall=0.3076 s (cum=0.6127 s), Prefetch cum=0.0000 s, SUB_BATCH=512, num_subs=1
  > index : 15869, Maximum Betweenness Centrality ==> 4029653.52
  > Elapse time [sec.] = 0.918814 
  > GTEPS = 3.5691 (nodes=32212, edges=101805)
Running: GPU_Opt on random...
  > [Mem] GPU HBM3: total=102.0 GB, free_before=101.4 GB
  > [Mem] topology(CPU/HBM3)=0.00 GB, dynamic(UM)=1.06 GB, BATCH=512, SUB_BATCH=512, num_subs=1, NS_eff=2
  > [GPU Phase] BFS wall=0.3670 s (cum=0.7318 s), Backward wall=0.3078 s (cum=0.6129 s), Prefetch cum=0.0000 s, SUB_BATCH=512, num_subs=1
  > index : 15869, Maximum Betweenness Centrality ==> 4029653.52
  > Elapse time [sec.] = 0.913814 
  > GTEPS = 3.5886 (nodes=32212, edges=101805)
Running: GPU_Opt on random...
  > [Mem] GPU HBM3: total=102.0 GB, free_before=101.4 GB
  > [Mem] topology(CPU/HBM3)=0.00 GB, dynamic(UM)=1.06 GB, BATCH=512, SUB_BATCH=512, num_subs=1, NS_eff=2
  > [GPU Phase] BFS wall=0.3761 s (cum=0.7189 s), Backward wall=0.3204 s (cum=0.6168 s), Prefetch cum=0.0000 s, SUB_BATCH=512, num_subs=1
  > index : 15869, Maximum Betweenness Centrality ==> 4029653.52
  > Elapse time [sec.] = 0.908471 
  > GTEPS = 3.6097 (nodes=32212, edges=101805)
Running: GPU_Opt on random...
  > [Mem] GPU HBM3: total=102.0 GB, free_before=101.4 GB
  > [Mem] topology(CPU/HBM3)=0.00 GB, dynamic(UM)=1.06 GB, BATCH=512, SUB_BATCH=512, num_subs=1, NS_eff=2
  > [GPU Phase] BFS wall=0.3767 s (cum=0.7247 s), Backward wall=0.3179 s (cum=0.6141 s), Prefetch cum=0.0000 s, SUB_BATCH=512, num_subs=1
  > index : 15869, Maximum Betweenness Centrality ==> 4029653.52
  > Elapse time [sec.] = 0.899590 
  > GTEPS = 3.6454 (nodes=32212, edges=101805)
Running: GPU_Opt on random...
  > [Mem] GPU HBM3: total=102.0 GB, free_before=101.4 GB
  > [Mem] topology(CPU/HBM3)=0.00 GB, dynamic(UM)=1.06 GB, BATCH=512, SUB_BATCH=512, num_subs=1, NS_eff=2
  > [GPU Phase] BFS wall=0.3713 s (cum=0.7168 s), Backward wall=0.3204 s (cum=0.6209 s), Prefetch cum=0.0000 s, SUB_BATCH=512, num_subs=1
  > index : 15869, Maximum Betweenness Centrality ==> 4029653.52
  > Elapse time [sec.] = 0.907327 
  > GTEPS = 3.6143 (nodes=32212, edges=101805)
Running: GPU_Opt on random...
  > [Mem] GPU HBM3: total=102.0 GB, free_before=101.4 GB
  > [Mem] topology(CPU/HBM3)=0.00 GB, dynamic(UM)=1.06 GB, BATCH=512, SUB_BATCH=512, num_subs=1, NS_eff=2
  > [GPU Phase] BFS wall=0.3745 s (cum=0.7317 s), Backward wall=0.3113 s (cum=0.6115 s), Prefetch cum=0.0000 s, SUB_BATCH=512, num_subs=1
  > index : 15869, Maximum Betweenness Centrality ==> 4029653.52
  > Elapse time [sec.] = 0.909823 
  > GTEPS = 3.6044 (nodes=32212, edges=101805)
Running: GPU_Opt on random...
  > [Mem] GPU HBM3: total=102.0 GB, free_before=101.4 GB
  > [Mem] topology(CPU/HBM3)=0.00 GB, dynamic(UM)=1.06 GB, BATCH=512, SUB_BATCH=512, num_subs=1, NS_eff=2
  > [GPU Phase] BFS wall=0.3749 s (cum=0.7271 s), Backward wall=0.3123 s (cum=0.6116 s), Prefetch cum=0.0000 s, SUB_BATCH=512, num_subs=1
  > index : 15869, Maximum Betweenness Centrality ==> 4029653.52
  > Elapse time [sec.] = 0.903759 
  > GTEPS = 3.6286 (nodes=32212, edges=101805)
Running: GPU_Opt on random...
  > [Mem] GPU HBM3: total=102.0 GB, free_before=101.4 GB
  > [Mem] topology(CPU/HBM3)=0.00 GB, dynamic(UM)=1.06 GB, BATCH=512, SUB_BATCH=512, num_subs=1, NS_eff=2
  > [GPU Phase] BFS wall=0.3735 s (cum=0.7291 s), Backward wall=0.3132 s (cum=0.6144 s), Prefetch cum=0.0000 s, SUB_BATCH=512, num_subs=1
  > index : 15869, Maximum Betweenness Centrality ==> 4029653.52
  > Elapse time [sec.] = 0.915095 
  > GTEPS = 3.5836 (nodes=32212, edges=101805)
Running: GPU_Opt on random...
  > [Mem] GPU HBM3: total=102.0 GB, free_before=101.4 GB
  > [Mem] topology(CPU/HBM3)=0.00 GB, dynamic(UM)=1.06 GB, BATCH=512, SUB_BATCH=512, num_subs=1, NS_eff=2
  > [GPU Phase] BFS wall=0.3773 s (cum=0.7240 s), Backward wall=0.3204 s (cum=0.6164 s), Prefetch cum=0.0000 s, SUB_BATCH=512, num_subs=1
  > index : 15869, Maximum Betweenness Centrality ==> 4029653.52
  > Elapse time [sec.] = 0.915218 
  > GTEPS = 3.5831 (nodes=32212, edges=101805)
Running: GPU_Opt on random...
  > [Mem] GPU HBM3: total=102.0 GB, free_before=101.4 GB
  > [Mem] topology(CPU/HBM3)=0.00 GB, dynamic(UM)=1.06 GB, BATCH=512, SUB_BATCH=512, num_subs=1, NS_eff=2
  > [GPU Phase] BFS wall=0.3779 s (cum=0.7252 s), Backward wall=0.3192 s (cum=0.6143 s), Prefetch cum=0.0000 s, SUB_BATCH=512, num_subs=1
  > index : 15869, Maximum Betweenness Centrality ==> 4029653.52
  > Elapse time [sec.] = 0.908829 
  > GTEPS = 3.6083 (nodes=32212, edges=101805)
Running: GPU_Opt on 56438_300801...
  > [Mem] GPU HBM3: total=102.0 GB, free_before=101.4 GB
  > [Mem] topology(CPU/HBM3)=0.00 GB, dynamic(UM)=1.85 GB, BATCH=512, SUB_BATCH=512, num_subs=1, NS_eff=2
  > [GPU Phase] BFS wall=0.6302 s (cum=1.2484 s), Backward wall=1.0766 s (cum=2.1315 s), Prefetch cum=0.0000 s, SUB_BATCH=512, num_subs=1
  > index : 25329, Maximum Betweenness Centrality ==> 6696305.50
  > Elapse time [sec.] = 2.001136 
  > GTEPS = 8.4835 (nodes=56438, edges=300801)
Running: GPU_Opt on 56438_300801...
  > [Mem] GPU HBM3: total=102.0 GB, free_before=101.4 GB
  > [Mem] topology(CPU/HBM3)=0.00 GB, dynamic(UM)=1.85 GB, BATCH=512, SUB_BATCH=512, num_subs=1, NS_eff=2
  > [GPU Phase] BFS wall=0.6384 s (cum=1.2700 s), Backward wall=1.0681 s (cum=2.1165 s), Prefetch cum=0.0000 s, SUB_BATCH=512, num_subs=1
  > index : 25329, Maximum Betweenness Centrality ==> 6696305.50
  > Elapse time [sec.] = 2.015724 
  > GTEPS = 8.4221 (nodes=56438, edges=300801)
Running: GPU_Opt on 56438_300801...
  > [Mem] GPU HBM3: total=102.0 GB, free_before=101.4 GB
  > [Mem] topology(CPU/HBM3)=0.00 GB, dynamic(UM)=1.85 GB, BATCH=512, SUB_BATCH=512, num_subs=1, NS_eff=2
  > [GPU Phase] BFS wall=0.6122 s (cum=1.2204 s), Backward wall=1.0909 s (cum=2.1659 s), Prefetch cum=0.0000 s, SUB_BATCH=512, num_subs=1
  > index : 25329, Maximum Betweenness Centrality ==> 6696305.50
  > Elapse time [sec.] = 2.018950 
  > GTEPS = 8.4086 (nodes=56438, edges=300801)
Running: GPU_Opt on 56438_300801...
  > [Mem] GPU HBM3: total=102.0 GB, free_before=101.4 GB
  > [Mem] topology(CPU/HBM3)=0.00 GB, dynamic(UM)=1.85 GB, BATCH=512, SUB_BATCH=512, num_subs=1, NS_eff=2
  > [GPU Phase] BFS wall=0.6283 s (cum=1.2481 s), Backward wall=1.0811 s (cum=2.1316 s), Prefetch cum=0.0000 s, SUB_BATCH=512, num_subs=1
  > index : 25329, Maximum Betweenness Centrality ==> 6696305.50
  > Elapse time [sec.] = 2.046912 
  > GTEPS = 8.2938 (nodes=56438, edges=300801)
Running: GPU_Opt on 56438_300801...
  > [Mem] GPU HBM3: total=102.0 GB, free_before=101.4 GB
  > [Mem] topology(CPU/HBM3)=0.00 GB, dynamic(UM)=1.85 GB, BATCH=512, SUB_BATCH=512, num_subs=1, NS_eff=2
  > [GPU Phase] BFS wall=0.6310 s (cum=1.2558 s), Backward wall=1.0731 s (cum=2.1263 s), Prefetch cum=0.0000 s, SUB_BATCH=512, num_subs=1
  > index : 25329, Maximum Betweenness Centrality ==> 6696305.50
  > Elapse time [sec.] = 2.004220 
  > GTEPS = 8.4704 (nodes=56438, edges=300801)
Running: GPU_Opt on 56438_300801...
  > [Mem] GPU HBM3: total=102.0 GB, free_before=101.4 GB
  > [Mem] topology(CPU/HBM3)=0.00 GB, dynamic(UM)=1.85 GB, BATCH=512, SUB_BATCH=512, num_subs=1, NS_eff=2
  > [GPU Phase] BFS wall=0.6255 s (cum=1.2500 s), Backward wall=1.0720 s (cum=2.1298 s), Prefetch cum=0.0000 s, SUB_BATCH=512, num_subs=1
  > index : 25329, Maximum Betweenness Centrality ==> 6696305.50
  > Elapse time [sec.] = 2.011896 
  > GTEPS = 8.4381 (nodes=56438, edges=300801)
Running: GPU_Opt on 56438_300801...
  > [Mem] GPU HBM3: total=102.0 GB, free_before=101.4 GB
  > [Mem] topology(CPU/HBM3)=0.00 GB, dynamic(UM)=1.85 GB, BATCH=512, SUB_BATCH=512, num_subs=1, NS_eff=2
  > [GPU Phase] BFS wall=0.6214 s (cum=1.2358 s), Backward wall=1.0845 s (cum=2.1494 s), Prefetch cum=0.0000 s, SUB_BATCH=512, num_subs=1
  > index : 25329, Maximum Betweenness Centrality ==> 6696305.50
  > Elapse time [sec.] = 2.007605 
  > GTEPS = 8.4561 (nodes=56438, edges=300801)
Running: GPU_Opt on 56438_300801...
  > [Mem] GPU HBM3: total=102.0 GB, free_before=101.4 GB
  > [Mem] topology(CPU/HBM3)=0.00 GB, dynamic(UM)=1.85 GB, BATCH=512, SUB_BATCH=512, num_subs=1, NS_eff=2
  > [GPU Phase] BFS wall=0.6243 s (cum=1.2384 s), Backward wall=1.0804 s (cum=2.1424 s), Prefetch cum=0.0000 s, SUB_BATCH=512, num_subs=1
  > index : 25329, Maximum Betweenness Centrality ==> 6696305.50
  > Elapse time [sec.] = 2.001868 
  > GTEPS = 8.4804 (nodes=56438, edges=300801)
Running: GPU_Opt on 56438_300801...
  > [Mem] GPU HBM3: total=102.0 GB, free_before=101.4 GB
  > [Mem] topology(CPU/HBM3)=0.00 GB, dynamic(UM)=1.85 GB, BATCH=512, SUB_BATCH=512, num_subs=1, NS_eff=2
  > [GPU Phase] BFS wall=0.6294 s (cum=1.2509 s), Backward wall=1.0771 s (cum=2.1322 s), Prefetch cum=0.0000 s, SUB_BATCH=512, num_subs=1
  > index : 25329, Maximum Betweenness Centrality ==> 6696305.50
  > Elapse time [sec.] = 2.010399 
  > GTEPS = 8.4444 (nodes=56438, edges=300801)
Running: GPU_Opt on 56438_300801...
  > [Mem] GPU HBM3: total=102.0 GB, free_before=101.4 GB
  > [Mem] topology(CPU/HBM3)=0.00 GB, dynamic(UM)=1.85 GB, BATCH=512, SUB_BATCH=512, num_subs=1, NS_eff=2
  > [GPU Phase] BFS wall=0.6276 s (cum=1.2486 s), Backward wall=1.0734 s (cum=2.1320 s), Prefetch cum=0.0000 s, SUB_BATCH=512, num_subs=1
  > index : 25329, Maximum Betweenness Centrality ==> 6696305.50
  > Elapse time [sec.] = 2.007888 
  > GTEPS = 8.4550 (nodes=56438, edges=300801)
Running: GPU_Opt_Pure_Chunked on benchmark_7000_41459...
  > [Mem] GPU: total=102.0 GB, free_before=101.4 GB
  > [Mem] topology(GPU)=0.00 GB, dynamic(SUB_BATCH alloc)=0.23 GB, BATCH=512, SUB_BATCH=512, num_subs=1, NS_eff=2
  > [GPU Phase] BFS wall=0.0100 s (cum=0.0200 s), Backward wall=0.0265 s (cum=0.0525 s), SUB_BATCH=512, num_subs=1
  > index : 4, Maximum Betweenness Centrality ==> 3935437.26
  > Elapse time [sec.] = 0.225738 
  > GTEPS = 1.2856 (nodes=7000, edges=41459)
Running: GPU_Opt_Pure_Chunked on benchmark_7000_41459...
  > [Mem] GPU: total=102.0 GB, free_before=101.4 GB
  > [Mem] topology(GPU)=0.00 GB, dynamic(SUB_BATCH alloc)=0.23 GB, BATCH=512, SUB_BATCH=512, num_subs=1, NS_eff=2
  > [GPU Phase] BFS wall=0.0100 s (cum=0.0200 s), Backward wall=0.0264 s (cum=0.0524 s), SUB_BATCH=512, num_subs=1
  > index : 4, Maximum Betweenness Centrality ==> 3935437.26
  > Elapse time [sec.] = 0.227741 
  > GTEPS = 1.2743 (nodes=7000, edges=41459)
Running: GPU_Opt_Pure_Chunked on benchmark_7000_41459...
  > [Mem] GPU: total=102.0 GB, free_before=101.4 GB
  > [Mem] topology(GPU)=0.00 GB, dynamic(SUB_BATCH alloc)=0.23 GB, BATCH=512, SUB_BATCH=512, num_subs=1, NS_eff=2
  > [GPU Phase] BFS wall=0.0101 s (cum=0.0201 s), Backward wall=0.0264 s (cum=0.0528 s), SUB_BATCH=512, num_subs=1
  > index : 4, Maximum Betweenness Centrality ==> 3935437.26
  > Elapse time [sec.] = 0.208241 
  > GTEPS = 1.3936 (nodes=7000, edges=41459)
Running: GPU_Opt_Pure_Chunked on benchmark_7000_41459...
  > [Mem] GPU: total=102.0 GB, free_before=101.4 GB
  > [Mem] topology(GPU)=0.00 GB, dynamic(SUB_BATCH alloc)=0.23 GB, BATCH=512, SUB_BATCH=512, num_subs=1, NS_eff=2
  > [GPU Phase] BFS wall=0.0102 s (cum=0.0202 s), Backward wall=0.0265 s (cum=0.0529 s), SUB_BATCH=512, num_subs=1
  > index : 4, Maximum Betweenness Centrality ==> 3935437.26
  > Elapse time [sec.] = 0.223752 
  > GTEPS = 1.2970 (nodes=7000, edges=41459)
Running: GPU_Opt_Pure_Chunked on benchmark_7000_41459...
  > [Mem] GPU: total=102.0 GB, free_before=101.4 GB
  > [Mem] topology(GPU)=0.00 GB, dynamic(SUB_BATCH alloc)=0.23 GB, BATCH=512, SUB_BATCH=512, num_subs=1, NS_eff=2
  > [GPU Phase] BFS wall=0.0103 s (cum=0.0203 s), Backward wall=0.0266 s (cum=0.0533 s), SUB_BATCH=512, num_subs=1
  > index : 4, Maximum Betweenness Centrality ==> 3935437.26
  > Elapse time [sec.] = 0.208686 
  > GTEPS = 1.3907 (nodes=7000, edges=41459)
Running: GPU_Opt_Pure_Chunked on benchmark_7000_41459...
  > [Mem] GPU: total=102.0 GB, free_before=101.4 GB
  > [Mem] topology(GPU)=0.00 GB, dynamic(SUB_BATCH alloc)=0.23 GB, BATCH=512, SUB_BATCH=512, num_subs=1, NS_eff=2
  > [GPU Phase] BFS wall=0.0106 s (cum=0.0206 s), Backward wall=0.0266 s (cum=0.0530 s), SUB_BATCH=512, num_subs=1
  > index : 4, Maximum Betweenness Centrality ==> 3935437.26
  > Elapse time [sec.] = 0.227429 
  > GTEPS = 1.2761 (nodes=7000, edges=41459)
Running: GPU_Opt_Pure_Chunked on benchmark_7000_41459...
  > [Mem] GPU: total=102.0 GB, free_before=101.4 GB
  > [Mem] topology(GPU)=0.00 GB, dynamic(SUB_BATCH alloc)=0.23 GB, BATCH=512, SUB_BATCH=512, num_subs=1, NS_eff=2
  > [GPU Phase] BFS wall=0.0104 s (cum=0.0205 s), Backward wall=0.0264 s (cum=0.0527 s), SUB_BATCH=512, num_subs=1
  > index : 4, Maximum Betweenness Centrality ==> 3935437.26
  > Elapse time [sec.] = 0.226421 
  > GTEPS = 1.2817 (nodes=7000, edges=41459)
Running: GPU_Opt_Pure_Chunked on benchmark_7000_41459...
  > [Mem] GPU: total=102.0 GB, free_before=101.4 GB
  > [Mem] topology(GPU)=0.00 GB, dynamic(SUB_BATCH alloc)=0.23 GB, BATCH=512, SUB_BATCH=512, num_subs=1, NS_eff=2
  > [GPU Phase] BFS wall=0.0101 s (cum=0.0201 s), Backward wall=0.0264 s (cum=0.0523 s), SUB_BATCH=512, num_subs=1
  > index : 4, Maximum Betweenness Centrality ==> 3935437.26
  > Elapse time [sec.] = 0.227449 
  > GTEPS = 1.2759 (nodes=7000, edges=41459)
Running: GPU_Opt_Pure_Chunked on benchmark_7000_41459...
  > [Mem] GPU: total=102.0 GB, free_before=101.4 GB
  > [Mem] topology(GPU)=0.00 GB, dynamic(SUB_BATCH alloc)=0.23 GB, BATCH=512, SUB_BATCH=512, num_subs=1, NS_eff=2
  > [GPU Phase] BFS wall=0.0101 s (cum=0.0202 s), Backward wall=0.0263 s (cum=0.0523 s), SUB_BATCH=512, num_subs=1
  > index : 4, Maximum Betweenness Centrality ==> 3935437.26
  > Elapse time [sec.] = 0.225574 
  > GTEPS = 1.2866 (nodes=7000, edges=41459)
Running: GPU_Opt_Pure_Chunked on benchmark_7000_41459...
  > [Mem] GPU: total=102.0 GB, free_before=101.4 GB
  > [Mem] topology(GPU)=0.00 GB, dynamic(SUB_BATCH alloc)=0.23 GB, BATCH=512, SUB_BATCH=512, num_subs=1, NS_eff=2
  > [GPU Phase] BFS wall=0.0104 s (cum=0.0204 s), Backward wall=0.0268 s (cum=0.0533 s), SUB_BATCH=512, num_subs=1
  > index : 4, Maximum Betweenness Centrality ==> 3935437.26
  > Elapse time [sec.] = 0.222417 
  > GTEPS = 1.3048 (nodes=7000, edges=41459)
Running: GPU_Opt_Pure_Chunked on benchmark_11023_62184...
  > [Mem] GPU: total=102.0 GB, free_before=101.4 GB
  > [Mem] topology(GPU)=0.00 GB, dynamic(SUB_BATCH alloc)=0.36 GB, BATCH=512, SUB_BATCH=512, num_subs=1, NS_eff=2
  > [GPU Phase] BFS wall=0.0280 s (cum=0.0553 s), Backward wall=0.0372 s (cum=0.0735 s), SUB_BATCH=512, num_subs=1
  > index : 10, Maximum Betweenness Centrality ==> 11951000.93
  > Elapse time [sec.] = 0.282451 
  > GTEPS = 2.4268 (nodes=11023, edges=62184)
Running: GPU_Opt_Pure_Chunked on benchmark_11023_62184...
  > [Mem] GPU: total=102.0 GB, free_before=101.4 GB
  > [Mem] topology(GPU)=0.00 GB, dynamic(SUB_BATCH alloc)=0.36 GB, BATCH=512, SUB_BATCH=512, num_subs=1, NS_eff=2
  > [GPU Phase] BFS wall=0.0280 s (cum=0.0552 s), Backward wall=0.0372 s (cum=0.0735 s), SUB_BATCH=512, num_subs=1
  > index : 10, Maximum Betweenness Centrality ==> 11951000.93
  > Elapse time [sec.] = 0.248994 
  > GTEPS = 2.7529 (nodes=11023, edges=62184)
Running: GPU_Opt_Pure_Chunked on benchmark_11023_62184...
  > [Mem] GPU: total=102.0 GB, free_before=101.4 GB
  > [Mem] topology(GPU)=0.00 GB, dynamic(SUB_BATCH alloc)=0.36 GB, BATCH=512, SUB_BATCH=512, num_subs=1, NS_eff=2
  > [GPU Phase] BFS wall=0.0280 s (cum=0.0554 s), Backward wall=0.0377 s (cum=0.0741 s), SUB_BATCH=512, num_subs=1
  > index : 10, Maximum Betweenness Centrality ==> 11951000.93
  > Elapse time [sec.] = 0.261210 
  > GTEPS = 2.6242 (nodes=11023, edges=62184)
Running: GPU_Opt_Pure_Chunked on benchmark_11023_62184...
  > [Mem] GPU: total=102.0 GB, free_before=101.4 GB
  > [Mem] topology(GPU)=0.00 GB, dynamic(SUB_BATCH alloc)=0.36 GB, BATCH=512, SUB_BATCH=512, num_subs=1, NS_eff=2
  > [GPU Phase] BFS wall=0.0280 s (cum=0.0553 s), Backward wall=0.0375 s (cum=0.0742 s), SUB_BATCH=512, num_subs=1
  > index : 10, Maximum Betweenness Centrality ==> 11951000.93
  > Elapse time [sec.] = 0.249054 
  > GTEPS = 2.7522 (nodes=11023, edges=62184)
Running: GPU_Opt_Pure_Chunked on benchmark_11023_62184...
  > [Mem] GPU: total=102.0 GB, free_before=101.4 GB
  > [Mem] topology(GPU)=0.00 GB, dynamic(SUB_BATCH alloc)=0.36 GB, BATCH=512, SUB_BATCH=512, num_subs=1, NS_eff=2
  > [GPU Phase] BFS wall=0.0279 s (cum=0.0555 s), Backward wall=0.0375 s (cum=0.0737 s), SUB_BATCH=512, num_subs=1
  > index : 10, Maximum Betweenness Centrality ==> 11951000.93
  > Elapse time [sec.] = 0.282490 
  > GTEPS = 2.4265 (nodes=11023, edges=62184)
Running: GPU_Opt_Pure_Chunked on benchmark_11023_62184...
  > [Mem] GPU: total=102.0 GB, free_before=101.4 GB
  > [Mem] topology(GPU)=0.00 GB, dynamic(SUB_BATCH alloc)=0.36 GB, BATCH=512, SUB_BATCH=512, num_subs=1, NS_eff=2
  > [GPU Phase] BFS wall=0.0279 s (cum=0.0555 s), Backward wall=0.0376 s (cum=0.0738 s), SUB_BATCH=512, num_subs=1
  > index : 10, Maximum Betweenness Centrality ==> 11951000.93
  > Elapse time [sec.] = 0.249711 
  > GTEPS = 2.7450 (nodes=11023, edges=62184)
Running: GPU_Opt_Pure_Chunked on benchmark_11023_62184...
  > [Mem] GPU: total=102.0 GB, free_before=101.4 GB
  > [Mem] topology(GPU)=0.00 GB, dynamic(SUB_BATCH alloc)=0.36 GB, BATCH=512, SUB_BATCH=512, num_subs=1, NS_eff=2
  > [GPU Phase] BFS wall=0.0279 s (cum=0.0553 s), Backward wall=0.0376 s (cum=0.0739 s), SUB_BATCH=512, num_subs=1
  > index : 10, Maximum Betweenness Centrality ==> 11951000.93
  > Elapse time [sec.] = 0.263883 
  > GTEPS = 2.5976 (nodes=11023, edges=62184)
Running: GPU_Opt_Pure_Chunked on benchmark_11023_62184...
  > [Mem] GPU: total=102.0 GB, free_before=101.4 GB
  > [Mem] topology(GPU)=0.00 GB, dynamic(SUB_BATCH alloc)=0.36 GB, BATCH=512, SUB_BATCH=512, num_subs=1, NS_eff=2
  > [GPU Phase] BFS wall=0.0277 s (cum=0.0550 s), Backward wall=0.0373 s (cum=0.0736 s), SUB_BATCH=512, num_subs=1
  > index : 10, Maximum Betweenness Centrality ==> 11951000.93
  > Elapse time [sec.] = 0.265298 
  > GTEPS = 2.5837 (nodes=11023, edges=62184)
Running: GPU_Opt_Pure_Chunked on benchmark_11023_62184...
  > [Mem] GPU: total=102.0 GB, free_before=101.4 GB
  > [Mem] topology(GPU)=0.00 GB, dynamic(SUB_BATCH alloc)=0.36 GB, BATCH=512, SUB_BATCH=512, num_subs=1, NS_eff=2
  > [GPU Phase] BFS wall=0.0277 s (cum=0.0551 s), Backward wall=0.0375 s (cum=0.0739 s), SUB_BATCH=512, num_subs=1
  > index : 10, Maximum Betweenness Centrality ==> 11951000.93
  > Elapse time [sec.] = 0.252229 
  > GTEPS = 2.7176 (nodes=11023, edges=62184)
Running: GPU_Opt_Pure_Chunked on benchmark_11023_62184...
  > [Mem] GPU: total=102.0 GB, free_before=101.4 GB
  > [Mem] topology(GPU)=0.00 GB, dynamic(SUB_BATCH alloc)=0.36 GB, BATCH=512, SUB_BATCH=512, num_subs=1, NS_eff=2
  > [GPU Phase] BFS wall=0.0277 s (cum=0.0552 s), Backward wall=0.0372 s (cum=0.0738 s), SUB_BATCH=512, num_subs=1
  > index : 10, Maximum Betweenness Centrality ==> 11951000.93
  > Elapse time [sec.] = 0.254122 
  > GTEPS = 2.6973 (nodes=11023, edges=62184)
Running: GPU_Opt_Pure_Chunked on random...
  > [Mem] GPU: total=102.0 GB, free_before=101.4 GB
  > [Mem] topology(GPU)=0.00 GB, dynamic(SUB_BATCH alloc)=1.06 GB, BATCH=512, SUB_BATCH=512, num_subs=1, NS_eff=2
  > [GPU Phase] BFS wall=0.3712 s (cum=0.6904 s), Backward wall=0.3371 s (cum=0.6264 s), SUB_BATCH=512, num_subs=1
  > index : 15869, Maximum Betweenness Centrality ==> 4029653.52
  > Elapse time [sec.] = 0.894703 
  > GTEPS = 3.6653 (nodes=32212, edges=101805)
Running: GPU_Opt_Pure_Chunked on random...
  > [Mem] GPU: total=102.0 GB, free_before=101.4 GB
  > [Mem] topology(GPU)=0.00 GB, dynamic(SUB_BATCH alloc)=1.06 GB, BATCH=512, SUB_BATCH=512, num_subs=1, NS_eff=2
  > [GPU Phase] BFS wall=0.3803 s (cum=0.7011 s), Backward wall=0.3388 s (cum=0.6199 s), SUB_BATCH=512, num_subs=1
  > index : 15869, Maximum Betweenness Centrality ==> 4029653.52
  > Elapse time [sec.] = 0.905911 
  > GTEPS = 3.6199 (nodes=32212, edges=101805)
Running: GPU_Opt_Pure_Chunked on random...
  > [Mem] GPU: total=102.0 GB, free_before=101.4 GB
  > [Mem] topology(GPU)=0.00 GB, dynamic(SUB_BATCH alloc)=1.06 GB, BATCH=512, SUB_BATCH=512, num_subs=1, NS_eff=2
  > [GPU Phase] BFS wall=0.3739 s (cum=0.6942 s), Backward wall=0.3371 s (cum=0.6255 s), SUB_BATCH=512, num_subs=1
  > index : 15869, Maximum Betweenness Centrality ==> 4029653.52
  > Elapse time [sec.] = 0.895195 
  > GTEPS = 3.6633 (nodes=32212, edges=101805)
Running: GPU_Opt_Pure_Chunked on random...
  > [Mem] GPU: total=102.0 GB, free_before=101.4 GB
  > [Mem] topology(GPU)=0.00 GB, dynamic(SUB_BATCH alloc)=1.06 GB, BATCH=512, SUB_BATCH=512, num_subs=1, NS_eff=2
  > [GPU Phase] BFS wall=0.3791 s (cum=0.7039 s), Backward wall=0.3353 s (cum=0.6191 s), SUB_BATCH=512, num_subs=1
  > index : 15869, Maximum Betweenness Centrality ==> 4029653.52
  > Elapse time [sec.] = 0.896637 
  > GTEPS = 3.6574 (nodes=32212, edges=101805)
Running: GPU_Opt_Pure_Chunked on random...
  > [Mem] GPU: total=102.0 GB, free_before=101.4 GB
  > [Mem] topology(GPU)=0.00 GB, dynamic(SUB_BATCH alloc)=1.06 GB, BATCH=512, SUB_BATCH=512, num_subs=1, NS_eff=2
  > [GPU Phase] BFS wall=0.3750 s (cum=0.6952 s), Backward wall=0.3384 s (cum=0.6226 s), SUB_BATCH=512, num_subs=1
  > index : 15869, Maximum Betweenness Centrality ==> 4029653.52
  > Elapse time [sec.] = 0.903848 
  > GTEPS = 3.6282 (nodes=32212, edges=101805)
Running: GPU_Opt_Pure_Chunked on random...
  > [Mem] GPU: total=102.0 GB, free_before=101.4 GB
  > [Mem] topology(GPU)=0.00 GB, dynamic(SUB_BATCH alloc)=1.06 GB, BATCH=512, SUB_BATCH=512, num_subs=1, NS_eff=2
  > [GPU Phase] BFS wall=0.3738 s (cum=0.6922 s), Backward wall=0.3388 s (cum=0.6235 s), SUB_BATCH=512, num_subs=1
  > index : 15869, Maximum Betweenness Centrality ==> 4029653.52
  > Elapse time [sec.] = 0.904525 
  > GTEPS = 3.6255 (nodes=32212, edges=101805)
Running: GPU_Opt_Pure_Chunked on random...
  > [Mem] GPU: total=102.0 GB, free_before=101.4 GB
  > [Mem] topology(GPU)=0.00 GB, dynamic(SUB_BATCH alloc)=1.06 GB, BATCH=512, SUB_BATCH=512, num_subs=1, NS_eff=2
  > [GPU Phase] BFS wall=0.3746 s (cum=0.6932 s), Backward wall=0.3395 s (cum=0.6241 s), SUB_BATCH=512, num_subs=1
  > index : 15869, Maximum Betweenness Centrality ==> 4029653.52
  > Elapse time [sec.] = 0.896031 
  > GTEPS = 3.6599 (nodes=32212, edges=101805)
Running: GPU_Opt_Pure_Chunked on random...
  > [Mem] GPU: total=102.0 GB, free_before=101.4 GB
  > [Mem] topology(GPU)=0.00 GB, dynamic(SUB_BATCH alloc)=1.06 GB, BATCH=512, SUB_BATCH=512, num_subs=1, NS_eff=2
  > [GPU Phase] BFS wall=0.3736 s (cum=0.6928 s), Backward wall=0.3390 s (cum=0.6252 s), SUB_BATCH=512, num_subs=1
  > index : 15869, Maximum Betweenness Centrality ==> 4029653.52
  > Elapse time [sec.] = 0.895710 
  > GTEPS = 3.6612 (nodes=32212, edges=101805)
Running: GPU_Opt_Pure_Chunked on random...
  > [Mem] GPU: total=102.0 GB, free_before=101.4 GB
  > [Mem] topology(GPU)=0.00 GB, dynamic(SUB_BATCH alloc)=1.06 GB, BATCH=512, SUB_BATCH=512, num_subs=1, NS_eff=2
  > [GPU Phase] BFS wall=0.3768 s (cum=0.6975 s), Backward wall=0.3362 s (cum=0.6197 s), SUB_BATCH=512, num_subs=1
  > index : 15869, Maximum Betweenness Centrality ==> 4029653.52
  > Elapse time [sec.] = 0.893048 
  > GTEPS = 3.6721 (nodes=32212, edges=101805)
Running: GPU_Opt_Pure_Chunked on random...
  > [Mem] GPU: total=102.0 GB, free_before=101.4 GB
  > [Mem] topology(GPU)=0.00 GB, dynamic(SUB_BATCH alloc)=1.06 GB, BATCH=512, SUB_BATCH=512, num_subs=1, NS_eff=2
  > [GPU Phase] BFS wall=0.3784 s (cum=0.6982 s), Backward wall=0.3397 s (cum=0.6220 s), SUB_BATCH=512, num_subs=1
  > index : 15869, Maximum Betweenness Centrality ==> 4029653.52
  > Elapse time [sec.] = 0.902358 
  > GTEPS = 3.6342 (nodes=32212, edges=101805)
Running: GPU_Opt_Pure_Chunked on 56438_300801...
  > [Mem] GPU: total=102.0 GB, free_before=101.4 GB
  > [Mem] topology(GPU)=0.00 GB, dynamic(SUB_BATCH alloc)=1.85 GB, BATCH=512, SUB_BATCH=512, num_subs=1, NS_eff=2
  > [GPU Phase] BFS wall=0.6369 s (cum=1.2719 s), Backward wall=1.0871 s (cum=2.1594 s), SUB_BATCH=512, num_subs=1
  > index : 25329, Maximum Betweenness Centrality ==> 6696305.50
  > Elapse time [sec.] = 2.012767 
  > GTEPS = 8.4345 (nodes=56438, edges=300801)
Running: GPU_Opt_Pure_Chunked on 56438_300801...
  > [Mem] GPU: total=102.0 GB, free_before=101.4 GB
  > [Mem] topology(GPU)=0.00 GB, dynamic(SUB_BATCH alloc)=1.85 GB, BATCH=512, SUB_BATCH=512, num_subs=1, NS_eff=2
  > [GPU Phase] BFS wall=0.6523 s (cum=1.3022 s), Backward wall=1.0782 s (cum=2.1394 s), SUB_BATCH=512, num_subs=1
  > index : 25329, Maximum Betweenness Centrality ==> 6696305.50
  > Elapse time [sec.] = 2.028155 
  > GTEPS = 8.3705 (nodes=56438, edges=300801)
Running: GPU_Opt_Pure_Chunked on 56438_300801...
  > [Mem] GPU: total=102.0 GB, free_before=101.4 GB
  > [Mem] topology(GPU)=0.00 GB, dynamic(SUB_BATCH alloc)=1.85 GB, BATCH=512, SUB_BATCH=512, num_subs=1, NS_eff=2
  > [GPU Phase] BFS wall=0.6524 s (cum=1.3024 s), Backward wall=1.0705 s (cum=2.1283 s), SUB_BATCH=512, num_subs=1
  > index : 25329, Maximum Betweenness Centrality ==> 6696305.50
  > Elapse time [sec.] = 2.044404 
  > GTEPS = 8.3039 (nodes=56438, edges=300801)
Running: GPU_Opt_Pure_Chunked on 56438_300801...
  > [Mem] GPU: total=102.0 GB, free_before=101.4 GB
  > [Mem] topology(GPU)=0.00 GB, dynamic(SUB_BATCH alloc)=1.85 GB, BATCH=512, SUB_BATCH=512, num_subs=1, NS_eff=2
  > [GPU Phase] BFS wall=0.6621 s (cum=1.3202 s), Backward wall=1.0640 s (cum=2.1098 s), SUB_BATCH=512, num_subs=1
  > index : 25329, Maximum Betweenness Centrality ==> 6696305.50
  > Elapse time [sec.] = 2.024393 
  > GTEPS = 8.3860 (nodes=56438, edges=300801)
Running: GPU_Opt_Pure_Chunked on 56438_300801...
  > [Mem] GPU: total=102.0 GB, free_before=101.4 GB
  > [Mem] topology(GPU)=0.00 GB, dynamic(SUB_BATCH alloc)=1.85 GB, BATCH=512, SUB_BATCH=512, num_subs=1, NS_eff=2
  > [GPU Phase] BFS wall=0.6612 s (cum=1.3214 s), Backward wall=1.0631 s (cum=2.1099 s), SUB_BATCH=512, num_subs=1
  > index : 25329, Maximum Betweenness Centrality ==> 6696305.50
  > Elapse time [sec.] = 2.025391 
  > GTEPS = 8.3819 (nodes=56438, edges=300801)
Running: GPU_Opt_Pure_Chunked on 56438_300801...
  > [Mem] GPU: total=102.0 GB, free_before=101.4 GB
  > [Mem] topology(GPU)=0.00 GB, dynamic(SUB_BATCH alloc)=1.85 GB, BATCH=512, SUB_BATCH=512, num_subs=1, NS_eff=2
  > [GPU Phase] BFS wall=0.6615 s (cum=1.3155 s), Backward wall=1.0681 s (cum=2.1201 s), SUB_BATCH=512, num_subs=1
  > index : 25329, Maximum Betweenness Centrality ==> 6696305.50
  > Elapse time [sec.] = 2.060374 
  > GTEPS = 8.2396 (nodes=56438, edges=300801)
Running: GPU_Opt_Pure_Chunked on 56438_300801...
  > [Mem] GPU: total=102.0 GB, free_before=101.4 GB
  > [Mem] topology(GPU)=0.00 GB, dynamic(SUB_BATCH alloc)=1.85 GB, BATCH=512, SUB_BATCH=512, num_subs=1, NS_eff=2
  > [GPU Phase] BFS wall=0.6475 s (cum=1.2911 s), Backward wall=1.0757 s (cum=2.1420 s), SUB_BATCH=512, num_subs=1
  > index : 25329, Maximum Betweenness Centrality ==> 6696305.50
  > Elapse time [sec.] = 2.026729 
  > GTEPS = 8.3764 (nodes=56438, edges=300801)
Running: GPU_Opt_Pure_Chunked on 56438_300801...
  > [Mem] GPU: total=102.0 GB, free_before=101.4 GB
  > [Mem] topology(GPU)=0.00 GB, dynamic(SUB_BATCH alloc)=1.85 GB, BATCH=512, SUB_BATCH=512, num_subs=1, NS_eff=2
  > [GPU Phase] BFS wall=0.6682 s (cum=1.3165 s), Backward wall=1.0738 s (cum=2.1178 s), SUB_BATCH=512, num_subs=1
  > index : 25329, Maximum Betweenness Centrality ==> 6696305.50
  > Elapse time [sec.] = 2.045476 
  > GTEPS = 8.2996 (nodes=56438, edges=300801)
Running: GPU_Opt_Pure_Chunked on 56438_300801...
  > [Mem] GPU: total=102.0 GB, free_before=101.4 GB
  > [Mem] topology(GPU)=0.00 GB, dynamic(SUB_BATCH alloc)=1.85 GB, BATCH=512, SUB_BATCH=512, num_subs=1, NS_eff=2
  > [GPU Phase] BFS wall=0.6643 s (cum=1.3191 s), Backward wall=1.0608 s (cum=2.1125 s), SUB_BATCH=512, num_subs=1
  > index : 25329, Maximum Betweenness Centrality ==> 6696305.50
  > Elapse time [sec.] = 2.044982 
  > GTEPS = 8.3016 (nodes=56438, edges=300801)
Running: GPU_Opt_Pure_Chunked on 56438_300801...
  > [Mem] GPU: total=102.0 GB, free_before=101.4 GB
  > [Mem] topology(GPU)=0.00 GB, dynamic(SUB_BATCH alloc)=1.85 GB, BATCH=512, SUB_BATCH=512, num_subs=1, NS_eff=2
  > [GPU Phase] BFS wall=0.6667 s (cum=1.3256 s), Backward wall=1.0649 s (cum=2.1128 s), SUB_BATCH=512, num_subs=1
  > index : 25329, Maximum Betweenness Centrality ==> 6696305.50
  > Elapse time [sec.] = 2.030782 
  > GTEPS = 8.3596 (nodes=56438, edges=300801)
