=== Targeted Benchmark ===
Project : /work/gj17/j17000/m5291091/lab/thesis_bc_project
Runner  : /work/gj17/j17000/m5291091/lab/thesis_bc_project/build_miyabi/run_benchmark
Graphs  : snap/roadNet-TX
Impls   : gpu_opt gpu_opt_pure gpu_opt_pure_chunked   Trials: 3   Timeout: 21600s
Result  : /work/gj17/j17000/m5291091/lab/thesis_bc_project/build_miyabi/result_benchmark_20260711_005551_2357336
[RUN] /work/gj17/j17000/m5291091/lab/thesis_bc_project/build_miyabi/run_benchmark gpu_opt /work/gj17/j17000/m5291091/lab/thesis_bc_project/data/snap/roadNet-TX  (trial 1/3)
  -> 979.845669 sec (GTEPS=2.7063)
[RUN] /work/gj17/j17000/m5291091/lab/thesis_bc_project/build_miyabi/run_benchmark gpu_opt /work/gj17/j17000/m5291091/lab/thesis_bc_project/data/snap/roadNet-TX  (trial 2/3)
  -> 980.134755 sec (GTEPS=2.7055)
[RUN] /work/gj17/j17000/m5291091/lab/thesis_bc_project/build_miyabi/run_benchmark gpu_opt /work/gj17/j17000/m5291091/lab/thesis_bc_project/data/snap/roadNet-TX  (trial 3/3)
  -> 990.988855 sec (GTEPS=2.6758)
[RUN] /work/gj17/j17000/m5291091/lab/thesis_bc_project/build_miyabi/run_benchmark gpu_opt_pure /work/gj17/j17000/m5291091/lab/thesis_bc_project/data/snap/roadNet-TX  (trial 1/3)
  -> 991.495352 sec (GTEPS=2.6745)
[RUN] /work/gj17/j17000/m5291091/lab/thesis_bc_project/build_miyabi/run_benchmark gpu_opt_pure /work/gj17/j17000/m5291091/lab/thesis_bc_project/data/snap/roadNet-TX  (trial 2/3)
  -> 988.560627 sec (GTEPS=2.6824)
[RUN] /work/gj17/j17000/m5291091/lab/thesis_bc_project/build_miyabi/run_benchmark gpu_opt_pure /work/gj17/j17000/m5291091/lab/thesis_bc_project/data/snap/roadNet-TX  (trial 3/3)
  -> 979.116258 sec (GTEPS=2.7083)
[RUN] /work/gj17/j17000/m5291091/lab/thesis_bc_project/build_miyabi/run_benchmark gpu_opt_pure_chunked /work/gj17/j17000/m5291091/lab/thesis_bc_project/data/snap/roadNet-TX  (trial 1/3)
  -> 980.090014 sec (GTEPS=2.7056)
[RUN] /work/gj17/j17000/m5291091/lab/thesis_bc_project/build_miyabi/run_benchmark gpu_opt_pure_chunked /work/gj17/j17000/m5291091/lab/thesis_bc_project/data/snap/roadNet-TX  (trial 2/3)
  -> 992.839433 sec (GTEPS=2.6709)
[RUN] /work/gj17/j17000/m5291091/lab/thesis_bc_project/build_miyabi/run_benchmark gpu_opt_pure_chunked /work/gj17/j17000/m5291091/lab/thesis_bc_project/data/snap/roadNet-TX  (trial 3/3)
  -> 992.949477 sec (GTEPS=2.6706)
=== Targeted Benchmark Complete ===
Implementation	Graph	Nodes	Edges	Trial	Time_sec	GTEPS
GPU_Opt	roadNet-TX	1379917	1921660	1	979.845669	2.7063
GPU_Opt	roadNet-TX	1379917	1921660	2	980.134755	2.7055
GPU_Opt	roadNet-TX	1379917	1921660	3	990.988855	2.6758
GPU_Opt_Pure	roadNet-TX	1379917	1921660	1	991.495352	2.6745
GPU_Opt_Pure	roadNet-TX	1379917	1921660	2	988.560627	2.6824
GPU_Opt_Pure	roadNet-TX	1379917	1921660	3	979.116258	2.7083
GPU_Opt_Pure_Chunked	roadNet-TX	1379917	1921660	1	980.090014	2.7056
GPU_Opt_Pure_Chunked	roadNet-TX	1379917	1921660	2	992.839433	2.6709
GPU_Opt_Pure_Chunked	roadNet-TX	1379917	1921660	3	992.949477	2.6706

=== 自動サマリ生成 ===
  結果読み込み: 3 件 (3 手法 × 1 グラフ) (複数試行の平均値)
  → /work/gj17/j17000/m5291091/lab/thesis_bc_project/build_miyabi/result_benchmark_20260711_005551_2357336/summary_table.md
  → /work/gj17/j17000/m5291091/lab/thesis_bc_project/build_miyabi/result_benchmark_20260711_005551_2357336/speedup_table.md
  → /work/gj17/j17000/m5291091/lab/thesis_bc_project/build_miyabi/result_benchmark_20260711_005551_2357336/correctness.md
  → /work/gj17/j17000/m5291091/lab/thesis_bc_project/build_miyabi/result_benchmark_20260711_005551_2357336/summary_table.tsv


# スピードアップ (vs PathMerge_BC)

(ベースライン PathMerge_BC の結果がありません)
