checkpoint_sha=88faffa391026852a4440e5b9a063c08c29624f7 git_HEAD=88faffa391026852a4440e5b9a063c08c29624f7
=== PathMerge Correctness (dump-bc) ===
Project    : /work/gj17/j17000/m5291091/lab/thesis_bc_project
Runner     : /work/gj17/j17000/m5291091/lab/thesis_bc_project/build_miyabi/run_pathmerge_sweep
Graph      : /work/gj17/j17000/m5291091/lab/thesis_bc_project/data/snap/roadNet-CA
Batches    : 32 64
Result     : /work/gj17/j17000/m5291091/lab/thesis_bc_project/build_miyabi/t1_ca_correctness
Checkpoint : 88faffa391026852a4440e5b9a063c08c29624f7
[RUN] /work/gj17/j17000/m5291091/lab/thesis_bc_project/build_miyabi/run_pathmerge_sweep /work/gj17/j17000/m5291091/lab/thesis_bc_project/data/snap/roadNet-CA 32 --dump-bc  -> /work/gj17/j17000/m5291091/lab/thesis_bc_project/build_miyabi/t1_ca_correctness/bc_b32.txt
  -> dump lines=1965206;   > index : 1584888, Maximum Betweenness Centrality ==> 686380725021.27
[RUN] /work/gj17/j17000/m5291091/lab/thesis_bc_project/build_miyabi/run_pathmerge_sweep /work/gj17/j17000/m5291091/lab/thesis_bc_project/data/snap/roadNet-CA 64 --dump-bc  -> /work/gj17/j17000/m5291091/lab/thesis_bc_project/build_miyabi/t1_ca_correctness/bc_b64.txt
  -> dump lines=1965206;   > index : 1584888, Maximum Betweenness Centrality ==> 686380725021.27
=== Correctness dump complete ===
total 113004
drwxr-s---  2 j17000 gj17     4096 Jul 11 22:48 .
drwxr-s--- 44 j17000 gj17     4096 Jul 11 21:57 ..
-rw-r-----  1 j17000 gj17      443 Jul 11 22:48 bc_b32.stderr.log
-rw-r-----  1 j17000 gj17 57845122 Jul 11 22:48 bc_b32.txt
-rw-r-----  1 j17000 gj17      442 Jul 11 23:46 bc_b64.stderr.log
-rw-r-----  1 j17000 gj17 57845122 Jul 11 23:46 bc_b64.txt
-rw-r-----  1 j17000 gj17      941 Jul 11 23:46 correctness.log

次段の数値比較:
  python3 /work/gj17/j17000/m5291091/lab/thesis_bc_project/scripts/compare_bc_vectors.py \
    /work/gj17/j17000/m5291091/lab/thesis_bc_project/build_miyabi/t1_ca_correctness/bc_b32.txt /work/gj17/j17000/m5291091/lab/thesis_bc_project/build_miyabi/t1_ca_correctness/bc_b64.txt
