=== Targeted Benchmark ===
Project : /work/gj17/j17000/m5291091/lab/thesis_bc_project
Runner  : /work/gj17/j17000/m5291091/lab/thesis_bc_project/build_miyabi/run_benchmark
Graphs  : snap/roadNet-PA
Impls   : gpu_opt gpu_opt_pure gpu_opt_pure_chunked   Trials: 3   Timeout: 21600s
Result  : /work/gj17/j17000/m5291091/lab/thesis_bc_project/build_miyabi/result_benchmark_20260711_005509_2357335
[RUN] /work/gj17/j17000/m5291091/lab/thesis_bc_project/build_miyabi/run_benchmark gpu_opt /work/gj17/j17000/m5291091/lab/thesis_bc_project/data/snap/roadNet-PA  (trial 1/3)
  -> 702.446657 sec (GTEPS=2.3884)
[RUN] /work/gj17/j17000/m5291091/lab/thesis_bc_project/build_miyabi/run_benchmark gpu_opt /work/gj17/j17000/m5291091/lab/thesis_bc_project/data/snap/roadNet-PA  (trial 2/3)
  -> 699.523546 sec (GTEPS=2.3984)
[RUN] /work/gj17/j17000/m5291091/lab/thesis_bc_project/build_miyabi/run_benchmark gpu_opt /work/gj17/j17000/m5291091/lab/thesis_bc_project/data/snap/roadNet-PA  (trial 3/3)
  -> 699.497404 sec (GTEPS=2.3985)
[RUN] /work/gj17/j17000/m5291091/lab/thesis_bc_project/build_miyabi/run_benchmark gpu_opt_pure /work/gj17/j17000/m5291091/lab/thesis_bc_project/data/snap/roadNet-PA  (trial 1/3)
  -> 700.892352 sec (GTEPS=2.3937)
[RUN] /work/gj17/j17000/m5291091/lab/thesis_bc_project/build_miyabi/run_benchmark gpu_opt_pure /work/gj17/j17000/m5291091/lab/thesis_bc_project/data/snap/roadNet-PA  (trial 2/3)
  -> 694.936007 sec (GTEPS=2.4142)
[RUN] /work/gj17/j17000/m5291091/lab/thesis_bc_project/build_miyabi/run_benchmark gpu_opt_pure /work/gj17/j17000/m5291091/lab/thesis_bc_project/data/snap/roadNet-PA  (trial 3/3)
  -> 697.819223 sec (GTEPS=2.4042)
[RUN] /work/gj17/j17000/m5291091/lab/thesis_bc_project/build_miyabi/run_benchmark gpu_opt_pure_chunked /work/gj17/j17000/m5291091/lab/thesis_bc_project/data/snap/roadNet-PA  (trial 1/3)
  -> 694.092249 sec (GTEPS=2.4172)
[RUN] /work/gj17/j17000/m5291091/lab/thesis_bc_project/build_miyabi/run_benchmark gpu_opt_pure_chunked /work/gj17/j17000/m5291091/lab/thesis_bc_project/data/snap/roadNet-PA  (trial 2/3)
  -> 692.310473 sec (GTEPS=2.4234)
[RUN] /work/gj17/j17000/m5291091/lab/thesis_bc_project/build_miyabi/run_benchmark gpu_opt_pure_chunked /work/gj17/j17000/m5291091/lab/thesis_bc_project/data/snap/roadNet-PA  (trial 3/3)
  -> 694.587899 sec (GTEPS=2.4154)
=== Targeted Benchmark Complete ===
Implementation	Graph	Nodes	Edges	Trial	Time_sec	GTEPS
GPU_Opt	roadNet-PA	1088092	1541898	1	702.446657	2.3884
GPU_Opt	roadNet-PA	1088092	1541898	2	699.523546	2.3984
GPU_Opt	roadNet-PA	1088092	1541898	3	699.497404	2.3985
GPU_Opt_Pure	roadNet-PA	1088092	1541898	1	700.892352	2.3937
GPU_Opt_Pure	roadNet-PA	1088092	1541898	2	694.936007	2.4142
GPU_Opt_Pure	roadNet-PA	1088092	1541898	3	697.819223	2.4042
GPU_Opt_Pure_Chunked	roadNet-PA	1088092	1541898	1	694.092249	2.4172
GPU_Opt_Pure_Chunked	roadNet-PA	1088092	1541898	2	692.310473	2.4234
GPU_Opt_Pure_Chunked	roadNet-PA	1088092	1541898	3	694.587899	2.4154

=== 自動サマリ生成 ===
  結果読み込み: 3 件 (3 手法 × 1 グラフ) (複数試行の平均値)
  → /work/gj17/j17000/m5291091/lab/thesis_bc_project/build_miyabi/result_benchmark_20260711_005509_2357335/summary_table.md
  → /work/gj17/j17000/m5291091/lab/thesis_bc_project/build_miyabi/result_benchmark_20260711_005509_2357335/speedup_table.md
  → /work/gj17/j17000/m5291091/lab/thesis_bc_project/build_miyabi/result_benchmark_20260711_005509_2357335/correctness.md
  → /work/gj17/j17000/m5291091/lab/thesis_bc_project/build_miyabi/result_benchmark_20260711_005509_2357335/summary_table.tsv


# スピードアップ (vs PathMerge_BC)

(ベースライン PathMerge_BC の結果がありません)
