=== BC Ablation Experiment ===
Project : /work/gj17/j17000/m5291091/lab/thesis_bc_project
Runner  : /work/gj17/j17000/m5291091/lab/thesis_bc_project/build_miyabi/run_ablation
Graphs  : snap/email-EuAll
Mode    : all   Trials: 3
Result  : /work/gj17/j17000/m5291091/lab/thesis_bc_project/build_miyabi/result_ablation_20260710_182735_2354999
[RUN] /work/gj17/j17000/m5291091/lab/thesis_bc_project/build_miyabi/run_ablation /work/gj17/j17000/m5291091/lab/thesis_bc_project/data/snap/email-EuAll all  (trial 1)
[RUN] /work/gj17/j17000/m5291091/lab/thesis_bc_project/build_miyabi/run_ablation /work/gj17/j17000/m5291091/lab/thesis_bc_project/data/snap/email-EuAll all  (trial 2)
[RUN] /work/gj17/j17000/m5291091/lab/thesis_bc_project/build_miyabi/run_ablation /work/gj17/j17000/m5291091/lab/thesis_bc_project/data/snap/email-EuAll all  (trial 3)
=== Ablation Complete ===
Config	Graph	Trial	Time_sec	GTEPS
Ablation_H0_W0_A0	email-EuAll	1	72.107592	1.3395
Ablation_H0_W0_A1	email-EuAll	1	42.495161	2.2730
Ablation_H0_W1_A0	email-EuAll	1	73.294355	1.3178
Ablation_H0_W1_A1	email-EuAll	1	42.899488	2.2516
Ablation_H1_W0_A0	email-EuAll	1	50.350710	1.9184
Ablation_H1_W0_A1	email-EuAll	1	28.750180	3.3597
Ablation_H1_W1_A0	email-EuAll	1	52.481184	1.8405
Ablation_H1_W1_A1	email-EuAll	1	30.421410	3.1751
Ablation_H0_W0_A0	email-EuAll	2	72.070743	1.3402
Ablation_H0_W0_A1	email-EuAll	2	42.363314	2.2801
Ablation_H0_W1_A0	email-EuAll	2	73.243350	1.3188
Ablation_H0_W1_A1	email-EuAll	2	42.881928	2.2525
Ablation_H1_W0_A0	email-EuAll	2	50.340890	1.9187
Ablation_H1_W0_A1	email-EuAll	2	28.753547	3.3593
Ablation_H1_W1_A0	email-EuAll	2	52.481763	1.8405
Ablation_H1_W1_A1	email-EuAll	2	30.254042	3.1927
Ablation_H0_W0_A0	email-EuAll	3	72.001806	1.3415
Ablation_H0_W0_A1	email-EuAll	3	42.535161	2.2708
Ablation_H0_W1_A0	email-EuAll	3	73.264358	1.3184
Ablation_H0_W1_A1	email-EuAll	3	42.893899	2.2519
Ablation_H1_W0_A0	email-EuAll	3	50.289317	1.9207
Ablation_H1_W0_A1	email-EuAll	3	28.765522	3.3579
Ablation_H1_W1_A0	email-EuAll	3	52.524467	1.8390
Ablation_H1_W1_A1	email-EuAll	3	30.424089	3.1748

=== 自動サマリ生成 (寄与表 + 交互作用 + フェーズ帰属) ===
  読み込み: 1 グラフ × 8 構成
  フェーズ帰属: ablation.log を解析 (8 構成)
  → /work/gj17/j17000/m5291091/lab/thesis_bc_project/build_miyabi/result_ablation_20260710_182735_2354999/ablation_summary.md
  → /work/gj17/j17000/m5291091/lab/thesis_bc_project/build_miyabi/result_ablation_20260710_182735_2354999/ablation_contributions.tsv


# 単独寄与 (add-one): T(H0W0A0) / T(その工夫だけ ON)

| 工夫 | email-EuAll | 幾何平均 |
|:-----|------:|------:|
| H (ハイブリッド BFS) | 1.432× | 1.432× |
| W (Warp 協調蓄積) | 0.984× | 0.984× |
| A (2 ストリーム非同期初期化) | 1.696× | 1.696× |

# 除外寄与 (leave-one-out): T(full から 1 つ OFF) / T(H1W1A1)

| 工夫 | email-EuAll | 幾何平均 |
|:-----|------:|------:|
| H (ハイブリッド BFS) | 1.410× | 1.410× |
| W (Warp 協調蓄積) | 0.945× | 0.945× |
| A (2 ストリーム非同期初期化) | 1.725× | 1.725× |

# 主効果 (フル要因): 他 2 軸で平均した T(F=0)/T(F=1) の幾何平均

| 工夫 | email-EuAll | 幾何平均 |
|:-----|------:|------:|
| H (ハイブリッド BFS) | 1.429× | 1.429× |
| W (Warp 協調蓄積) | 0.970× | 0.970× |
| A (2 ストリーム非同期初期化) | 1.720× | 1.720× |

# 交互作用チェック (単独寄与 vs 除外寄与 の相対差)

閾値 10% 超で「交互作用あり」と判定 (単独と最終系で工夫の効き方が異なる = 他工夫との相互作用)。

| 工夫 | グラフ | 単独寄与 | 除外寄与 | 相対差 | 判定 |
|:-----|:-----|------:|------:|------:|:----:|
| H | email-EuAll | 1.432× | 1.410× | 1.5% | — |
| W | email-EuAll | 0.984× | 0.945× | 4.1% | — |
| A | email-EuAll | 1.696× | 1.725× | 1.7% | — |
