checkpoint=43d1cf5542f3234dddc93c88c5fdd72761f52271 job=2369632.opbs result=/work/gj17/j17000/m5291091/lab/thesis_bc_project/build_miyabi/result_memory_diagnostic_20260713_012328_2369632.opbs
graph=data/325557_3216152 n=325557 m=3216152 sha256=a095b2e7564e6c620bd0f5437917e0b28f4fecab289adf77633e850aa07da584
old_job_dir=/work/gj17/j17000/m5291091/lab/thesis_bc_project/build_miyabi/result_memory_correctness_20260712_220331_2368587.opbs
[BUILD] scripts/build_miyabi_interactive.sh
╔══════════════════════════════════════════╗
║  Miyabi-G 統合ビルド (全 BC 実装)        ║
╠══════════════════════════════════════════╣
║  PROJECT: /work/gj17/j17000/m5291091/lab/thesis_bc_project
║  BUILD  : /work/gj17/j17000/m5291091/lab/thesis_bc_project/build_miyabi
║  JOBS   : 8
╚══════════════════════════════════════════╝

[Stage 1] cugraph_bc_mini: OK (up-to-date)
[Stage 2] Building run_benchmark...
-- Configuring done (0.4s)
-- Generating done (0.2s)
-- Build files have been written to: /work/gj17/j17000/m5291091/lab/thesis_bc_project/build_miyabi
[ 12%] Built target core
[ 20%] Built target bandwidth_benchmark
[ 24%] Building CUDA object CMakeFiles/proposed.dir/src/proposed/host_um.cu.o
[ 52%] Built target baseline
[ 60%] Built target run_pathmerge_sweep
[ 68%] Built target baseline_cugraph
[ 72%] Linking CXX static library libproposed.a
[ 84%] Built target proposed
[ 92%] Linking CXX executable run_ablation
[ 92%] Linking CXX executable run_benchmark
[ 96%] Built target run_ablation
[100%] Built target run_benchmark
[Stage 2] run_benchmark: DONE (/work/gj17/j17000/m5291091/lab/thesis_bc_project/build_miyabi/run_benchmark)

╔══════════════════════════════════════════╗
║  Build Complete!                         ║
╠══════════════════════════════════════════╣
║  Runners:
║    /work/gj17/j17000/m5291091/lab/thesis_bc_project/build_miyabi/run_benchmark        (全実装ベンチ/正確性検証)
║    /work/gj17/j17000/m5291091/lab/thesis_bc_project/build_miyabi/run_ablation         (アブレーション実験)
║    /work/gj17/j17000/m5291091/lab/thesis_bc_project/build_miyabi/run_pathmerge_sweep  (PathMerge バッチ探索)
║    /work/gj17/j17000/m5291091/lab/thesis_bc_project/build_miyabi/bandwidth_benchmark  (帯域計測)
╠══════════════════════════════════════════╣
║  Next: qsub scripts/run_benchmark_small.sh (PBS) または直接実行
╚══════════════════════════════════════════╝
[EXT ] old_b1024: sha256 OK (4a40a553a388...)
[EXT ] old_b9792: sha256 OK (be8f52d32ac0...)
[EXT ] old_chunk_b16384: sha256 OK (618ffdc4108f...)
[RUN] CONTROL: env[none] BC_BATCH_OVERRIDE=1024 gpu_opt (n=1)
[EXIT] CONTROL: 0
[PASS] CONTROL: ok (NS_eff=2, diag fr=false no=false, full_memset=3/3 visited=315/315 route_confirmed=yes)
[RUN] T-RESET: env[BC_DIAG_FORCE_FULL_RESET=1] BC_BATCH_OVERRIDE=1024 gpu_opt (n=1)
[EXIT] T-RESET: 0
[PASS] T-RESET: ok (NS_eff=2, diag fr=true no=false, full_memset=318/318 visited=0/0 route_confirmed=yes)
[RUN] T-NSEFF: env[BC_DIAG_FORCE_NS_EFF_ONE=1] BC_BATCH_OVERRIDE=1024 gpu_opt (n=1)
[EXIT] T-NSEFF: 0
[PASS] T-NSEFF: ok (NS_eff=1, diag fr=false no=true, full_memset=2/2 visited=316/316 route_confirmed=yes)
[CMP ] CONTROL vs old_b1024 -> PASS (mismatch=0 max_abs=1.525879e-05 max_rel=2.665289e-14)
[CMP ] CONTROL vs T-RESET -> PASS (mismatch=0 max_abs=2.288818e-05 max_rel=4.249754e-14)
[CMP ] CONTROL vs T-NSEFF -> PASS (mismatch=0 max_abs=9.155273e-05 max_rel=6.194050e-14)
[CMP ] T-RESET vs T-NSEFF -> PASS (mismatch=0 max_abs=6.866455e-05 max_rel=6.135431e-14)
[CMP ] T-RESET vs old_b1024 -> PASS (mismatch=0 max_abs=8.583069e-06 max_rel=4.321540e-14)
[CMP ] T-NSEFF vs old_b1024 -> PASS (mismatch=0 max_abs=7.629395e-05 max_rel=6.252668e-14)
[CMP ] CONTROL vs old_b9792 -> DIFF (mismatch=6 max_abs=5.486364e+00 max_rel=2.230184e-06)
[CMP ] T-RESET vs old_b9792 -> DIFF (mismatch=6 max_abs=5.486364e+00 max_rel=2.230184e-06)
[CMP ] T-NSEFF vs old_b9792 -> DIFF (mismatch=6 max_abs=5.486364e+00 max_rel=2.230184e-06)
[CMP ] T-NSEFF vs old_chunk_b16384 -> DIFF (mismatch=6 max_abs=5.358586e+00 max_rel=2.847745e-06)
reset=RESET_NOT_DISTINGUISHED (control_vs_cand_mismatch0_within_mixed_tol)
nseff=NS_EFF_NOT_DISTINGUISHED (control_vs_cand_mismatch0_within_mixed_tol)
/var/spool/pbs/mom_priv/jobs/2369632.opbs.SC: line 461: printf: - : invalid option
printf: usage: printf [-v var] format [arguments]
/var/spool/pbs/mom_priv/jobs/2369632.opbs.SC: line 462: printf: - : invalid option
printf: usage: printf [-v var] format [arguments]
/var/spool/pbs/mom_priv/jobs/2369632.opbs.SC: line 463: printf: - : invalid option
printf: usage: printf [-v var] format [arguments]
reset_status=RESET_NOT_DISTINGUISHED | nseff_status=NS_EFF_NOT_DISTINGUISHED | non_interference=verified_mismatch0
NOTE: diagnosis only; timings not performance; acquired results retained.
