checkpoint=ac2b409c25c49c41608749afba8c7081871bfe45 job=2368587.opbs result=/work/gj17/j17000/m5291091/lab/thesis_bc_project/build_miyabi/result_memory_correctness_20260712_220331_2368587.opbs
graph=data/325557_3216152 n=325557 m=3216152 sha256=a095b2e7564e6c620bd0f5437917e0b28f4fecab289adf77633e850aa07da584
[BUILD] scripts/build_miyabi_interactive.sh (run_benchmark は cugraph_bc_mini に依存)
╔══════════════════════════════════════════╗
║  Miyabi-G 統合ビルド (全 BC 実装)        ║
╠══════════════════════════════════════════╣
║  PROJECT: /work/gj17/j17000/m5291091/lab/thesis_bc_project
║  BUILD  : /work/gj17/j17000/m5291091/lab/thesis_bc_project/build_miyabi
║  JOBS   : 8
╚══════════════════════════════════════════╝

[Stage 1] cugraph_bc_mini: OK (up-to-date)
[Stage 2] Building run_benchmark...
-- Configuring done (0.4s)
-- Generating done (0.2s)
-- Build files have been written to: /work/gj17/j17000/m5291091/lab/thesis_bc_project/build_miyabi
[ 12%] Built target core
[ 20%] Built target bandwidth_benchmark
[ 60%] Built target proposed
[ 68%] Built target baseline
[ 80%] Built target run_ablation
[ 84%] Built target run_pathmerge_sweep
[ 92%] Built target baseline_cugraph
[100%] Built target run_benchmark
[Stage 2] run_benchmark: DONE (/work/gj17/j17000/m5291091/lab/thesis_bc_project/build_miyabi/run_benchmark)

╔══════════════════════════════════════════╗
║  Build Complete!                         ║
╠══════════════════════════════════════════╣
║  Runners:
║    /work/gj17/j17000/m5291091/lab/thesis_bc_project/build_miyabi/run_benchmark        (全実装ベンチ/正確性検証)
║    /work/gj17/j17000/m5291091/lab/thesis_bc_project/build_miyabi/run_ablation         (アブレーション実験)
║    /work/gj17/j17000/m5291091/lab/thesis_bc_project/build_miyabi/run_pathmerge_sweep  (PathMerge バッチ探索)
║    /work/gj17/j17000/m5291091/lab/thesis_bc_project/build_miyabi/bandwidth_benchmark  (帯域計測)
╠══════════════════════════════════════════╣
║  Next: qsub scripts/run_benchmark_small.sh (PBS) または直接実行
╚══════════════════════════════════════════╝
[RUN] gpu_opt_b9792: BC_BATCH_OVERRIDE=9792 gpu_opt (path=um mode=oversubscribed) (n=1)
[EXIT] gpu_opt_b9792: 0
[OK  ] gpu_opt_b9792: valid vector, path_evidence_ok
[RUN] gpu_opt_b1024: BC_BATCH_OVERRIDE=1024 gpu_opt (path=um mode=in_capacity) (n=1)
[EXIT] gpu_opt_b1024: 0
[OK  ] gpu_opt_b1024: valid vector, path_evidence_ok
[RUN] gpu_opt_pure_chunked_b16384: BC_BATCH_OVERRIDE=16384 gpu_opt_pure_chunked (path=chunked mode=chunked) (n=1)
[EXIT] gpu_opt_pure_chunked_b16384: 0
[OK  ] gpu_opt_pure_chunked_b16384: valid vector, path_evidence_ok
[RUN] gpu_opt_pure_chunked_b1024: BC_BATCH_OVERRIDE=1024 gpu_opt_pure_chunked (path=chunked mode=non_chunk) (n=1)
[EXIT] gpu_opt_pure_chunked_b1024: 0
[OK  ] gpu_opt_pure_chunked_b1024: valid vector, path_evidence_ok
[RUN] gpu_opt_pure_b1024: BC_BATCH_OVERRIDE=1024 gpu_opt_pure (path=pure mode=pure) (n=1)
[EXIT] gpu_opt_pure_b1024: 0
[OK  ] gpu_opt_pure_b1024: valid vector, path_evidence_ok
[RUN] pathmerge_b4096: PATHMERGE_BC_BATCH_SIZE=4096 pathmerge_bc (path=pathmerge mode=comparator) (n=1)
[EXIT] pathmerge_b4096: 0
[OK  ] pathmerge_b4096: valid vector, path_evidence_ok
[RUN DONE] configs ok=6 fail=0
[MATRIX] comparing valid vectors...

[written] /work/gj17/j17000/m5291091/lab/thesis_bc_project/build_miyabi/result_memory_correctness_20260712_220331_2368587.opbs/gpu_opt_b9792__vs__gpu_opt_b1024.md
# BC ベクトル数値比較: gpu_opt_b9792 vs gpu_opt_b1024

- 入力A: `/work/gj17/j17000/m5291091/lab/thesis_bc_project/build_miyabi/result_memory_correctness_20260712_220331_2368587.opbs/gpu_opt_b9792.bc.tsv`  (header: impl=GPU_Opt graph=325557_3216152 nodes=325557)
  - SHA256: `be8f52d32ac03cd495a08c5c6cd138fcdcec916a16830e62e7bc8d3c968d25c5`
- 入力B: `/work/gj17/j17000/m5291091/lab/thesis_bc_project/build_miyabi/result_memory_correctness_20260712_220331_2368587.opbs/gpu_opt_b1024.bc.tsv`  (header: impl=GPU_Opt graph=325557_3216152 nodes=325557)
  - SHA256: `4a40a553a388ba2cb29d4ea366db979983fa398c55bb8a694882f260efd431cb`

- checkpoint_sha: ac2b409c25c49c41608749afba8c7081871bfe45
- pbs_job_id: 2368587.opbs
- comparison_class: same_impl_diff_batch
- graph_sha256: a095b2e7564e6c620bd0f5437917e0b28f4fecab289adf77633e850aa07da584
- n: 325557
- m: 3216152

| 項目 | 値 |
|:--|:--|
| ベクトル長 A | 325557 |
| ベクトル長 B | 325557 |
| 共通 index 数 | 325557 |
| 欠損 index 数 (A のみ) | 0 |
| 欠損 index 数 (B のみ) | 0 |
| 非有限値数 A | 0 |
| 非有限値詳細 A (vector A: gpu_opt_b9792) | なし |
| 非有限値数 B | 0 |
| 非有限値詳細 B (vector B: gpu_opt_b1024) | なし |
| 最大絶対誤差 | 5.486364e+00 (index 289277) |
| 最大絶対誤差 index の値 | A=41284043.20934694, B=41284037.72298335 |
| 最大相対誤差 | 2.230184e-06 (index 7954) |
| 最大相対誤差 index の値 | A=224196.2897792182, B=224196.789779218 |
| Max BC A | index 272817, value 39343001000.108543 |
| Max BC B | index 272817, value 39343001000.108528 |
| 許容値 | rel_tol=1e-06, abs_tol=0.001 |
| 絶対許容のみ (abs_diff ≤ abs_tol) | WARN (超過; 巨大 magnitude で不適切な場合あり) |
| 混合許容 abs_diff ≤ abs_tol+rel_tol·max(\|a\|,\|b\|) 不一致要素数 | 6 |
| **総合判定** | **FAIL (混合許容で不一致 6 件)** |

[CMP ] same_impl_diff_batch: gpu_opt_b9792 vs gpu_opt_b1024 -> FAIL (mismatch=6 max_abs=5.486364e+00 max_rel=2.230184e-06)

[written] /work/gj17/j17000/m5291091/lab/thesis_bc_project/build_miyabi/result_memory_correctness_20260712_220331_2368587.opbs/gpu_opt_pure_chunked_b16384__vs__gpu_opt_pure_chunked_b1024.md
# BC ベクトル数値比較: gpu_opt_pure_chunked_b16384 vs gpu_opt_pure_chunked_b1024

- 入力A: `/work/gj17/j17000/m5291091/lab/thesis_bc_project/build_miyabi/result_memory_correctness_20260712_220331_2368587.opbs/gpu_opt_pure_chunked_b16384.bc.tsv`  (header: impl=GPU_Opt_Pure_Chunked graph=325557_3216152 nodes=325557)
  - SHA256: `618ffdc4108f0c24a148bc1aa2a18b83d14b48319cd18438f89196b40930a86d`
- 入力B: `/work/gj17/j17000/m5291091/lab/thesis_bc_project/build_miyabi/result_memory_correctness_20260712_220331_2368587.opbs/gpu_opt_pure_chunked_b1024.bc.tsv`  (header: impl=GPU_Opt_Pure_Chunked graph=325557_3216152 nodes=325557)
  - SHA256: `5ff0bef083dff51e0c6f15894912549dd5e28bb42e5eaabf626654edbf4627de`

- checkpoint_sha: ac2b409c25c49c41608749afba8c7081871bfe45
- pbs_job_id: 2368587.opbs
- comparison_class: same_impl_diff_batch
- graph_sha256: a095b2e7564e6c620bd0f5437917e0b28f4fecab289adf77633e850aa07da584
- n: 325557
- m: 3216152

| 項目 | 値 |
|:--|:--|
| ベクトル長 A | 325557 |
| ベクトル長 B | 325557 |
| 共通 index 数 | 325557 |
| 欠損 index 数 (A のみ) | 0 |
| 欠損 index 数 (B のみ) | 0 |
| 非有限値数 A | 0 |
| 非有限値詳細 A (vector A: gpu_opt_pure_chunked_b16384) | なし |
| 非有限値数 B | 0 |
| 非有限値詳細 B (vector B: gpu_opt_pure_chunked_b1024) | なし |
| 最大絶対誤差 | 5.358586e+00 (index 289277) |
| 最大絶対誤差 index の値 | A=41284043.08156917, B=41284037.72298333 |
| 最大相対誤差 | 2.847745e-06 (index 95156) |
| 最大相対誤差 index の値 | A=21947.12934601126, B=21947.19184601126 |
| Max BC A | index 272817, value 39343001000.108582 |
| Max BC B | index 272817, value 39343001000.108551 |
| 許容値 | rel_tol=1e-06, abs_tol=0.001 |
| 絶対許容のみ (abs_diff ≤ abs_tol) | WARN (超過; 巨大 magnitude で不適切な場合あり) |
| 混合許容 abs_diff ≤ abs_tol+rel_tol·max(\|a\|,\|b\|) 不一致要素数 | 6 |
| **総合判定** | **FAIL (混合許容で不一致 6 件)** |

[CMP ] same_impl_diff_batch: gpu_opt_pure_chunked_b16384 vs gpu_opt_pure_chunked_b1024 -> FAIL (mismatch=6 max_abs=5.358586e+00 max_rel=2.847745e-06)

[written] /work/gj17/j17000/m5291091/lab/thesis_bc_project/build_miyabi/result_memory_correctness_20260712_220331_2368587.opbs/gpu_opt_b1024__vs__gpu_opt_pure_b1024.md
# BC ベクトル数値比較: gpu_opt_b1024 vs gpu_opt_pure_b1024

- 入力A: `/work/gj17/j17000/m5291091/lab/thesis_bc_project/build_miyabi/result_memory_correctness_20260712_220331_2368587.opbs/gpu_opt_b1024.bc.tsv`  (header: impl=GPU_Opt graph=325557_3216152 nodes=325557)
  - SHA256: `4a40a553a388ba2cb29d4ea366db979983fa398c55bb8a694882f260efd431cb`
- 入力B: `/work/gj17/j17000/m5291091/lab/thesis_bc_project/build_miyabi/result_memory_correctness_20260712_220331_2368587.opbs/gpu_opt_pure_b1024.bc.tsv`  (header: impl=GPU_Opt_Pure graph=325557_3216152 nodes=325557)
  - SHA256: `fc95255fe422693d5f7c8d80d39624015b3f9ad2020b54916f61358718439984`

- checkpoint_sha: ac2b409c25c49c41608749afba8c7081871bfe45
- pbs_job_id: 2368587.opbs
- comparison_class: same_batch_diff_path
- graph_sha256: a095b2e7564e6c620bd0f5437917e0b28f4fecab289adf77633e850aa07da584
- n: 325557
- m: 3216152

| 項目 | 値 |
|:--|:--|
| ベクトル長 A | 325557 |
| ベクトル長 B | 325557 |
| 共通 index 数 | 325557 |
| 欠損 index 数 (A のみ) | 0 |
| 欠損 index 数 (B のみ) | 0 |
| 非有限値数 A | 0 |
| 非有限値詳細 A (vector A: gpu_opt_b1024) | なし |
| 非有限値数 B | 0 |
| 非有限値詳細 B (vector B: gpu_opt_pure_b1024) | なし |
| 最大絶対誤差 | 1.525879e-05 (index 272817) |
| 最大絶対誤差 index の値 | A=39343001000.10853, B=39343001000.10854 |
| 最大相対誤差 | 3.015985e-14 (index 260562) |
| 最大相対誤差 index の値 | A=165977.6043583227, B=165977.6043583277 |
| Max BC A | index 272817, value 39343001000.108528 |
| Max BC B | index 272817, value 39343001000.108543 |
| 許容値 | rel_tol=1e-06, abs_tol=0.001 |
| 絶対許容のみ (abs_diff ≤ abs_tol) | OK |
| 混合許容 abs_diff ≤ abs_tol+rel_tol·max(\|a\|,\|b\|) 不一致要素数 | 0 |
| **総合判定** | **PASS** |

[CMP ] same_batch_diff_path: gpu_opt_b1024 vs gpu_opt_pure_b1024 -> PASS (mismatch=0 max_abs=1.525879e-05 max_rel=3.015985e-14)

[written] /work/gj17/j17000/m5291091/lab/thesis_bc_project/build_miyabi/result_memory_correctness_20260712_220331_2368587.opbs/gpu_opt_b1024__vs__gpu_opt_pure_chunked_b1024.md
# BC ベクトル数値比較: gpu_opt_b1024 vs gpu_opt_pure_chunked_b1024

- 入力A: `/work/gj17/j17000/m5291091/lab/thesis_bc_project/build_miyabi/result_memory_correctness_20260712_220331_2368587.opbs/gpu_opt_b1024.bc.tsv`  (header: impl=GPU_Opt graph=325557_3216152 nodes=325557)
  - SHA256: `4a40a553a388ba2cb29d4ea366db979983fa398c55bb8a694882f260efd431cb`
- 入力B: `/work/gj17/j17000/m5291091/lab/thesis_bc_project/build_miyabi/result_memory_correctness_20260712_220331_2368587.opbs/gpu_opt_pure_chunked_b1024.bc.tsv`  (header: impl=GPU_Opt_Pure_Chunked graph=325557_3216152 nodes=325557)
  - SHA256: `5ff0bef083dff51e0c6f15894912549dd5e28bb42e5eaabf626654edbf4627de`

- checkpoint_sha: ac2b409c25c49c41608749afba8c7081871bfe45
- pbs_job_id: 2368587.opbs
- comparison_class: same_batch_diff_path
- graph_sha256: a095b2e7564e6c620bd0f5437917e0b28f4fecab289adf77633e850aa07da584
- n: 325557
- m: 3216152

| 項目 | 値 |
|:--|:--|
| ベクトル長 A | 325557 |
| ベクトル長 B | 325557 |
| 共通 index 数 | 325557 |
| 欠損 index 数 (A のみ) | 0 |
| 欠損 index 数 (B のみ) | 0 |
| 非有限値数 A | 0 |
| 非有限値詳細 A (vector A: gpu_opt_b1024) | なし |
| 非有限値数 B | 0 |
| 非有限値詳細 B (vector B: gpu_opt_pure_chunked_b1024) | なし |
| 最大絶対誤差 | 2.288818e-05 (index 272817) |
| 最大絶対誤差 index の値 | A=39343001000.10853, B=39343001000.10855 |
| 最大相対誤差 | 2.872713e-14 (index 260128) |
| 最大相対誤差 index の値 | A=167163.6789634187, B=167163.6789634139 |
| Max BC A | index 272817, value 39343001000.108528 |
| Max BC B | index 272817, value 39343001000.108551 |
| 許容値 | rel_tol=1e-06, abs_tol=0.001 |
| 絶対許容のみ (abs_diff ≤ abs_tol) | OK |
| 混合許容 abs_diff ≤ abs_tol+rel_tol·max(\|a\|,\|b\|) 不一致要素数 | 0 |
| **総合判定** | **PASS** |

[CMP ] same_batch_diff_path: gpu_opt_b1024 vs gpu_opt_pure_chunked_b1024 -> PASS (mismatch=0 max_abs=2.288818e-05 max_rel=2.872713e-14)

[written] /work/gj17/j17000/m5291091/lab/thesis_bc_project/build_miyabi/result_memory_correctness_20260712_220331_2368587.opbs/gpu_opt_pure_b1024__vs__gpu_opt_pure_chunked_b1024.md
# BC ベクトル数値比較: gpu_opt_pure_b1024 vs gpu_opt_pure_chunked_b1024

- 入力A: `/work/gj17/j17000/m5291091/lab/thesis_bc_project/build_miyabi/result_memory_correctness_20260712_220331_2368587.opbs/gpu_opt_pure_b1024.bc.tsv`  (header: impl=GPU_Opt_Pure graph=325557_3216152 nodes=325557)
  - SHA256: `fc95255fe422693d5f7c8d80d39624015b3f9ad2020b54916f61358718439984`
- 入力B: `/work/gj17/j17000/m5291091/lab/thesis_bc_project/build_miyabi/result_memory_correctness_20260712_220331_2368587.opbs/gpu_opt_pure_chunked_b1024.bc.tsv`  (header: impl=GPU_Opt_Pure_Chunked graph=325557_3216152 nodes=325557)
  - SHA256: `5ff0bef083dff51e0c6f15894912549dd5e28bb42e5eaabf626654edbf4627de`

- checkpoint_sha: ac2b409c25c49c41608749afba8c7081871bfe45
- pbs_job_id: 2368587.opbs
- comparison_class: same_batch_diff_path
- graph_sha256: a095b2e7564e6c620bd0f5437917e0b28f4fecab289adf77633e850aa07da584
- n: 325557
- m: 3216152

| 項目 | 値 |
|:--|:--|
| ベクトル長 A | 325557 |
| ベクトル長 B | 325557 |
| 共通 index 数 | 325557 |
| 欠損 index 数 (A のみ) | 0 |
| 欠損 index 数 (B のみ) | 0 |
| 非有限値数 A | 0 |
| 非有限値詳細 A (vector A: gpu_opt_pure_b1024) | なし |
| 非有限値数 B | 0 |
| 非有限値詳細 B (vector B: gpu_opt_pure_chunked_b1024) | なし |
| 最大絶対誤差 | 7.629395e-06 (index 272817) |
| 最大絶対誤差 index の値 | A=39343001000.10854, B=39343001000.10855 |
| 最大相対誤差 | 2.628983e-14 (index 260184) |
| 最大相対誤差 index の値 | A=167162.6866416153, B=167162.6866416197 |
| Max BC A | index 272817, value 39343001000.108543 |
| Max BC B | index 272817, value 39343001000.108551 |
| 許容値 | rel_tol=1e-06, abs_tol=0.001 |
| 絶対許容のみ (abs_diff ≤ abs_tol) | OK |
| 混合許容 abs_diff ≤ abs_tol+rel_tol·max(\|a\|,\|b\|) 不一致要素数 | 0 |
| **総合判定** | **PASS** |

[CMP ] same_batch_diff_path: gpu_opt_pure_b1024 vs gpu_opt_pure_chunked_b1024 -> PASS (mismatch=0 max_abs=7.629395e-06 max_rel=2.628983e-14)

[written] /work/gj17/j17000/m5291091/lab/thesis_bc_project/build_miyabi/result_memory_correctness_20260712_220331_2368587.opbs/pathmerge_b4096__vs__gpu_opt_b1024.md
# BC ベクトル数値比較: pathmerge_b4096 vs gpu_opt_b1024

- 入力A: `/work/gj17/j17000/m5291091/lab/thesis_bc_project/build_miyabi/result_memory_correctness_20260712_220331_2368587.opbs/pathmerge_b4096.bc.tsv`  (header: impl=PathMerge_BC graph=325557_3216152 nodes=325557)
  - SHA256: `94e6379ac52e76025052ff98e97274a16b6467b57454d73c6d68aaa9eeeebd9d`
- 入力B: `/work/gj17/j17000/m5291091/lab/thesis_bc_project/build_miyabi/result_memory_correctness_20260712_220331_2368587.opbs/gpu_opt_b1024.bc.tsv`  (header: impl=GPU_Opt graph=325557_3216152 nodes=325557)
  - SHA256: `4a40a553a388ba2cb29d4ea366db979983fa398c55bb8a694882f260efd431cb`

- checkpoint_sha: ac2b409c25c49c41608749afba8c7081871bfe45
- pbs_job_id: 2368587.opbs
- comparison_class: pathmerge_cross
- graph_sha256: a095b2e7564e6c620bd0f5437917e0b28f4fecab289adf77633e850aa07da584
- n: 325557
- m: 3216152

| 項目 | 値 |
|:--|:--|
| ベクトル長 A | 325557 |
| ベクトル長 B | 325557 |
| 共通 index 数 | 325557 |
| 欠損 index 数 (A のみ) | 0 |
| 欠損 index 数 (B のみ) | 0 |
| 非有限値数 A | 0 |
| 非有限値詳細 A (vector A: pathmerge_b4096) | なし |
| 非有限値数 B | 0 |
| 非有限値詳細 B (vector B: gpu_opt_b1024) | なし |
| 最大絶対誤差 | 6.638161e+03 (index 289444) |
| 最大絶対誤差 index の値 | A=8903157.975814406, B=8909796.137074383 |
| 最大相対誤差 | 2.000197e-03 (index 325556) |
| 最大相対誤差 index の値 | A=892937.5267641294, B=894727.1570761407 |
| Max BC A | index 272817, value 39343001000.107368 |
| Max BC B | index 272817, value 39343001000.108528 |
| 許容値 | rel_tol=1e-06, abs_tol=0.001 |
| 絶対許容のみ (abs_diff ≤ abs_tol) | WARN (超過; 巨大 magnitude で不適切な場合あり) |
| 混合許容 abs_diff ≤ abs_tol+rel_tol·max(\|a\|,\|b\|) 不一致要素数 | 11027 |
| **総合判定** | **FAIL (混合許容で不一致 11027 件)** |

[CMP ] pathmerge_cross: pathmerge_b4096 vs gpu_opt_b1024 -> FAIL (mismatch=11027 max_abs=6.638161e+03 max_rel=2.000197e-03)

[written] /work/gj17/j17000/m5291091/lab/thesis_bc_project/build_miyabi/result_memory_correctness_20260712_220331_2368587.opbs/pathmerge_b4096__vs__gpu_opt_b9792.md
# BC ベクトル数値比較: pathmerge_b4096 vs gpu_opt_b9792

- 入力A: `/work/gj17/j17000/m5291091/lab/thesis_bc_project/build_miyabi/result_memory_correctness_20260712_220331_2368587.opbs/pathmerge_b4096.bc.tsv`  (header: impl=PathMerge_BC graph=325557_3216152 nodes=325557)
  - SHA256: `94e6379ac52e76025052ff98e97274a16b6467b57454d73c6d68aaa9eeeebd9d`
- 入力B: `/work/gj17/j17000/m5291091/lab/thesis_bc_project/build_miyabi/result_memory_correctness_20260712_220331_2368587.opbs/gpu_opt_b9792.bc.tsv`  (header: impl=GPU_Opt graph=325557_3216152 nodes=325557)
  - SHA256: `be8f52d32ac03cd495a08c5c6cd138fcdcec916a16830e62e7bc8d3c968d25c5`

- checkpoint_sha: ac2b409c25c49c41608749afba8c7081871bfe45
- pbs_job_id: 2368587.opbs
- comparison_class: pathmerge_cross
- graph_sha256: a095b2e7564e6c620bd0f5437917e0b28f4fecab289adf77633e850aa07da584
- n: 325557
- m: 3216152

| 項目 | 値 |
|:--|:--|
| ベクトル長 A | 325557 |
| ベクトル長 B | 325557 |
| 共通 index 数 | 325557 |
| 欠損 index 数 (A のみ) | 0 |
| 欠損 index 数 (B のみ) | 0 |
| 非有限値数 A | 0 |
| 非有限値詳細 A (vector A: pathmerge_b4096) | なし |
| 非有限値数 B | 0 |
| 非有限値詳細 B (vector B: gpu_opt_b9792) | なし |
| 最大絶対誤差 | 6.643161e+03 (index 289444) |
| 最大絶対誤差 index の値 | A=8903157.975814406, B=8909801.137074383 |
| 最大相対誤差 | 2.001870e-03 (index 325556) |
| 最大相対誤差 index の値 | A=892937.5267641294, B=894728.6570761406 |
| Max BC A | index 272817, value 39343001000.107368 |
| Max BC B | index 272817, value 39343001000.108543 |
| 許容値 | rel_tol=1e-06, abs_tol=0.001 |
| 絶対許容のみ (abs_diff ≤ abs_tol) | WARN (超過; 巨大 magnitude で不適切な場合あり) |
| 混合許容 abs_diff ≤ abs_tol+rel_tol·max(\|a\|,\|b\|) 不一致要素数 | 11030 |
| **総合判定** | **FAIL (混合許容で不一致 11030 件)** |

[CMP ] pathmerge_cross: pathmerge_b4096 vs gpu_opt_b9792 -> FAIL (mismatch=11030 max_abs=6.643161e+03 max_rel=2.001870e-03)

[written] /work/gj17/j17000/m5291091/lab/thesis_bc_project/build_miyabi/result_memory_correctness_20260712_220331_2368587.opbs/pathmerge_b4096__vs__gpu_opt_pure_b1024.md
# BC ベクトル数値比較: pathmerge_b4096 vs gpu_opt_pure_b1024

- 入力A: `/work/gj17/j17000/m5291091/lab/thesis_bc_project/build_miyabi/result_memory_correctness_20260712_220331_2368587.opbs/pathmerge_b4096.bc.tsv`  (header: impl=PathMerge_BC graph=325557_3216152 nodes=325557)
  - SHA256: `94e6379ac52e76025052ff98e97274a16b6467b57454d73c6d68aaa9eeeebd9d`
- 入力B: `/work/gj17/j17000/m5291091/lab/thesis_bc_project/build_miyabi/result_memory_correctness_20260712_220331_2368587.opbs/gpu_opt_pure_b1024.bc.tsv`  (header: impl=GPU_Opt_Pure graph=325557_3216152 nodes=325557)
  - SHA256: `fc95255fe422693d5f7c8d80d39624015b3f9ad2020b54916f61358718439984`

- checkpoint_sha: ac2b409c25c49c41608749afba8c7081871bfe45
- pbs_job_id: 2368587.opbs
- comparison_class: pathmerge_cross
- graph_sha256: a095b2e7564e6c620bd0f5437917e0b28f4fecab289adf77633e850aa07da584
- n: 325557
- m: 3216152

| 項目 | 値 |
|:--|:--|
| ベクトル長 A | 325557 |
| ベクトル長 B | 325557 |
| 共通 index 数 | 325557 |
| 欠損 index 数 (A のみ) | 0 |
| 欠損 index 数 (B のみ) | 0 |
| 非有限値数 A | 0 |
| 非有限値詳細 A (vector A: pathmerge_b4096) | なし |
| 非有限値数 B | 0 |
| 非有限値詳細 B (vector B: gpu_opt_pure_b1024) | なし |
| 最大絶対誤差 | 6.638161e+03 (index 289444) |
| 最大絶対誤差 index の値 | A=8903157.975814406, B=8909796.137074385 |
| 最大相対誤差 | 2.000197e-03 (index 325556) |
| 最大相対誤差 index の値 | A=892937.5267641294, B=894727.1570761405 |
| Max BC A | index 272817, value 39343001000.107368 |
| Max BC B | index 272817, value 39343001000.108543 |
| 許容値 | rel_tol=1e-06, abs_tol=0.001 |
| 絶対許容のみ (abs_diff ≤ abs_tol) | WARN (超過; 巨大 magnitude で不適切な場合あり) |
| 混合許容 abs_diff ≤ abs_tol+rel_tol·max(\|a\|,\|b\|) 不一致要素数 | 11027 |
| **総合判定** | **FAIL (混合許容で不一致 11027 件)** |

[CMP ] pathmerge_cross: pathmerge_b4096 vs gpu_opt_pure_b1024 -> FAIL (mismatch=11027 max_abs=6.638161e+03 max_rel=2.000197e-03)

[written] /work/gj17/j17000/m5291091/lab/thesis_bc_project/build_miyabi/result_memory_correctness_20260712_220331_2368587.opbs/pathmerge_b4096__vs__gpu_opt_pure_chunked_b1024.md
# BC ベクトル数値比較: pathmerge_b4096 vs gpu_opt_pure_chunked_b1024

- 入力A: `/work/gj17/j17000/m5291091/lab/thesis_bc_project/build_miyabi/result_memory_correctness_20260712_220331_2368587.opbs/pathmerge_b4096.bc.tsv`  (header: impl=PathMerge_BC graph=325557_3216152 nodes=325557)
  - SHA256: `94e6379ac52e76025052ff98e97274a16b6467b57454d73c6d68aaa9eeeebd9d`
- 入力B: `/work/gj17/j17000/m5291091/lab/thesis_bc_project/build_miyabi/result_memory_correctness_20260712_220331_2368587.opbs/gpu_opt_pure_chunked_b1024.bc.tsv`  (header: impl=GPU_Opt_Pure_Chunked graph=325557_3216152 nodes=325557)
  - SHA256: `5ff0bef083dff51e0c6f15894912549dd5e28bb42e5eaabf626654edbf4627de`

- checkpoint_sha: ac2b409c25c49c41608749afba8c7081871bfe45
- pbs_job_id: 2368587.opbs
- comparison_class: pathmerge_cross
- graph_sha256: a095b2e7564e6c620bd0f5437917e0b28f4fecab289adf77633e850aa07da584
- n: 325557
- m: 3216152

| 項目 | 値 |
|:--|:--|
| ベクトル長 A | 325557 |
| ベクトル長 B | 325557 |
| 共通 index 数 | 325557 |
| 欠損 index 数 (A のみ) | 0 |
| 欠損 index 数 (B のみ) | 0 |
| 非有限値数 A | 0 |
| 非有限値詳細 A (vector A: pathmerge_b4096) | なし |
| 非有限値数 B | 0 |
| 非有限値詳細 B (vector B: gpu_opt_pure_chunked_b1024) | なし |
| 最大絶対誤差 | 6.638161e+03 (index 289444) |
| 最大絶対誤差 index の値 | A=8903157.975814406, B=8909796.137074387 |
| 最大相対誤差 | 2.000197e-03 (index 325556) |
| 最大相対誤差 index の値 | A=892937.5267641294, B=894727.1570761407 |
| Max BC A | index 272817, value 39343001000.107368 |
| Max BC B | index 272817, value 39343001000.108551 |
| 許容値 | rel_tol=1e-06, abs_tol=0.001 |
| 絶対許容のみ (abs_diff ≤ abs_tol) | WARN (超過; 巨大 magnitude で不適切な場合あり) |
| 混合許容 abs_diff ≤ abs_tol+rel_tol·max(\|a\|,\|b\|) 不一致要素数 | 11027 |
| **総合判定** | **FAIL (混合許容で不一致 11027 件)** |

[CMP ] pathmerge_cross: pathmerge_b4096 vs gpu_opt_pure_chunked_b1024 -> FAIL (mismatch=11027 max_abs=6.638161e+03 max_rel=2.000197e-03)

[written] /work/gj17/j17000/m5291091/lab/thesis_bc_project/build_miyabi/result_memory_correctness_20260712_220331_2368587.opbs/pathmerge_b4096__vs__gpu_opt_pure_chunked_b16384.md
# BC ベクトル数値比較: pathmerge_b4096 vs gpu_opt_pure_chunked_b16384

- 入力A: `/work/gj17/j17000/m5291091/lab/thesis_bc_project/build_miyabi/result_memory_correctness_20260712_220331_2368587.opbs/pathmerge_b4096.bc.tsv`  (header: impl=PathMerge_BC graph=325557_3216152 nodes=325557)
  - SHA256: `94e6379ac52e76025052ff98e97274a16b6467b57454d73c6d68aaa9eeeebd9d`
- 入力B: `/work/gj17/j17000/m5291091/lab/thesis_bc_project/build_miyabi/result_memory_correctness_20260712_220331_2368587.opbs/gpu_opt_pure_chunked_b16384.bc.tsv`  (header: impl=GPU_Opt_Pure_Chunked graph=325557_3216152 nodes=325557)
  - SHA256: `618ffdc4108f0c24a148bc1aa2a18b83d14b48319cd18438f89196b40930a86d`

- checkpoint_sha: ac2b409c25c49c41608749afba8c7081871bfe45
- pbs_job_id: 2368587.opbs
- comparison_class: pathmerge_cross
- graph_sha256: a095b2e7564e6c620bd0f5437917e0b28f4fecab289adf77633e850aa07da584
- n: 325557
- m: 3216152

| 項目 | 値 |
|:--|:--|
| ベクトル長 A | 325557 |
| ベクトル長 B | 325557 |
| 共通 index 数 | 325557 |
| 欠損 index 数 (A のみ) | 0 |
| 欠損 index 数 (B のみ) | 0 |
| 非有限値数 A | 0 |
| 非有限値詳細 A (vector A: pathmerge_b4096) | なし |
| 非有限値数 B | 0 |
| 非有限値詳細 B (vector B: gpu_opt_pure_chunked_b16384) | なし |
| 最大絶対誤差 | 6.643328e+03 (index 289444) |
| 最大絶対誤差 index の値 | A=8903157.975814406, B=8909801.303741055 |
| 最大相対誤差 | 2.000754e-03 (index 325556) |
| 最大相対誤差 index の値 | A=892937.5267641294, B=894727.6570761404 |
| Max BC A | index 272817, value 39343001000.107368 |
| Max BC B | index 272817, value 39343001000.108582 |
| 許容値 | rel_tol=1e-06, abs_tol=0.001 |
| 絶対許容のみ (abs_diff ≤ abs_tol) | WARN (超過; 巨大 magnitude で不適切な場合あり) |
| 混合許容 abs_diff ≤ abs_tol+rel_tol·max(\|a\|,\|b\|) 不一致要素数 | 11028 |
| **総合判定** | **FAIL (混合許容で不一致 11028 件)** |

[CMP ] pathmerge_cross: pathmerge_b4096 vs gpu_opt_pure_chunked_b16384 -> FAIL (mismatch=11028 max_abs=6.643328e+03 max_rel=2.000754e-03)
core_memory_path_status=FAIL | pathmerge_cross_impl_status=DIFFERENCE_OBSERVED | overall_status=CORE_FAIL
NOTE: PathMerge=external comparator; acquired results retained; failures recorded, not deleted.
