checkpoint=29d28c50dec5e70f8d3a9a2341904e1ee94c65f3 job=2368398.opbs result=/work/gj17/j17000/m5291091/lab/thesis_bc_project/build_miyabi/result_memory_correctness_20260712_211738_2368398.opbs
graph=data/325557_3216152 n=325557 m=3216152 sha256=a095b2e7564e6c620bd0f5437917e0b28f4fecab289adf77633e850aa07da584
[BUILD] scripts/build_miyabi_interactive.sh (run_benchmark は cugraph_bc_mini に依存)
╔══════════════════════════════════════════╗
║  Miyabi-G 統合ビルド (全 BC 実装)        ║
╠══════════════════════════════════════════╣
║  PROJECT: /work/gj17/j17000/m5291091/lab/thesis_bc_project
║  BUILD  : /work/gj17/j17000/m5291091/lab/thesis_bc_project/build_miyabi
║  JOBS   : 8
╚══════════════════════════════════════════╝

[Stage 1] cugraph_bc_mini: OK (up-to-date)
[Stage 2] Building run_benchmark...
-- Configuring done (0.4s)
-- Generating done (0.2s)
-- Build files have been written to: /work/gj17/j17000/m5291091/lab/thesis_bc_project/build_miyabi
[ 12%] Built target core
[ 20%] Built target bandwidth_benchmark
[ 60%] Built target proposed
[ 68%] Built target baseline
[ 80%] Built target run_ablation
[ 84%] Built target run_pathmerge_sweep
[ 92%] Built target baseline_cugraph
[100%] Built target run_benchmark
[Stage 2] run_benchmark: DONE (/work/gj17/j17000/m5291091/lab/thesis_bc_project/build_miyabi/run_benchmark)

╔══════════════════════════════════════════╗
║  Build Complete!                         ║
╠══════════════════════════════════════════╣
║  Runners:
║    /work/gj17/j17000/m5291091/lab/thesis_bc_project/build_miyabi/run_benchmark        (全実装ベンチ/正確性検証)
║    /work/gj17/j17000/m5291091/lab/thesis_bc_project/build_miyabi/run_ablation         (アブレーション実験)
║    /work/gj17/j17000/m5291091/lab/thesis_bc_project/build_miyabi/run_pathmerge_sweep  (PathMerge バッチ探索)
║    /work/gj17/j17000/m5291091/lab/thesis_bc_project/build_miyabi/bandwidth_benchmark  (帯域計測)
╠══════════════════════════════════════════╣
║  Next: qsub scripts/run_benchmark_small.sh (PBS) または直接実行
╚══════════════════════════════════════════╝
[RUN] pathmerge_b4096: PATHMERGE_BC_BATCH_SIZE=4096 pathmerge_bc data/325557_3216152 --dump-bc (n=1, no warmup)
[EXIT] pathmerge_b4096: 0
[REF ] pathmerge_b4096: length=325557, batch=4096, num_batches=80
[RUN] gpu_opt_pure_b1024: BC_BATCH_OVERRIDE=1024 gpu_opt_pure data/325557_3216152 --dump-bc (n=1, no warmup)
[EXIT] gpu_opt_pure_b1024: 0
