checkpoint=43d1cf5542f3234dddc93c88c5fdd72761f52271 job=2369632.opbs result=/work/gj17/j17000/m5291091/lab/thesis_bc_project/build_miyabi/result_memory_diagnostic_20260713_012328_2369632.opbs
graph=data/325557_3216152 n=325557 m=3216152 sha256=a095b2e7564e6c620bd0f5437917e0b28f4fecab289adf77633e850aa07da584
old_job_dir=/work/gj17/j17000/m5291091/lab/thesis_bc_project/build_miyabi/result_memory_correctness_20260712_220331_2368587.opbs
[BUILD] scripts/build_miyabi_interactive.sh
╔══════════════════════════════════════════╗
║  Miyabi-G 統合ビルド (全 BC 実装)        ║
╠══════════════════════════════════════════╣
║  PROJECT: /work/gj17/j17000/m5291091/lab/thesis_bc_project
║  BUILD  : /work/gj17/j17000/m5291091/lab/thesis_bc_project/build_miyabi
║  JOBS   : 8
╚══════════════════════════════════════════╝

[Stage 1] cugraph_bc_mini: OK (up-to-date)
[Stage 2] Building run_benchmark...
-- Configuring done (0.4s)
-- Generating done (0.2s)
-- Build files have been written to: /work/gj17/j17000/m5291091/lab/thesis_bc_project/build_miyabi
[ 12%] Built target core
[ 20%] Built target bandwidth_benchmark
[ 24%] Building CUDA object CMakeFiles/proposed.dir/src/proposed/host_um.cu.o
[ 52%] Built target baseline
[ 60%] Built target run_pathmerge_sweep
[ 68%] Built target baseline_cugraph
[ 72%] Linking CXX static library libproposed.a
[ 84%] Built target proposed
[ 92%] Linking CXX executable run_ablation
[ 92%] Linking CXX executable run_benchmark
[ 96%] Built target run_ablation
[100%] Built target run_benchmark
[Stage 2] run_benchmark: DONE (/work/gj17/j17000/m5291091/lab/thesis_bc_project/build_miyabi/run_benchmark)

╔══════════════════════════════════════════╗
║  Build Complete!                         ║
╠══════════════════════════════════════════╣
║  Runners:
║    /work/gj17/j17000/m5291091/lab/thesis_bc_project/build_miyabi/run_benchmark        (全実装ベンチ/正確性検証)
║    /work/gj17/j17000/m5291091/lab/thesis_bc_project/build_miyabi/run_ablation         (アブレーション実験)
║    /work/gj17/j17000/m5291091/lab/thesis_bc_project/build_miyabi/run_pathmerge_sweep  (PathMerge バッチ探索)
║    /work/gj17/j17000/m5291091/lab/thesis_bc_project/build_miyabi/bandwidth_benchmark  (帯域計測)
╠══════════════════════════════════════════╣
║  Next: qsub scripts/run_benchmark_small.sh (PBS) または直接実行
╚══════════════════════════════════════════╝
[EXT ] old_b1024: sha256 OK (4a40a553a388...)
[EXT ] old_b9792: sha256 OK (be8f52d32ac0...)
[EXT ] old_chunk_b16384: sha256 OK (618ffdc4108f...)
[RUN] CONTROL: env[none] BC_BATCH_OVERRIDE=1024 gpu_opt (n=1)
[EXIT] CONTROL: 0
[PASS] CONTROL: ok (NS_eff=2, diag fr=false no=false, full_memset=3/3 visited=315/315 route_confirmed=yes)
[RUN] T-RESET: env[BC_DIAG_FORCE_FULL_RESET=1] BC_BATCH_OVERRIDE=1024 gpu_opt (n=1)
[EXIT] T-RESET: 0
[PASS] T-RESET: ok (NS_eff=2, diag fr=true no=false, full_memset=318/318 visited=0/0 route_confirmed=yes)
[RUN] T-NSEFF: env[BC_DIAG_FORCE_NS_EFF_ONE=1] BC_BATCH_OVERRIDE=1024 gpu_opt (n=1)
[EXIT] T-NSEFF: 0
[PASS] T-NSEFF: ok (NS_eff=1, diag fr=false no=true, full_memset=2/2 visited=316/316 route_confirmed=yes)

[written] /work/gj17/j17000/m5291091/lab/thesis_bc_project/build_miyabi/result_memory_diagnostic_20260713_012328_2369632.opbs/CONTROL__vs__old_b1024.md
# BC ベクトル数値比較: CONTROL vs old_b1024

- 入力A: `/work/gj17/j17000/m5291091/lab/thesis_bc_project/build_miyabi/result_memory_diagnostic_20260713_012328_2369632.opbs/CONTROL/vector.bc.tsv`  (header: impl=GPU_Opt graph=325557_3216152 nodes=325557)
  - SHA256: `e4458d31c904d904d1b3f4e0c21bf35ee279324e64b39444e8cd1b44585fdede`
- 入力B: `/work/gj17/j17000/m5291091/lab/thesis_bc_project/build_miyabi/result_memory_correctness_20260712_220331_2368587.opbs/gpu_opt_b1024.bc.tsv`  (header: impl=GPU_Opt graph=325557_3216152 nodes=325557)
  - SHA256: `4a40a553a388ba2cb29d4ea366db979983fa398c55bb8a694882f260efd431cb`

- checkpoint_sha: 43d1cf5542f3234dddc93c88c5fdd72761f52271
- pbs_job_id: 2369632.opbs

| 項目 | 値 |
|:--|:--|
| ベクトル長 A | 325557 |
| ベクトル長 B | 325557 |
| 共通 index 数 | 325557 |
| 欠損 index 数 (A のみ) | 0 |
| 欠損 index 数 (B のみ) | 0 |
| 非有限値数 A | 0 |
| 非有限値詳細 A (vector A: CONTROL) | なし |
| 非有限値数 B | 0 |
| 非有限値詳細 B (vector B: old_b1024) | なし |
| 最大絶対誤差 | 1.525879e-05 (index 272817) |
| 最大絶対誤差 index の値 | A=39343001000.10854, B=39343001000.10853 |
| 最大相対誤差 | 2.665289e-14 (index 260562) |
| 最大相対誤差 index の値 | A=165977.6043583271, B=165977.6043583227 |
| Max BC A | index 272817, value 39343001000.108543 |
| Max BC B | index 272817, value 39343001000.108528 |
| 許容値 | rel_tol=1e-06, abs_tol=0.001 |
| 絶対許容のみ (abs_diff ≤ abs_tol) | OK |
| 混合許容 abs_diff ≤ abs_tol+rel_tol·max(\|a\|,\|b\|) 不一致要素数 | 0 |
| **総合判定** | **PASS** |

[CMP ] CONTROL vs old_b1024 -> PASS (mismatch=0 max_abs=1.525879e-05 max_rel=2.665289e-14)

[written] /work/gj17/j17000/m5291091/lab/thesis_bc_project/build_miyabi/result_memory_diagnostic_20260713_012328_2369632.opbs/CONTROL__vs__T-RESET.md
# BC ベクトル数値比較: CONTROL vs T-RESET

- 入力A: `/work/gj17/j17000/m5291091/lab/thesis_bc_project/build_miyabi/result_memory_diagnostic_20260713_012328_2369632.opbs/CONTROL/vector.bc.tsv`  (header: impl=GPU_Opt graph=325557_3216152 nodes=325557)
  - SHA256: `e4458d31c904d904d1b3f4e0c21bf35ee279324e64b39444e8cd1b44585fdede`
- 入力B: `/work/gj17/j17000/m5291091/lab/thesis_bc_project/build_miyabi/result_memory_diagnostic_20260713_012328_2369632.opbs/T-RESET/vector.bc.tsv`  (header: impl=GPU_Opt graph=325557_3216152 nodes=325557)
  - SHA256: `95395d1c5cf4a0cd75af0a2ec078edb5770c3ac201fb6ecaca2118fc63b4ce28`

- checkpoint_sha: 43d1cf5542f3234dddc93c88c5fdd72761f52271
- pbs_job_id: 2369632.opbs

| 項目 | 値 |
|:--|:--|
| ベクトル長 A | 325557 |
| ベクトル長 B | 325557 |
| 共通 index 数 | 325557 |
| 欠損 index 数 (A のみ) | 0 |
| 欠損 index 数 (B のみ) | 0 |
| 非有限値数 A | 0 |
| 非有限値詳細 A (vector A: CONTROL) | なし |
| 非有限値数 B | 0 |
| 非有限値詳細 B (vector B: T-RESET) | なし |
| 最大絶対誤差 | 2.288818e-05 (index 272817) |
| 最大絶対誤差 index の値 | A=39343001000.10854, B=39343001000.10852 |
| 最大相対誤差 | 4.249754e-14 (index 325328) |
| 最大相対誤差 index の値 | A=405422.7133861769, B=405422.7133861597 |
| Max BC A | index 272817, value 39343001000.108543 |
| Max BC B | index 272817, value 39343001000.108521 |
| 許容値 | rel_tol=1e-06, abs_tol=0.001 |
| 絶対許容のみ (abs_diff ≤ abs_tol) | OK |
| 混合許容 abs_diff ≤ abs_tol+rel_tol·max(\|a\|,\|b\|) 不一致要素数 | 0 |
| **総合判定** | **PASS** |

[CMP ] CONTROL vs T-RESET -> PASS (mismatch=0 max_abs=2.288818e-05 max_rel=4.249754e-14)

[written] /work/gj17/j17000/m5291091/lab/thesis_bc_project/build_miyabi/result_memory_diagnostic_20260713_012328_2369632.opbs/CONTROL__vs__T-NSEFF.md
# BC ベクトル数値比較: CONTROL vs T-NSEFF

- 入力A: `/work/gj17/j17000/m5291091/lab/thesis_bc_project/build_miyabi/result_memory_diagnostic_20260713_012328_2369632.opbs/CONTROL/vector.bc.tsv`  (header: impl=GPU_Opt graph=325557_3216152 nodes=325557)
  - SHA256: `e4458d31c904d904d1b3f4e0c21bf35ee279324e64b39444e8cd1b44585fdede`
- 入力B: `/work/gj17/j17000/m5291091/lab/thesis_bc_project/build_miyabi/result_memory_diagnostic_20260713_012328_2369632.opbs/T-NSEFF/vector.bc.tsv`  (header: impl=GPU_Opt graph=325557_3216152 nodes=325557)
  - SHA256: `45edeb2c6b8dc65cbb98280f863407d146b2d2007d3f92b1668475713f759d35`

- checkpoint_sha: 43d1cf5542f3234dddc93c88c5fdd72761f52271
- pbs_job_id: 2369632.opbs

| 項目 | 値 |
|:--|:--|
| ベクトル長 A | 325557 |
| ベクトル長 B | 325557 |
| 共通 index 数 | 325557 |
| 欠損 index 数 (A のみ) | 0 |
| 欠損 index 数 (B のみ) | 0 |
| 非有限値数 A | 0 |
| 非有限値詳細 A (vector A: CONTROL) | なし |
| 非有限値数 B | 0 |
| 非有限値詳細 B (vector B: T-NSEFF) | なし |
| 最大絶対誤差 | 9.155273e-05 (index 272817) |
| 最大絶対誤差 index の値 | A=39343001000.10854, B=39343001000.10845 |
| 最大相対誤差 | 6.194050e-14 (index 269414) |
| 最大相対誤差 index の値 | A=74474.01074841137, B=74474.01074841598 |
| Max BC A | index 272817, value 39343001000.108543 |
| Max BC B | index 272817, value 39343001000.108452 |
| 許容値 | rel_tol=1e-06, abs_tol=0.001 |
| 絶対許容のみ (abs_diff ≤ abs_tol) | OK |
| 混合許容 abs_diff ≤ abs_tol+rel_tol·max(\|a\|,\|b\|) 不一致要素数 | 0 |
| **総合判定** | **PASS** |

[CMP ] CONTROL vs T-NSEFF -> PASS (mismatch=0 max_abs=9.155273e-05 max_rel=6.194050e-14)

[written] /work/gj17/j17000/m5291091/lab/thesis_bc_project/build_miyabi/result_memory_diagnostic_20260713_012328_2369632.opbs/T-RESET__vs__T-NSEFF.md
# BC ベクトル数値比較: T-RESET vs T-NSEFF

- 入力A: `/work/gj17/j17000/m5291091/lab/thesis_bc_project/build_miyabi/result_memory_diagnostic_20260713_012328_2369632.opbs/T-RESET/vector.bc.tsv`  (header: impl=GPU_Opt graph=325557_3216152 nodes=325557)
  - SHA256: `95395d1c5cf4a0cd75af0a2ec078edb5770c3ac201fb6ecaca2118fc63b4ce28`
- 入力B: `/work/gj17/j17000/m5291091/lab/thesis_bc_project/build_miyabi/result_memory_diagnostic_20260713_012328_2369632.opbs/T-NSEFF/vector.bc.tsv`  (header: impl=GPU_Opt graph=325557_3216152 nodes=325557)
  - SHA256: `45edeb2c6b8dc65cbb98280f863407d146b2d2007d3f92b1668475713f759d35`

- checkpoint_sha: 43d1cf5542f3234dddc93c88c5fdd72761f52271
- pbs_job_id: 2369632.opbs

| 項目 | 値 |
|:--|:--|
| ベクトル長 A | 325557 |
| ベクトル長 B | 325557 |
| 共通 index 数 | 325557 |
| 欠損 index 数 (A のみ) | 0 |
| 欠損 index 数 (B のみ) | 0 |
| 非有限値数 A | 0 |
| 非有限値詳細 A (vector A: T-RESET) | なし |
| 非有限値数 B | 0 |
| 非有限値詳細 B (vector B: T-NSEFF) | なし |
| 最大絶対誤差 | 6.866455e-05 (index 272817) |
| 最大絶対誤差 index の値 | A=39343001000.10852, B=39343001000.10845 |
| 最大相対誤差 | 6.135431e-14 (index 269414) |
| 最大相対誤差 index の値 | A=74474.01074841141, B=74474.01074841598 |
| Max BC A | index 272817, value 39343001000.108521 |
| Max BC B | index 272817, value 39343001000.108452 |
| 許容値 | rel_tol=1e-06, abs_tol=0.001 |
| 絶対許容のみ (abs_diff ≤ abs_tol) | OK |
| 混合許容 abs_diff ≤ abs_tol+rel_tol·max(\|a\|,\|b\|) 不一致要素数 | 0 |
| **総合判定** | **PASS** |

[CMP ] T-RESET vs T-NSEFF -> PASS (mismatch=0 max_abs=6.866455e-05 max_rel=6.135431e-14)

[written] /work/gj17/j17000/m5291091/lab/thesis_bc_project/build_miyabi/result_memory_diagnostic_20260713_012328_2369632.opbs/T-RESET__vs__old_b1024.md
# BC ベクトル数値比較: T-RESET vs old_b1024

- 入力A: `/work/gj17/j17000/m5291091/lab/thesis_bc_project/build_miyabi/result_memory_diagnostic_20260713_012328_2369632.opbs/T-RESET/vector.bc.tsv`  (header: impl=GPU_Opt graph=325557_3216152 nodes=325557)
  - SHA256: `95395d1c5cf4a0cd75af0a2ec078edb5770c3ac201fb6ecaca2118fc63b4ce28`
- 入力B: `/work/gj17/j17000/m5291091/lab/thesis_bc_project/build_miyabi/result_memory_correctness_20260712_220331_2368587.opbs/gpu_opt_b1024.bc.tsv`  (header: impl=GPU_Opt graph=325557_3216152 nodes=325557)
  - SHA256: `4a40a553a388ba2cb29d4ea366db979983fa398c55bb8a694882f260efd431cb`

- checkpoint_sha: 43d1cf5542f3234dddc93c88c5fdd72761f52271
- pbs_job_id: 2369632.opbs

| 項目 | 値 |
|:--|:--|
| ベクトル長 A | 325557 |
| ベクトル長 B | 325557 |
| 共通 index 数 | 325557 |
| 欠損 index 数 (A のみ) | 0 |
| 欠損 index 数 (B のみ) | 0 |
| 非有限値数 A | 0 |
| 非有限値詳細 A (vector A: T-RESET) | なし |
| 非有限値数 B | 0 |
| 非有限値詳細 B (vector B: old_b1024) | なし |
| 最大絶対誤差 | 8.583069e-06 (index 77617) |
| 最大絶対誤差 index の値 | A=7642710420.439617, B=7642710420.439626 |
| 最大相対誤差 | 4.321540e-14 (index 325328) |
| 最大相対誤差 index の値 | A=405422.7133861597, B=405422.7133861772 |
| Max BC A | index 272817, value 39343001000.108521 |
| Max BC B | index 272817, value 39343001000.108528 |
| 許容値 | rel_tol=1e-06, abs_tol=0.001 |
| 絶対許容のみ (abs_diff ≤ abs_tol) | OK |
| 混合許容 abs_diff ≤ abs_tol+rel_tol·max(\|a\|,\|b\|) 不一致要素数 | 0 |
| **総合判定** | **PASS** |

[CMP ] T-RESET vs old_b1024 -> PASS (mismatch=0 max_abs=8.583069e-06 max_rel=4.321540e-14)

[written] /work/gj17/j17000/m5291091/lab/thesis_bc_project/build_miyabi/result_memory_diagnostic_20260713_012328_2369632.opbs/T-NSEFF__vs__old_b1024.md
# BC ベクトル数値比較: T-NSEFF vs old_b1024

- 入力A: `/work/gj17/j17000/m5291091/lab/thesis_bc_project/build_miyabi/result_memory_diagnostic_20260713_012328_2369632.opbs/T-NSEFF/vector.bc.tsv`  (header: impl=GPU_Opt graph=325557_3216152 nodes=325557)
  - SHA256: `45edeb2c6b8dc65cbb98280f863407d146b2d2007d3f92b1668475713f759d35`
- 入力B: `/work/gj17/j17000/m5291091/lab/thesis_bc_project/build_miyabi/result_memory_correctness_20260712_220331_2368587.opbs/gpu_opt_b1024.bc.tsv`  (header: impl=GPU_Opt graph=325557_3216152 nodes=325557)
  - SHA256: `4a40a553a388ba2cb29d4ea366db979983fa398c55bb8a694882f260efd431cb`

- checkpoint_sha: 43d1cf5542f3234dddc93c88c5fdd72761f52271
- pbs_job_id: 2369632.opbs

| 項目 | 値 |
|:--|:--|
| ベクトル長 A | 325557 |
| ベクトル長 B | 325557 |
| 共通 index 数 | 325557 |
| 欠損 index 数 (A のみ) | 0 |
| 欠損 index 数 (B のみ) | 0 |
| 非有限値数 A | 0 |
| 非有限値詳細 A (vector A: T-NSEFF) | なし |
| 非有限値数 B | 0 |
| 非有限値詳細 B (vector B: old_b1024) | なし |
| 最大絶対誤差 | 7.629395e-05 (index 272817) |
| 最大絶対誤差 index の値 | A=39343001000.10845, B=39343001000.10853 |
| 最大相対誤差 | 6.252668e-14 (index 269414) |
| 最大相対誤差 index の値 | A=74474.01074841598, B=74474.01074841133 |
| Max BC A | index 272817, value 39343001000.108452 |
| Max BC B | index 272817, value 39343001000.108528 |
| 許容値 | rel_tol=1e-06, abs_tol=0.001 |
| 絶対許容のみ (abs_diff ≤ abs_tol) | OK |
| 混合許容 abs_diff ≤ abs_tol+rel_tol·max(\|a\|,\|b\|) 不一致要素数 | 0 |
| **総合判定** | **PASS** |

[CMP ] T-NSEFF vs old_b1024 -> PASS (mismatch=0 max_abs=7.629395e-05 max_rel=6.252668e-14)

[written] /work/gj17/j17000/m5291091/lab/thesis_bc_project/build_miyabi/result_memory_diagnostic_20260713_012328_2369632.opbs/CONTROL__vs__old_b9792.md
# BC ベクトル数値比較: CONTROL vs old_b9792

- 入力A: `/work/gj17/j17000/m5291091/lab/thesis_bc_project/build_miyabi/result_memory_diagnostic_20260713_012328_2369632.opbs/CONTROL/vector.bc.tsv`  (header: impl=GPU_Opt graph=325557_3216152 nodes=325557)
  - SHA256: `e4458d31c904d904d1b3f4e0c21bf35ee279324e64b39444e8cd1b44585fdede`
- 入力B: `/work/gj17/j17000/m5291091/lab/thesis_bc_project/build_miyabi/result_memory_correctness_20260712_220331_2368587.opbs/gpu_opt_b9792.bc.tsv`  (header: impl=GPU_Opt graph=325557_3216152 nodes=325557)
  - SHA256: `be8f52d32ac03cd495a08c5c6cd138fcdcec916a16830e62e7bc8d3c968d25c5`

- checkpoint_sha: 43d1cf5542f3234dddc93c88c5fdd72761f52271
- pbs_job_id: 2369632.opbs

| 項目 | 値 |
|:--|:--|
| ベクトル長 A | 325557 |
| ベクトル長 B | 325557 |
| 共通 index 数 | 325557 |
| 欠損 index 数 (A のみ) | 0 |
| 欠損 index 数 (B のみ) | 0 |
| 非有限値数 A | 0 |
| 非有限値詳細 A (vector A: CONTROL) | なし |
| 非有限値数 B | 0 |
| 非有限値詳細 B (vector B: old_b9792) | なし |
| 最大絶対誤差 | 5.486364e+00 (index 289277) |
| 最大絶対誤差 index の値 | A=41284037.72298334, B=41284043.20934694 |
| 最大相対誤差 | 2.230184e-06 (index 7954) |
| 最大相対誤差 index の値 | A=224196.7897792181, B=224196.2897792182 |
| Max BC A | index 272817, value 39343001000.108543 |
| Max BC B | index 272817, value 39343001000.108543 |
| 許容値 | rel_tol=1e-06, abs_tol=0.001 |
| 絶対許容のみ (abs_diff ≤ abs_tol) | WARN (超過; 巨大 magnitude で不適切な場合あり) |
| 混合許容 abs_diff ≤ abs_tol+rel_tol·max(\|a\|,\|b\|) 不一致要素数 | 6 |
| **総合判定** | **FAIL (混合許容で不一致 6 件)** |

[CMP ] CONTROL vs old_b9792 -> DIFF (mismatch=6 max_abs=5.486364e+00 max_rel=2.230184e-06)

[written] /work/gj17/j17000/m5291091/lab/thesis_bc_project/build_miyabi/result_memory_diagnostic_20260713_012328_2369632.opbs/T-RESET__vs__old_b9792.md
# BC ベクトル数値比較: T-RESET vs old_b9792

- 入力A: `/work/gj17/j17000/m5291091/lab/thesis_bc_project/build_miyabi/result_memory_diagnostic_20260713_012328_2369632.opbs/T-RESET/vector.bc.tsv`  (header: impl=GPU_Opt graph=325557_3216152 nodes=325557)
  - SHA256: `95395d1c5cf4a0cd75af0a2ec078edb5770c3ac201fb6ecaca2118fc63b4ce28`
- 入力B: `/work/gj17/j17000/m5291091/lab/thesis_bc_project/build_miyabi/result_memory_correctness_20260712_220331_2368587.opbs/gpu_opt_b9792.bc.tsv`  (header: impl=GPU_Opt graph=325557_3216152 nodes=325557)
  - SHA256: `be8f52d32ac03cd495a08c5c6cd138fcdcec916a16830e62e7bc8d3c968d25c5`

- checkpoint_sha: 43d1cf5542f3234dddc93c88c5fdd72761f52271
- pbs_job_id: 2369632.opbs

| 項目 | 値 |
|:--|:--|
| ベクトル長 A | 325557 |
| ベクトル長 B | 325557 |
| 共通 index 数 | 325557 |
| 欠損 index 数 (A のみ) | 0 |
| 欠損 index 数 (B のみ) | 0 |
| 非有限値数 A | 0 |
| 非有限値詳細 A (vector A: T-RESET) | なし |
| 非有限値数 B | 0 |
| 非有限値詳細 B (vector B: old_b9792) | なし |
| 最大絶対誤差 | 5.486364e+00 (index 289277) |
| 最大絶対誤差 index の値 | A=41284037.72298335, B=41284043.20934694 |
| 最大相対誤差 | 2.230184e-06 (index 7954) |
| 最大相対誤差 index の値 | A=224196.7897792182, B=224196.2897792182 |
| Max BC A | index 272817, value 39343001000.108521 |
| Max BC B | index 272817, value 39343001000.108543 |
| 許容値 | rel_tol=1e-06, abs_tol=0.001 |
| 絶対許容のみ (abs_diff ≤ abs_tol) | WARN (超過; 巨大 magnitude で不適切な場合あり) |
| 混合許容 abs_diff ≤ abs_tol+rel_tol·max(\|a\|,\|b\|) 不一致要素数 | 6 |
| **総合判定** | **FAIL (混合許容で不一致 6 件)** |

[CMP ] T-RESET vs old_b9792 -> DIFF (mismatch=6 max_abs=5.486364e+00 max_rel=2.230184e-06)

[written] /work/gj17/j17000/m5291091/lab/thesis_bc_project/build_miyabi/result_memory_diagnostic_20260713_012328_2369632.opbs/T-NSEFF__vs__old_b9792.md
# BC ベクトル数値比較: T-NSEFF vs old_b9792

- 入力A: `/work/gj17/j17000/m5291091/lab/thesis_bc_project/build_miyabi/result_memory_diagnostic_20260713_012328_2369632.opbs/T-NSEFF/vector.bc.tsv`  (header: impl=GPU_Opt graph=325557_3216152 nodes=325557)
  - SHA256: `45edeb2c6b8dc65cbb98280f863407d146b2d2007d3f92b1668475713f759d35`
- 入力B: `/work/gj17/j17000/m5291091/lab/thesis_bc_project/build_miyabi/result_memory_correctness_20260712_220331_2368587.opbs/gpu_opt_b9792.bc.tsv`  (header: impl=GPU_Opt graph=325557_3216152 nodes=325557)
  - SHA256: `be8f52d32ac03cd495a08c5c6cd138fcdcec916a16830e62e7bc8d3c968d25c5`

- checkpoint_sha: 43d1cf5542f3234dddc93c88c5fdd72761f52271
- pbs_job_id: 2369632.opbs

| 項目 | 値 |
|:--|:--|
| ベクトル長 A | 325557 |
| ベクトル長 B | 325557 |
| 共通 index 数 | 325557 |
| 欠損 index 数 (A のみ) | 0 |
| 欠損 index 数 (B のみ) | 0 |
| 非有限値数 A | 0 |
| 非有限値詳細 A (vector A: T-NSEFF) | なし |
| 非有限値数 B | 0 |
| 非有限値詳細 B (vector B: old_b9792) | なし |
| 最大絶対誤差 | 5.486364e+00 (index 289277) |
| 最大絶対誤差 index の値 | A=41284037.72298337, B=41284043.20934694 |
| 最大相対誤差 | 2.230184e-06 (index 7954) |
| 最大相対誤差 index の値 | A=224196.7897792178, B=224196.2897792182 |
| Max BC A | index 272817, value 39343001000.108452 |
| Max BC B | index 272817, value 39343001000.108543 |
| 許容値 | rel_tol=1e-06, abs_tol=0.001 |
| 絶対許容のみ (abs_diff ≤ abs_tol) | WARN (超過; 巨大 magnitude で不適切な場合あり) |
| 混合許容 abs_diff ≤ abs_tol+rel_tol·max(\|a\|,\|b\|) 不一致要素数 | 6 |
| **総合判定** | **FAIL (混合許容で不一致 6 件)** |

[CMP ] T-NSEFF vs old_b9792 -> DIFF (mismatch=6 max_abs=5.486364e+00 max_rel=2.230184e-06)

[written] /work/gj17/j17000/m5291091/lab/thesis_bc_project/build_miyabi/result_memory_diagnostic_20260713_012328_2369632.opbs/T-NSEFF__vs__old_chunk_b16384.md
# BC ベクトル数値比較: T-NSEFF vs old_chunk_b16384

- 入力A: `/work/gj17/j17000/m5291091/lab/thesis_bc_project/build_miyabi/result_memory_diagnostic_20260713_012328_2369632.opbs/T-NSEFF/vector.bc.tsv`  (header: impl=GPU_Opt graph=325557_3216152 nodes=325557)
  - SHA256: `45edeb2c6b8dc65cbb98280f863407d146b2d2007d3f92b1668475713f759d35`
- 入力B: `/work/gj17/j17000/m5291091/lab/thesis_bc_project/build_miyabi/result_memory_correctness_20260712_220331_2368587.opbs/gpu_opt_pure_chunked_b16384.bc.tsv`  (header: impl=GPU_Opt_Pure_Chunked graph=325557_3216152 nodes=325557)
  - SHA256: `618ffdc4108f0c24a148bc1aa2a18b83d14b48319cd18438f89196b40930a86d`

- checkpoint_sha: 43d1cf5542f3234dddc93c88c5fdd72761f52271
- pbs_job_id: 2369632.opbs

| 項目 | 値 |
|:--|:--|
| ベクトル長 A | 325557 |
| ベクトル長 B | 325557 |
| 共通 index 数 | 325557 |
| 欠損 index 数 (A のみ) | 0 |
| 欠損 index 数 (B のみ) | 0 |
| 非有限値数 A | 0 |
| 非有限値詳細 A (vector A: T-NSEFF) | なし |
| 非有限値数 B | 0 |
| 非有限値詳細 B (vector B: old_chunk_b16384) | なし |
| 最大絶対誤差 | 5.358586e+00 (index 289277) |
| 最大絶対誤差 index の値 | A=41284037.72298337, B=41284043.08156917 |
| 最大相対誤差 | 2.847745e-06 (index 95156) |
| 最大相対誤差 index の値 | A=21947.19184601125, B=21947.12934601126 |
| Max BC A | index 272817, value 39343001000.108452 |
| Max BC B | index 272817, value 39343001000.108582 |
| 許容値 | rel_tol=1e-06, abs_tol=0.001 |
| 絶対許容のみ (abs_diff ≤ abs_tol) | WARN (超過; 巨大 magnitude で不適切な場合あり) |
| 混合許容 abs_diff ≤ abs_tol+rel_tol·max(\|a\|,\|b\|) 不一致要素数 | 6 |
| **総合判定** | **FAIL (混合許容で不一致 6 件)** |

[CMP ] T-NSEFF vs old_chunk_b16384 -> DIFF (mismatch=6 max_abs=5.358586e+00 max_rel=2.847745e-06)
reset_status=RESET_NOT_DISTINGUISHED | nseff_status=NS_EFF_NOT_DISTINGUISHED | non_interference=verified_mismatch0
NOTE: diagnosis only; timings not performance; acquired results retained.
